Component: ARM Compiler 5.06 update 5 (build 528) Tool: armlink [4d35e2]

==============================================================================

Section Cross References

    sx1276.o(i.GetFskBandwidthRegValue) refers to sx1276.o(.constdata) for .constdata
    sx1276.o(i.RxChainCalibration) refers to sx1276.o(i.SX1276Read) for SX1276Read
    sx1276.o(i.RxChainCalibration) refers to sx1276.o(i.SX1276Write) for SX1276Write
    sx1276.o(i.RxChainCalibration) refers to sx1276.o(i.SX1276SetChannel) for SX1276SetChannel
    sx1276.o(i.SX1276BoardInit) refers to sx1276.o(.data) for .data
    sx1276.o(i.SX1276GetRadioWakeUpTime) refers to sx1276.o(.data) for .data
    sx1276.o(i.SX1276GetStatus) refers to sx1276.o(.bss) for .bss
    sx1276.o(i.SX1276GetTimeOnAir) refers to dfltui.o(.text) for __aeabi_ui2d
    sx1276.o(i.SX1276GetTimeOnAir) refers to sx1276.o(i.SX1276Read) for SX1276Read
    sx1276.o(i.SX1276GetTimeOnAir) refers to dadd.o(.text) for __aeabi_dadd
    sx1276.o(i.SX1276GetTimeOnAir) refers to dscalb.o(.text) for __ARM_scalbn
    sx1276.o(i.SX1276GetTimeOnAir) refers to ddiv.o(.text) for __aeabi_ddiv
    sx1276.o(i.SX1276GetTimeOnAir) refers to dmul.o(.text) for __aeabi_dmul
    sx1276.o(i.SX1276GetTimeOnAir) refers to round.o(i.round) for round
    sx1276.o(i.SX1276GetTimeOnAir) refers to dflti.o(.text) for __aeabi_i2d
    sx1276.o(i.SX1276GetTimeOnAir) refers to ceil.o(i.ceil) for ceil
    sx1276.o(i.SX1276GetTimeOnAir) refers to cdrcmple.o(.text) for __aeabi_cdrcmple
    sx1276.o(i.SX1276GetTimeOnAir) refers to floor.o(i.floor) for floor
    sx1276.o(i.SX1276GetTimeOnAir) refers to dfixui.o(.text) for __aeabi_d2uiz
    sx1276.o(i.SX1276GetTimeOnAir) refers to sx1276.o(.bss) for .bss
    sx1276.o(i.SX1276Init) refers to timeserver.o(i.TimerInit) for TimerInit
    sx1276.o(i.SX1276Init) refers to sx1276.o(i.SX1276Reset) for SX1276Reset
    sx1276.o(i.SX1276Init) refers to sx1276.o(i.RxChainCalibration) for RxChainCalibration
    sx1276.o(i.SX1276Init) refers to sx1276.o(i.SX1276SetOpMode) for SX1276SetOpMode
    sx1276.o(i.SX1276Init) refers to sx1276.o(i.SX1276SetModem) for SX1276SetModem
    sx1276.o(i.SX1276Init) refers to sx1276.o(i.SX1276Write) for SX1276Write
    sx1276.o(i.SX1276Init) refers to sx1276.o(.data) for .data
    sx1276.o(i.SX1276Init) refers to sx1276.o(i.SX1276OnTimeoutIrq) for SX1276OnTimeoutIrq
    sx1276.o(i.SX1276Init) refers to sx1276.o(.bss) for .bss
    sx1276.o(i.SX1276Init) refers to sx1276.o(.constdata) for .constdata
    sx1276.o(i.SX1276IsChannelFree) refers to sx1276.o(i.SX1276SetModem) for SX1276SetModem
    sx1276.o(i.SX1276IsChannelFree) refers to sx1276.o(i.SX1276SetChannel) for SX1276SetChannel
    sx1276.o(i.SX1276IsChannelFree) refers to sx1276.o(i.SX1276SetOpMode) for SX1276SetOpMode
    sx1276.o(i.SX1276IsChannelFree) refers to delay.o(i.DelayMs) for DelayMs
    sx1276.o(i.SX1276IsChannelFree) refers to timeserver.o(i.TimerGetCurrentTime) for TimerGetCurrentTime
    sx1276.o(i.SX1276IsChannelFree) refers to sx1276.o(i.SX1276ReadRssi) for SX1276ReadRssi
    sx1276.o(i.SX1276IsChannelFree) refers to timeserver.o(i.TimerGetElapsedTime) for TimerGetElapsedTime
    sx1276.o(i.SX1276IsChannelFree) refers to sx1276.o(i.SX1276SetSleep) for SX1276SetSleep
    sx1276.o(i.SX1276OnDio0Irq) refers to timeserver.o(i.TimerStop) for TimerStop
    sx1276.o(i.SX1276OnDio0Irq) refers to sx1276.o(i.SX1276Write) for SX1276Write
    sx1276.o(i.SX1276OnDio0Irq) refers to sx1276.o(i.SX1276Read) for SX1276Read
    sx1276.o(i.SX1276OnDio0Irq) refers to timeserver.o(i.TimerStart) for TimerStart
    sx1276.o(i.SX1276OnDio0Irq) refers to sx1276.o(i.SX1276ReadFifo) for SX1276ReadFifo
    sx1276.o(i.SX1276OnDio0Irq) refers to trace.o(i.TraceSend) for TraceSend
    sx1276.o(i.SX1276OnDio0Irq) refers to sx1276.o(.bss) for .bss
    sx1276.o(i.SX1276OnDio0Irq) refers to sx1276.o(.data) for .data
    sx1276.o(i.SX1276OnDio1Irq) refers to sx1276.o(i.SX1276WriteFifo) for SX1276WriteFifo
    sx1276.o(i.SX1276OnDio1Irq) refers to timeserver.o(i.TimerStop) for TimerStop
    sx1276.o(i.SX1276OnDio1Irq) refers to sx1276.o(i.SX1276Write) for SX1276Write
    sx1276.o(i.SX1276OnDio1Irq) refers to trace.o(i.TraceSend) for TraceSend
    sx1276.o(i.SX1276OnDio1Irq) refers to sx1276.o(i.SX1276Read) for SX1276Read
    sx1276.o(i.SX1276OnDio1Irq) refers to sx1276.o(i.SX1276ReadFifo) for SX1276ReadFifo
    sx1276.o(i.SX1276OnDio1Irq) refers to sx1276.o(.bss) for .bss
    sx1276.o(i.SX1276OnDio1Irq) refers to sx1276.o(.data) for .data
    sx1276.o(i.SX1276OnDio2Irq) refers to sx1276.o(i.SX1276Write) for SX1276Write
    sx1276.o(i.SX1276OnDio2Irq) refers to sx1276.o(i.SX1276Read) for SX1276Read
    sx1276.o(i.SX1276OnDio2Irq) refers to timeserver.o(i.TimerStop) for TimerStop
    sx1276.o(i.SX1276OnDio2Irq) refers to sx1276.o(.bss) for .bss
    sx1276.o(i.SX1276OnDio2Irq) refers to sx1276.o(.data) for .data
    sx1276.o(i.SX1276OnDio3Irq) refers to sx1276.o(i.SX1276Read) for SX1276Read
[...]
    Pitch_old                                0x200001d4   Data           4  main.o(.data)
    gps_latitude                             0x20000248   Data           4  main.o(.data)
    gps_longitude                            0x2000024c   Data           4  main.o(.data)
    longitude                                0x20000250   Data           4  main.o(.data)
    latitude                                 0x20000254   Data           4  main.o(.data)
    pitch                                    0x20000264   Data           4  main.o(.data)
    roll                                     0x20000268   Data           4  main.o(.data)
    yaw                                      0x2000026c   Data           4  main.o(.data)
    ax                                       0x20000270   Data           4  main.o(.data)
    ay                                       0x20000274   Data           4  main.o(.data)
    az                                       0x20000278   Data           4  main.o(.data)
    gx_old                                   0x2000027c   Data           4  main.o(.data)
    gy_old                                   0x20000280   Data           4  main.o(.data)
    gz_old                                   0x20000284   Data           4  main.o(.data)
    ax_old                                   0x20000288   Data           4  main.o(.data)
    ay_old                                   0x2000028c   Data           4  main.o(.data)
    az_old                                   0x20000290   Data           4  main.o(.data)
    mx_old                                   0x20000294   Data           4  main.o(.data)
    my_old                                   0x20000298   Data           4  main.o(.data)
    mz_old                                   0x2000029c   Data           4  main.o(.data)
    exti_flag                                0x200002c4   Data           4  main.o(.data)
    batteryLevel_mV                          0x200002c8   Data           2  main.o(.data)
    charRx                                   0x200002cc   Data           1  vcom.o(.data)
    set_sgm                                  0x200002dc   Data           4  at.o(.data)
    s_gm                                     0x200002e0   Data           4  at.o(.data)
    start                                    0x200002e4   Data           4  at.o(.data)
    s_timer                                  0x200002e8   Data           4  at.o(.data)
    Alarm_times                              0x20000385   Data           1  loramac.o(.data)
    Alarm_times1                             0x20000386   Data           1  loramac.o(.data)
    Restart                                  0x20000387   Data           1  loramac.o(.data)
    LoRaMacFlags                             0x200003a1   Data           1  loramac.o(.data)
    LoRaMacState                             0x200003bc   Data           4  loramac.o(.data)
    TxTimeOnAir                              0x200003c0   Data           4  loramac.o(.data)
    TracePeripheralReady                     0x20000424   Data           1  trace.o(.data)
    SX1276                                   0x2000052c   Data         104  sx1276.o(.bss)
    TxTimeoutTimer                           0x20000594   Data          20  sx1276.o(.bss)
    RxTimeoutTimer                           0x200005a8   Data          20  sx1276.o(.bss)
    RxTimeoutSyncWord                        0x200005bc   Data          20  sx1276.o(.bss)
    gps                                      0x200005dc   Data         708  gps.o(.bss)
    lasttime                                 0x200008a0   Data          20  gps.o(.bss)
    GPS_NEMA                                 0x200008b4   Data         726  gps.o(.bss)
    uart1                                    0x20000b8c   Data         112  bsp_usart2.o(.bss)
    pFlash                                   0x20000c38   Data          24  stm32l0xx_hal_flash.o(.bss)
    LoRaMacParams                            0x20001840   Data          56  loramac.o(.bss)
    LoRaMacParamsDefaults                    0x20001878   Data          56  loramac.o(.bss)
    __initial_sp                             0x20002140   Data           0  startup_stm32l072xx.o(STACK)



==============================================================================

Memory Map of the image

  Image Entry point : 0x080000c1

  Load Region LR_IROM1 (Base: 0x08000000, Size: 0x00012d88, Max: 0x00030000, ABSOLUTE, COMPRESSED[0x00012a44])

    Execution Region ER_IROM1 (Exec base: 0x08000000, Load base: 0x08000000, Size: 0x0001295c, Max: 0x00030000, ABSOLUTE)

    Exec Addr    Load Addr    Size         Type   Attr      Idx    E Section Name        Object

    0x08000000   0x08000000   0x000000c0   Data   RO         4697    RESET               startup_stm32l072xx.o
    0x080000c0   0x080000c0   0x00000000   Code   RO         9550  * .ARM.Collect$$$$00000000  mc_p.l(entry.o)
    0x080000c0   0x080000c0   0x00000004   Code   RO         9703    .ARM.Collect$$$$00000001  mc_p.l(entry2.o)
    0x080000c4   0x080000c4   0x00000004   Code   RO         9706    .ARM.Collect$$$$00000004  mc_p.l(entry5.o)
    0x080000c8   0x080000c8   0x00000000   Code   RO         9708    .ARM.Collect$$$$00000008  mc_p.l(entry7b.o)
    0x080000c8   0x080000c8   0x00000000   Code   RO         9710    .ARM.Collect$$$$0000000A  mc_p.l(entry8b.o)
    0x080000c8   0x080000c8   0x00000008   Code   RO         9711    .ARM.Collect$$$$0000000B  mc_p.l(entry9a.o)
    0x080000d0   0x080000d0   0x00000000   Code   RO         9713    .ARM.Collect$$$$0000000D  mc_p.l(entry10a.o)
    0x080000d0   0x080000d0   0x00000000   Code   RO         9715    .ARM.Collect$$$$0000000F  mc_p.l(entry11a.o)
    0x080000d0   0x080000d0   0x00000004   Code   RO         9704    .ARM.Collect$$$$00002712  mc_p.l(entry2.o)
    0x080000d4   0x080000d4   0x0000001c   Code   RO         4698    .text               startup_stm32l072xx.o
    0x080000f0   0x080000f0   0x0000002c   Code   RO         9553    .text               mc_p.l(uidiv.o)
    0x0800011c   0x0800011c   0x00000028   Code   RO         9555    .text               mc_p.l(idiv.o)
    0x08000144   0x08000144   0x00000060   Code   RO         9557    .text               mc_p.l(uldiv.o)
    0x080001a4   0x080001a4   0x0000007a   Code   RO         9559    .text               mc_p.l(llmul.o)
    0x0800021e   0x0800021e   0x0000000e   Code   RO         9561    .text               mc_p.l(isspace_c.o)
    0x0800022c   0x0800022c   0x00000024   Code   RO         9563    .text               mc_p.l(memcpya.o)
    0x08000250   0x08000250   0x00000024   Code   RO         9565    .text               mc_p.l(memseta.o)
    0x08000274   0x08000274   0x0000001a   Code   RO         9567    .text               mc_p.l(strncpy.o)
    0x0800028e   0x0800028e   0x0000000e   Code   RO         9569    .text               mc_p.l(strlen.o)
    0x0800029c   0x0800029c   0x0000001c   Code   RO         9571    .text               mc_p.l(strcmp.o)
    0x080002b8   0x080002b8   0x0000001e   Code   RO         9573    .text               mc_p.l(strncmp.o)
    0x080002d6   0x080002d6   0x00000014   Code   RO         9607    .text               mc_p.l(uread4.o)
    0x080002ea   0x080002ea   0x00000002   PAD
    0x080002ec   0x080002ec   0x0000003c   Code   RO         9609    .text               mc_p.l(__0sscanf.o)
    0x08000328   0x08000328   0x0000014a   Code   RO         9611    .text               mc_p.l(_scanf_int.o)
    0x08000472   0x08000472   0x000000b2   Code   RO         9613    .text               mf_p.l(fadd.o)
    0x08000524   0x08000524   0x0000007a   Code   RO         9615    .text               mf_p.l(fmul.o)
    0x0800059e   0x0800059e   0x0000007c   Code   RO         9617    .text               mf_p.l(fdiv.o)
    0x0800061a   0x0800061a   0x00000018   Code   RO         9619    .text               mf_p.l(fscalb.o)
    0x08000632   0x08000632   0x00000002   PAD
    0x08000634   0x08000634   0x00000164   Code   RO         9621    .text               mf_p.l(dadd.o)
    0x08000798   0x08000798   0x000000d0   Code   RO         9623    .text               mf_p.l(dmul.o)
    0x08000868   0x08000868   0x000000f0   Code   RO         9625    .text               mf_p.l(ddiv.o)
    0x08000958   0x08000958   0x0000002c   Code   RO         9627    .text               mf_p.l(dscalb.o)
    0x08000984   0x08000984   0x00000016   Code   RO         9629    .text               mf_p.l(fflti.o)
    0x0800099a   0x0800099a   0x0000000e   Code   RO         9631    .text               mf_p.l(ffltui.o)
    0x080009a8   0x080009a8   0x00000028   Code   RO         9633    .text               mf_p.l(dflti.o)
    0x080009d0   0x080009d0   0x0000001c   Code   RO         9635    .text               mf_p.l(dfltui.o)
    0x080009ec   0x080009ec   0x00000032   Code   RO         9637    .text               mf_p.l(ffixi.o)
    0x08000a1e   0x08000a1e   0x00000028   Code   RO         9639    .text               mf_p.l(ffixui.o)
    0x08000a46   0x08000a46   0x00000002   PAD
    0x08000a48   0x08000a48   0x00000048   Code   RO         9641    .text               mf_p.l(dfixi.o)
    0x08000a90   0x08000a90   0x0000003c   Code   RO         9643    .text               mf_p.l(dfixui.o)
    0x08000acc   0x08000acc   0x00000028   Code   RO         9645    .text               mf_p.l(f2d.o)
    0x08000af4   0x08000af4   0x00000028   Code   RO         9647    .text               mf_p.l(cdcmple.o)
    0x08000b1c   0x08000b1c   0x00000028   Code   RO         9649    .text               mf_p.l(cdrcmple.o)
    0x08000b44   0x08000b44   0x00000038   Code   RO         9651    .text               mf_p.l(d2f.o)
    0x08000b7c   0x08000b7c   0x00000020   Code   RO         9720    .text               mc_p.l(llshl.o)
    0x08000b9c   0x08000b9c   0x00000022   Code   RO         9722    .text               mc_p.l(llushr.o)
    0x08000bbe   0x08000bbe   0x00000026   Code   RO         9724    .text               mc_p.l(llsshr.o)
    0x08000be4   0x08000be4   0x00000024   Code   RO         9726    .text               mc_p.l(ctype_c.o)
    0x08000c08   0x08000c08   0x0000001e   Code   RO         9736    .text               mc_p.l(_chval.o)
    0x08000c26   0x08000c26   0x00000002   PAD
    0x08000c28   0x08000c28   0x0000002c   Code   RO         9738    .text               mc_p.l(scanf_char.o)
    0x08000c54   0x08000c54   0x00000044   Code   RO         9740    .text               mc_p.l(_sgetc.o)
    0x08000c98   0x08000c98   0x00000000   Code   RO         9742    .text               mc_p.l(iusefp.o)
    0x08000c98   0x08000c98   0x00000082   Code   RO         9743    .text               mf_p.l(fepilogue.o)
    0x08000d1a   0x08000d1a   0x0000003e   Code   RO         9745    .text               mf_p.l(frnd.o)
    0x08000d58   0x08000d58   0x000000be   Code   RO         9747    .text               mf_p.l(depilogue.o)
    0x08000e16   0x08000e16   0x000000a2   Code   RO         9751    .text               mf_p.l(dsqrt.o)
    0x08000eb8   0x08000eb8   0x0000007c   Code   RO         9753    .text               mf_p.l(drnd.o)
    0x08000f34   0x08000f34   0x00000040   Code   RO         9755    .text               mf_p.l(dfixul.o)
    0x08000f74   0x08000f74   0x00000024   Code   RO         9757    .text               mc_p.l(init.o)
    0x08000f98   0x08000f98   0x00000338   Code   RO         9760    .text               mc_p.l(_scanf.o)
    0x080012d0   0x080012d0   0x00000056   Code   RO         9771    .text               mc_p.l(__dczerorl2.o)
    0x08001326   0x08001326   0x00000002   PAD
    0x08001328   0x08001328   0x00000024   Code   RO         1914    i.ADC_DelayMicroSecond  stm32l0xx_hal_adc.o
    0x0800134c   0x0800134c   0x00000064   Code   RO         1916    i.ADC_Enable        stm32l0xx_hal_adc.o
    0x080013b0   0x080013b0   0x0000013c   Code   RO         9462    i.AES_CMAC_Final    cmac.o
    0x080014ec   0x080014ec   0x00000020   Code   RO         9463    i.AES_CMAC_Init     cmac.o
    0x0800150c   0x0800150c   0x00000010   Code   RO         9464    i.AES_CMAC_SetKey   cmac.o
    0x0800151c   0x0800151c   0x000000be   Code   RO         9465    i.AES_CMAC_Update   cmac.o
    0x080015da   0x080015da   0x00000002   PAD
    0x080015dc   0x080015dc   0x00000e00   Code   RO         5008    i.AHRSupdate        main.o
    0x080023dc   0x080023dc   0x00000098   Code   RO         8711    i.AddMacCommand     loramac.o
    0x08002474   0x08002474   0x00000048   Code   RO         4704    i.BSP_oil_float_Init  bsp.o
    0x080024bc   0x080024bc   0x00000034   Code   RO         4706    i.BSP_powerLED_Init  bsp.o
    0x080024f0   0x080024f0   0x00000034   Code   RO         4707    i.BSP_sensor_DeInit  bsp.o
    0x08002524   0x08002524   0x00000038   Code   RO         4708    i.BSP_sensor_Init   bsp.o
    0x0800255c   0x0800255c   0x0000005c   Code   RO         4709    i.BSP_sensor_Read   bsp.o
    0x080025b8   0x080025b8   0x00000018   Code   RO         6056    i.CMD_GetChar       command.o
    0x080025d0   0x080025d0   0x00000018   Code   RO         6057    i.CMD_Init          command.o
    0x080025e8   0x080025e8   0x00000054   Code   RO         6058    i.CMD_Process       command.o
    0x0800263c   0x0800263c   0x00000034   Code   RO         5009    i.CalYaw            main.o
    0x08002670   0x08002670   0x0000003c   Code   RO         8712    i.CalculateBackOff  loramac.o
    0x080026ac   0x080026ac   0x000001fc   Code   RO         9361    i.CircularQueue_Add  queue.o
    0x080028a8   0x080028a8   0x00000026   Code   RO         9363    i.CircularQueue_Init  queue.o
    0x080028ce   0x080028ce   0x00000002   PAD
    0x080028d0   0x080028d0   0x000000d0   Code   RO         9365    i.CircularQueue_Remove  queue.o
    0x080029a0   0x080029a0   0x000000a4   Code   RO         9366    i.CircularQueue_Sense  queue.o
    0x08002a44   0x08002a44   0x00000094   Code   RO         8360    i.CountNbOfEnabledChannels  regionus915.o
    0x08002ad8   0x08002ad8   0x00000034   Code   RO         5011    i.CountTurns        main.o
    0x08002b0c   0x08002b0c   0x00000060   Code   RO         4766    i.DBG_Init          debug.o
    0x08002b6c   0x08002b6c   0x00000008   Code   RO         5331    i.DMA1_Channel4_5_6_7_IRQHandler  stm32l0xx_it.o
    0x08002b74   0x08002b74   0x0000001e   Code   RO         2645    i.DMA_SetConfig     stm32l0xx_hal_dma.o
    0x08002b92   0x08002b92   0x00000008   Code   RO         9070    i.DelayMs           delay.o
    0x08002b9a   0x08002b9a   0x00000010   Code   RO         5333    i.EXTI0_1_IRQHandler  stm32l0xx_it.o
    0x08002baa   0x08002baa   0x00000010   Code   RO         5334    i.EXTI2_3_IRQHandler  stm32l0xx_it.o
    0x08002bba   0x08002bba   0x00000002   PAD
    0x08002bbc   0x08002bbc   0x00000074   Code   RO         5335    i.EXTI4_15_IRQHandler  stm32l0xx_it.o
    0x08002c30   0x08002c30   0x00000048   Code   RO         6716    i.EXTI4_15_IRQHandler_Config  exti_wakeup.o
    0x08002c78   0x08002c78   0x00000002   Code   RO         4767    i.Error_Handler     debug.o
    0x08002c7a   0x08002c7a   0x00000002   PAD
    0x08002c7c   0x08002c7c   0x0000002c   Code   RO         4495    i.FLASH_PageErase   stm32l0xx_hal_flash_ex.o
    0x08002ca8   0x08002ca8   0x00000090   Code   RO         4603    i.FLASH_SetErrorCode  stm32l0xx_hal_flash.o
    0x08002d38   0x08002d38   0x00000070   Code   RO         4604    i.FLASH_WaitForLastOperation  stm32l0xx_hal_flash.o
    0x08002da8   0x08002da8   0x00000050   Code   RO          426    i.FLASH_erase       flash_eraseprogram.o
    0x08002df8   0x08002df8   0x00000054   Code   RO          427    i.FLASH_program     flash_eraseprogram.o
    0x08002e4c   0x08002e4c   0x00000044   Code   RO          428    i.FLASH_program_on_addr  flash_eraseprogram.o
    0x08002e90   0x08002e90   0x00000010   Code   RO          429    i.FLASH_read        flash_eraseprogram.o
    0x08002ea0   0x08002ea0   0x00000088   Code   RO          471    i.GPS_DegreeToDMS   gps.o
    0x08002f28   0x08002f28   0x00000030   Code   RO          473    i.GPS_INFO_update   gps.o
    0x08002f58   0x08002f58   0x0000002c   Code   RO          474    i.GPS_INPUT         gps.o
    0x08002f84   0x08002f84   0x00000044   Code   RO          476    i.GPS_Run           gps.o
    0x08002fc8   0x08002fc8   0x00000050   Code   RO          478    i.GPS_doinit        gps.o
    0x08003018   0x08003018   0x00000068   Code   RO          479    i.GPS_init          gps.o
    0x08003080   0x08003080   0x000005b0   Code   RO          480    i.GPS_parse         gps.o
    0x08003630   0x08003630   0x00000058   Code   RO          481    i.GPS_usart         gps.o
    0x08003688   0x08003688   0x00000024   Code   RO         8361    i.GetBandwidth      regionus915.o
    0x080036ac   0x080036ac   0x0000002c   Code   RO            3    i.GetFskBandwidthRegValue  sx1276.o
    0x080036d8   0x080036d8   0x000000aa   Code   RO         3904    i.HAL_ADCEx_Calibration_Start  stm32l0xx_hal_adc_ex.o
    0x08003782   0x08003782   0x00000002   PAD
    0x08003784   0x08003784   0x00000094   Code   RO         1918    i.HAL_ADC_ConfigChannel  stm32l0xx_hal_adc.o
    0x08003818   0x08003818   0x00000006   Code   RO         1925    i.HAL_ADC_GetValue  stm32l0xx_hal_adc.o
    0x0800381e   0x0800381e   0x00000002   PAD
    0x08003820   0x08003820   0x000001c4   Code   RO         1927    i.HAL_ADC_Init      stm32l0xx_hal_adc.o
    0x080039e4   0x080039e4   0x00000002   Code   RO         1930    i.HAL_ADC_MspInit   stm32l0xx_hal_adc.o
    0x080039e6   0x080039e6   0x000000be   Code   RO         1931    i.HAL_ADC_PollForConversion  stm32l0xx_hal_adc.o
    0x08003aa4   0x08003aa4   0x0000005c   Code   RO         1933    i.HAL_ADC_Start     stm32l0xx_hal_adc.o
    0x08003b00   0x08003b00   0x00000010   Code   RO         2318    i.HAL_DBGMCU_DisableDBGSleepMode  stm32l0xx_hal.o
    0x08003b10   0x08003b10   0x00000010   Code   RO         2319    i.HAL_DBGMCU_DisableDBGStandbyMode  stm32l0xx_hal.o
    0x08003b20   0x08003b20   0x00000010   Code   RO         2320    i.HAL_DBGMCU_DisableDBGStopMode  stm32l0xx_hal.o
    0x08003b30   0x08003b30   0x00000098   Code   RO         2647    i.HAL_DMA_Abort_IT  stm32l0xx_hal_dma.o
    0x08003bc8   0x08003bc8   0x00000280   Code   RO         2651    i.HAL_DMA_IRQHandler  stm32l0xx_hal_dma.o
    0x08003e48   0x08003e48   0x00000108   Code   RO         2652    i.HAL_DMA_Init      stm32l0xx_hal_dma.o
    0x08003f50   0x08003f50   0x0000004e   Code   RO         2655    i.HAL_DMA_Start_IT  stm32l0xx_hal_dma.o
    0x08003f9e   0x08003f9e   0x0000000a   Code   RO         5163    i.HAL_Delay         stm32l0xx_hal_msp.o
    0x08003fa8   0x08003fa8   0x00000078   Code   RO         4504    i.HAL_FLASHEx_Erase  stm32l0xx_hal_flash_ex.o
    0x08004020   0x08004020   0x00000014   Code   RO         4608    i.HAL_FLASH_Lock    stm32l0xx_hal_flash.o
    0x08004034   0x08004034   0x0000003c   Code   RO         4613    i.HAL_FLASH_Program  stm32l0xx_hal_flash.o
    0x08004070   0x08004070   0x0000003c   Code   RO         4615    i.HAL_FLASH_Unlock  stm32l0xx_hal_flash.o
    0x080040ac   0x080040ac   0x00000030   Code   RO         5164    i.HAL_GPIO_EXTI_Callback  stm32l0xx_hal_msp.o
    0x080040dc   0x080040dc   0x00000018   Code   RO         2585    i.HAL_GPIO_EXTI_IRQHandler  stm32l0xx_hal_gpio.o
    0x080040f4   0x080040f4   0x00000184   Code   RO         2586    i.HAL_GPIO_Init     stm32l0xx_hal_gpio.o
    0x08004278   0x08004278   0x0000000a   Code   RO         2588    i.HAL_GPIO_ReadPin  stm32l0xx_hal_gpio.o
    0x08004282   0x08004282   0x0000000c   Code   RO         2590    i.HAL_GPIO_WritePin  stm32l0xx_hal_gpio.o
    0x0800428e   0x0800428e   0x00000002   PAD
    0x08004290   0x08004290   0x0000000c   Code   RO         2329    i.HAL_GetTick       stm32l0xx_hal.o
    0x0800429c   0x0800429c   0x00000010   Code   RO         2330    i.HAL_IncTick       stm32l0xx_hal.o
    0x080042ac   0x080042ac   0x00000020   Code   RO         2331    i.HAL_Init          stm32l0xx_hal.o
    0x080042cc   0x080042cc   0x00000004   Code   RO         5165    i.HAL_InitTick      stm32l0xx_hal_msp.o
    0x080042d0   0x080042d0   0x0000002c   Code   RO         5166    i.HAL_MspInit       stm32l0xx_hal_msp.o
    0x080042fc   0x080042fc   0x00000014   Code   RO         2486    i.HAL_NVIC_EnableIRQ  stm32l0xx_hal_cortex.o
    0x08004310   0x08004310   0x00000008   Code   RO         2490    i.HAL_NVIC_SetPriority  stm32l0xx_hal_cortex.o
    0x08004318   0x08004318   0x00000010   Code   RO         2843    i.HAL_PWREx_EnableFastWakeUp  stm32l0xx_hal_pwr_ex.o
    0x08004328   0x08004328   0x00000010   Code   RO         2845    i.HAL_PWREx_EnableUltraLowPower  stm32l0xx_hal_pwr_ex.o
    0x08004338   0x08004338   0x00000010   Code   RO         2727    i.HAL_PWR_DisablePVD  stm32l0xx_hal_pwr.o
    0x08004348   0x08004348   0x00000030   Code   RO         2736    i.HAL_PWR_EnterSLEEPMode  stm32l0xx_hal_pwr.o
    0x08004378   0x08004378   0x00000034   Code   RO         2738    i.HAL_PWR_EnterSTOPMode  stm32l0xx_hal_pwr.o
    0x080043ac   0x080043ac   0x000001c0   Code   RO         2203    i.HAL_RCCEx_GetPeriphCLKFreq  stm32l0xx_hal_rcc_ex.o
    0x0800456c   0x0800456c   0x0000018c   Code   RO         2206    i.HAL_RCCEx_PeriphCLKConfig  stm32l0xx_hal_rcc_ex.o
    0x080046f8   0x080046f8   0x00000168   Code   RO         2092    i.HAL_RCC_ClockConfig  stm32l0xx_hal_rcc.o
    0x08004860   0x08004860   0x00000020   Code   RO         2098    i.HAL_RCC_GetPCLK1Freq  stm32l0xx_hal_rcc.o
    0x08004880   0x08004880   0x00000020   Code   RO         2099    i.HAL_RCC_GetPCLK2Freq  stm32l0xx_hal_rcc.o
    0x080048a0   0x080048a0   0x00000078   Code   RO         2100    i.HAL_RCC_GetSysClockFreq  stm32l0xx_hal_rcc.o
    0x08004918   0x08004918   0x0000045c   Code   RO         2103    i.HAL_RCC_OscConfig  stm32l0xx_hal_rcc.o
    0x08004d74   0x08004d74   0x0000003c   Code   RO         3038    i.HAL_RTCEx_EnableBypassShadow  stm32l0xx_hal_rtc_ex.o
    0x08004db0   0x08004db0   0x00000008   Code   RO         5167    i.HAL_RTC_AlarmAEventCallback  stm32l0xx_hal_msp.o
    0x08004db8   0x08004db8   0x000000b8   Code   RO         2899    i.HAL_RTC_DeactivateAlarm  stm32l0xx_hal_rtc.o
    0x08004e70   0x08004e70   0x00000044   Code   RO         2901    i.HAL_RTC_GetDate   stm32l0xx_hal_rtc.o
    0x08004eb4   0x08004eb4   0x0000005c   Code   RO         2903    i.HAL_RTC_GetTime   stm32l0xx_hal_rtc.o
    0x08004f10   0x08004f10   0x000000a4   Code   RO         2904    i.HAL_RTC_Init      stm32l0xx_hal_rtc.o
    0x08004fb4   0x08004fb4   0x0000005c   Code   RO         5169    i.HAL_RTC_MspInit   stm32l0xx_hal_msp.o
    0x08005010   0x08005010   0x000001a0   Code   RO         2909    i.HAL_RTC_SetAlarm_IT  stm32l0xx_hal_rtc.o
    0x080051b0   0x080051b0   0x000000cc   Code   RO         2910    i.HAL_RTC_SetDate   stm32l0xx_hal_rtc.o
    0x0800527c   0x0800527c   0x000000f0   Code   RO         2911    i.HAL_RTC_SetTime   stm32l0xx_hal_rtc.o
    0x0800536c   0x0800536c   0x00000034   Code   RO         2912    i.HAL_RTC_WaitForSynchro  stm32l0xx_hal_rtc.o
    0x080053a0   0x080053a0   0x00000084   Code   RO         1341    i.HAL_SPI_Init      stm32l0xx_hal_spi.o
    0x08005424   0x08005424   0x00000002   Code   RO         1343    i.HAL_SPI_MspInit   stm32l0xx_hal_spi.o
    0x08005426   0x08005426   0x000002b8   Code   RO         1350    i.HAL_SPI_TransmitReceive  stm32l0xx_hal_spi.o
    0x080056de   0x080056de   0x0000002a   Code   RO         3963    i.HAL_UARTEx_EnableStopMode  stm32l0xx_hal_uart_ex.o
    0x08005708   0x08005708   0x00000098   Code   RO         3964    i.HAL_UARTEx_StopModeWakeUpSourceConfig  stm32l0xx_hal_uart_ex.o
    0x080057a0   0x080057a0   0x00000002   Code   RO         3965    i.HAL_UARTEx_WakeupCallback  stm32l0xx_hal_uart_ex.o
    0x080057a2   0x080057a2   0x00000002   Code   RO         1590    i.HAL_UART_ErrorCallback  stm32l0xx_hal_uart.o
    0x080057a4   0x080057a4   0x00000144   Code   RO         1593    i.HAL_UART_IRQHandler  stm32l0xx_hal_uart.o
    0x080058e8   0x080058e8   0x0000006c   Code   RO         1594    i.HAL_UART_Init     stm32l0xx_hal_uart.o
    0x08005954   0x08005954   0x000000b4   Code   RO         5439    i.HAL_UART_MspInit  vcom.o
    0x08005a08   0x08005a08   0x000000a0   Code   RO         1599    i.HAL_UART_Receive_IT  stm32l0xx_hal_uart.o
    0x08005aa8   0x08005aa8   0x00000028   Code   RO         5440    i.HAL_UART_RxCpltCallback  vcom.o
    0x08005ad0   0x08005ad0   0x00000098   Code   RO         1603    i.HAL_UART_Transmit_DMA  stm32l0xx_hal_uart.o
    0x08005b68   0x08005b68   0x00000010   Code   RO         5441    i.HAL_UART_TxCpltCallback  vcom.o
    0x08005b78   0x08005b78   0x00000002   Code   RO         1606    i.HAL_UART_TxHalfCpltCallback  stm32l0xx_hal_uart.o
    0x08005b7a   0x08005b7a   0x00000002   PAD
    0x08005b7c   0x08005b7c   0x0000005c   Code   RO         5226    i.HW_AdcInit        stm32l0xx_hw.o
    0x08005bd8   0x08005bd8   0x00000094   Code   RO         5227    i.HW_AdcReadChannel  stm32l0xx_hw.o
    0x08005c6c   0x08005c6c   0x00000038   Code   RO         4792    i.HW_GPIO_GetBitPos  hw_gpio.o
    0x08005ca4   0x08005ca4   0x00000054   Code   RO         4793    i.HW_GPIO_Init      hw_gpio.o
    0x08005cf8   0x08005cf8   0x00000018   Code   RO         4794    i.HW_GPIO_IrqHandler  hw_gpio.o
    0x08005d10   0x08005d10   0x0000003c   Code   RO         4796    i.HW_GPIO_SetIrq    hw_gpio.o
    0x08005d4c   0x08005d4c   0x0000000a   Code   RO         4797    i.HW_GPIO_Write     hw_gpio.o
    0x08005d56   0x08005d56   0x00000002   PAD
    0x08005d58   0x08005d58   0x0000005c   Code   RO         5229    i.HW_GetBatteryLevel  stm32l0xx_hw.o
    0x08005db4   0x08005db4   0x00000014   Code   RO         5230    i.HW_GetRandomSeed  stm32l0xx_hw.o
    0x08005dc8   0x08005dc8   0x00000058   Code   RO         5231    i.HW_GetTemperatureLevel  stm32l0xx_hw.o
    0x08005e20   0x08005e20   0x00000044   Code   RO         5232    i.HW_GetUniqueId    stm32l0xx_hw.o
    0x08005e64   0x08005e64   0x00000034   Code   RO         5234    i.HW_Init           stm32l0xx_hw.o
    0x08005e98   0x08005e98   0x00000026   Code   RO         4843    i.HW_RTC_DelayMs    hw_rtc.o
    0x08005ebe   0x08005ebe   0x00000002   PAD
    0x08005ec0   0x08005ec0   0x000000a4   Code   RO         4844    i.HW_RTC_GetCalendarValue  hw_rtc.o
    0x08005f64   0x08005f64   0x00000004   Code   RO         4845    i.HW_RTC_GetMinimumTimeout  hw_rtc.o
    0x08005f68   0x08005f68   0x0000000c   Code   RO         4846    i.HW_RTC_GetTimerContext  hw_rtc.o
    0x08005f74   0x08005f74   0x0000001c   Code   RO         4847    i.HW_RTC_GetTimerElapsedTime  hw_rtc.o
    0x08005f90   0x08005f90   0x00000010   Code   RO         4848    i.HW_RTC_GetTimerValue  hw_rtc.o
    0x08005fa0   0x08005fa0   0x0000002c   Code   RO         4849    i.HW_RTC_Init       hw_rtc.o
    0x08005fcc   0x08005fcc   0x0000003c   Code   RO         4850    i.HW_RTC_IrqHandler  hw_rtc.o
    0x08006008   0x08006008   0x0000003c   Code   RO         4851    i.HW_RTC_SetAlarm   hw_rtc.o
    0x08006044   0x08006044   0x00000060   Code   RO         4852    i.HW_RTC_SetConfig  hw_rtc.o
    0x080060a4   0x080060a4   0x00000018   Code   RO         4853    i.HW_RTC_SetTimerContext  hw_rtc.o
    0x080060bc   0x080060bc   0x00000118   Code   RO         4854    i.HW_RTC_StartWakeUpAlarm  hw_rtc.o
    0x080061d4   0x080061d4   0x00000020   Code   RO         4855    i.HW_RTC_StopAlarm  hw_rtc.o
    0x080061f4   0x080061f4   0x00000010   Code   RO         4856    i.HW_RTC_Tick2ms    hw_rtc.o
    0x08006204   0x08006204   0x00000010   Code   RO         4858    i.HW_RTC_ms2Tick    hw_rtc.o
    0x08006214   0x08006214   0x00000020   Code   RO         4963    i.HW_SPI_InOut      hw_spi.o
    0x08006234   0x08006234   0x00000084   Code   RO         4964    i.HW_SPI_Init       hw_spi.o
    0x080062b8   0x080062b8   0x00000074   Code   RO         4965    i.HW_SPI_IoDeInit   hw_spi.o
    0x0800632c   0x0800632c   0x0000005c   Code   RO         4966    i.HW_SPI_IoInit     hw_spi.o
    0x08006388   0x08006388   0x00000004   Code   RO         5336    i.HardFault_Handler  stm32l0xx_it.o
    0x0800638c   0x0800638c   0x00000040   Code   RO          799    i.IIC_Ack           iic.o
    0x080063cc   0x080063cc   0x0000000e   Code   RO          800    i.IIC_Delay         iic.o
    0x080063da   0x080063da   0x00000002   PAD
    0x080063dc   0x080063dc   0x00000038   Code   RO          801    i.IIC_GPIO_MODE_Config  iic.o
    0x08006414   0x08006414   0x00000040   Code   RO          802    i.IIC_NAck          iic.o
    0x08006454   0x08006454   0x00000060   Code   RO          803    i.IIC_ReadByte      iic.o
    0x080064b4   0x080064b4   0x00000068   Code   RO          804    i.IIC_SendByte      iic.o
    0x0800651c   0x0800651c   0x00000044   Code   RO          805    i.IIC_Start         iic.o
    0x08006560   0x08006560   0x00000042   Code   RO          806    i.IIC_Stop          iic.o
    0x080065a2   0x080065a2   0x0000005c   Code   RO          807    i.IIC_WaitAck       iic.o
    0x080065fe   0x080065fe   0x00000002   PAD
    0x08006600   0x08006600   0x00000044   Code   RO         5012    i.LORA_ConfirmClass  main.o
    0x08006644   0x08006644   0x0000000c   Code   RO         6113    i.LORA_GPS          lora.o
    0x08006650   0x08006650   0x0000000c   Code   RO         6114    i.LORA_GPS_MPU      lora.o
    0x0800665c   0x0800665c   0x0000006c   Code   RO         5013    i.LORA_HasJoined    main.o
    0x080066c8   0x080066c8   0x00000178   Code   RO         6116    i.LORA_Init         lora.o
    0x08006840   0x08006840   0x00000098   Code   RO         6117    i.LORA_Join         lora.o
    0x080068d8   0x080068d8   0x00000018   Code   RO         6118    i.LORA_JoinStatus   lora.o
    0x080068f0   0x080068f0   0x00000064   Code   RO         6119    i.LORA_RequestClass  lora.o
    0x08006954   0x08006954   0x00000320   Code   RO         5014    i.LORA_RxData       main.o
    0x08006c74   0x08006c74   0x0000007c   Code   RO         6121    i.LORA_send         lora.o
    0x08006cf0   0x08006cf0   0x0000007c   Code   RO          694    i.LPF2pApply_1      filter.o
    0x08006d6c   0x08006d6c   0x0000007c   Code   RO          695    i.LPF2pApply_2      filter.o
    0x08006de8   0x08006de8   0x0000007c   Code   RO          696    i.LPF2pApply_3      filter.o
    0x08006e64   0x08006e64   0x000000c4   Code   RO          700    i.LPF2pSetCutoffFreq_1  filter.o
    0x08006f28   0x08006f28   0x000000c4   Code   RO          701    i.LPF2pSetCutoffFreq_2  filter.o
    0x08006fec   0x08006fec   0x000000c4   Code   RO          702    i.LPF2pSetCutoffFreq_3  filter.o
    0x080070b0   0x080070b0   0x000000c4   Code   RO          703    i.LPF2pSetCutoffFreq_4  filter.o
    0x08007174   0x08007174   0x000000c4   Code   RO          704    i.LPF2pSetCutoffFreq_5  filter.o
    0x08007238   0x08007238   0x000000c4   Code   RO          705    i.LPF2pSetCutoffFreq_6  filter.o
    0x080072fc   0x080072fc   0x00000034   Code   RO         9095    i.LPM_EnterLowPower  low_power_manager.o
    0x08007330   0x08007330   0x00000002   Code   RO         9096    i.LPM_EnterOffMode  low_power_manager.o
    0x08007332   0x08007332   0x0000000c   Code   RO         5235    i.LPM_EnterSleepMode  stm32l0xx_hw.o
    0x0800733e   0x0800733e   0x00000002   PAD
    0x08007340   0x08007340   0x00000044   Code   RO         5236    i.LPM_EnterStopMode  stm32l0xx_hw.o
    0x08007384   0x08007384   0x00000002   Code   RO         9099    i.LPM_ExitOffMode   low_power_manager.o
    0x08007386   0x08007386   0x00000002   Code   RO         9100    i.LPM_ExitSleepMode  low_power_manager.o
    0x08007388   0x08007388   0x00000054   Code   RO         5237    i.LPM_ExitStopMode  stm32l0xx_hw.o
    0x080073dc   0x080073dc   0x00000028   Code   RO         9102    i.LPM_GetMode       low_power_manager.o
    0x08007404   0x08007404   0x00000028   Code   RO         9103    i.LPM_SetOffMode    low_power_manager.o
    0x0800742c   0x0800742c   0x00000028   Code   RO         9104    i.LPM_SetStopMode   low_power_manager.o
    0x08007454   0x08007454   0x00000032   Code   RO         8362    i.LimitTxPower      regionus915.o
    0x08007486   0x08007486   0x00000002   PAD
    0x08007488   0x08007488   0x0000007c   Code   RO         8953    i.LoRaMacComputeMic  loramaccrypto.o
    0x08007504   0x08007504   0x00000234   Code   RO         8715    i.LoRaMacInitialization  loramac.o
    0x08007738   0x08007738   0x00000048   Code   RO         8954    i.LoRaMacJoinComputeMic  loramaccrypto.o
    0x08007780   0x08007780   0x00000088   Code   RO         8955    i.LoRaMacJoinComputeSKeys  loramaccrypto.o
    0x08007808   0x08007808   0x00000040   Code   RO         8956    i.LoRaMacJoinDecrypt  loramaccrypto.o
    0x08007848   0x08007848   0x0000012c   Code   RO         8716    i.LoRaMacMcpsRequest  loramac.o
    0x08007974   0x08007974   0x000000f8   Code   RO         8717    i.LoRaMacMibGetRequestConfirm  loramac.o
    0x08007a6c   0x08007a6c   0x0000026c   Code   RO         8718    i.LoRaMacMibSetRequestConfirm  loramac.o
    0x08007cd8   0x08007cd8   0x00000138   Code   RO         8719    i.LoRaMacMlmeRequest  loramac.o
    0x08007e10   0x08007e10   0x00000010   Code   RO         8957    i.LoRaMacPayloadDecrypt  loramaccrypto.o
    0x08007e20   0x08007e20   0x000000c0   Code   RO         8958    i.LoRaMacPayloadEncrypt  loramaccrypto.o
    0x08007ee0   0x08007ee0   0x000000b8   Code   RO         8722    i.LoRaMacQueryTxPossible  loramac.o
    0x08007f98   0x08007f98   0x00000020   Code   RO         8725    i.LoRaMacTestSetDutyCycleOn  loramac.o
    0x08007fb8   0x08007fb8   0x000000b4   Code   RO          883    i.MPU_Get_Accel     mpu9250.o
    0x0800806c   0x0800806c   0x00000038   Code   RO          884    i.MPU_Get_Accelerometer  mpu9250.o
    0x080080a4   0x080080a4   0x000000f0   Code   RO          890    i.MPU_Init          mpu9250.o
    0x08008194   0x08008194   0x00000040   Code   RO          891    i.MPU_Read_Byte     mpu9250.o
    0x080081d4   0x080081d4   0x00000064   Code   RO          892    i.MPU_Read_Len      mpu9250.o
    0x08008238   0x08008238   0x00000010   Code   RO          893    i.MPU_Set_Accel_Fsr  mpu9250.o
    0x08008248   0x08008248   0x00000012   Code   RO          894    i.MPU_Set_Gyro_Fsr  mpu9250.o
    0x0800825a   0x0800825a   0x00000036   Code   RO          895    i.MPU_Set_LPF       mpu9250.o
    0x08008290   0x08008290   0x00000030   Code   RO          896    i.MPU_Set_Rate      mpu9250.o
    0x080082c0   0x080082c0   0x00000044   Code   RO          897    i.MPU_Write_Byte    mpu9250.o
    0x08008304   0x08008304   0x00000030   Code   RO         5170    i.MSP_GetIRQn       stm32l0xx_hal_msp.o
    0x08008334   0x08008334   0x00000002   Code   RO         6122    i.McpsConfirm       lora.o
    0x08008336   0x08008336   0x00000002   PAD
    0x08008338   0x08008338   0x00000058   Code   RO         6123    i.McpsIndication    lora.o
    0x08008390   0x08008390   0x00000040   Code   RO         6124    i.MlmeConfirm       lora.o
    0x080083d0   0x080083d0   0x00000002   Code   RO         5338    i.NMI_Handler       stm32l0xx_it.o
    0x080083d2   0x080083d2   0x00000002   PAD
    0x080083d4   0x080083d4   0x00000044   Code   RO         2496    i.NVIC_SetPriority  stm32l0xx_hal_cortex.o
    0x08008418   0x08008418   0x0000001c   Code   RO         5015    i.NVIC_SystemReset  main.o
    0x08008434   0x08008434   0x0000001c   Code   RO         5528    i.NVIC_SystemReset  at.o
    0x08008450   0x08008450   0x00000038   Code   RO         8727    i.OnAckTimeoutTimerEvent  loramac.o
    0x08008488   0x08008488   0x00000008   Code   RO         9012    i.OnCertifTxNextPacketTimerEvent  lora-test.o
    0x08008490   0x08008490   0x00000278   Code   RO         8728    i.OnMacStateCheckTimerEvent  loramac.o
    0x08008708   0x08008708   0x000004d4   Code   RO         8729    i.OnRadioRxDone     loramac.o
    0x08008bdc   0x08008bdc   0x00000060   Code   RO         8730    i.OnRadioRxError    loramac.o
    0x08008c3c   0x08008c3c   0x00000068   Code   RO         8731    i.OnRadioRxTimeout  loramac.o
    0x08008ca4   0x08008ca4   0x000000ec   Code   RO         8732    i.OnRadioTxDone     loramac.o
    0x08008d90   0x08008d90   0x0000003c   Code   RO         8733    i.OnRadioTxTimeout  loramac.o
    0x08008dcc   0x08008dcc   0x00000060   Code   RO         8734    i.OnRxWindow1TimerEvent  loramac.o
    0x08008e2c   0x08008e2c   0x0000005c   Code   RO         8735    i.OnRxWindow2TimerEvent  loramac.o
    0x08008e88   0x08008e88   0x00000070   Code   RO         8736    i.OnTxDelayedTimerEvent  loramac.o
    0x08008ef8   0x08008ef8   0x00000038   Code   RO         5016    i.OnTxTimerEvent    main.o
    0x08008f30   0x08008f30   0x00000018   Code   RO          483    i.POWER_ON          gps.o
    0x08008f48   0x08008f48   0x00000054   Code   RO         8737    i.ParseMacCommandsToRepeat  loramac.o
    0x08008f9c   0x08008f9c   0x00000002   Code   RO         5339    i.PendSV_Handler    stm32l0xx_it.o
    0x08008f9e   0x08008f9e   0x00000002   PAD
    0x08008fa0   0x08008fa0   0x00000280   Code   RO         8738    i.PrepareFrame      loramac.o
    0x08009220   0x08009220   0x0000003c   Code   RO         8739    i.PrepareRxDoneAbort  loramac.o
    0x0800925c   0x0800925c   0x000002b8   Code   RO         8740    i.ProcessMacCommands  loramac.o
    0x08009514   0x08009514   0x00000070   Code   RO         2104    i.RCC_SetFlashLatencyFromMSIRange  stm32l0xx_hal_rcc.o
    0x08009584   0x08009584   0x00000008   Code   RO         5340    i.RNG_LPUART1_IRQHandler  stm32l0xx_it.o
    0x0800958c   0x0800958c   0x00000010   Code   RO         2913    i.RTC_Bcd2ToByte    stm32l0xx_hal_rtc.o
    0x0800959c   0x0800959c   0x00000016   Code   RO         2914    i.RTC_ByteToBcd2    stm32l0xx_hal_rtc.o
    0x080095b2   0x080095b2   0x00000038   Code   RO         2915    i.RTC_EnterInitMode  stm32l0xx_hal_rtc.o
    0x080095ea   0x080095ea   0x00000008   Code   RO         5341    i.RTC_IRQHandler    stm32l0xx_it.o
    0x080095f2   0x080095f2   0x00000002   PAD
    0x080095f4   0x080095f4   0x000001dc   Code   RO         6125    i.Read_Config       lora.o
    0x080097d0   0x080097d0   0x0000001e   Code   RO         6742    i.RegionAdrNext     region.o
    0x080097ee   0x080097ee   0x00000012   Code   RO         6743    i.RegionAlternateDr  region.o
    0x08009800   0x08009800   0x0000000e   Code   RO         6744    i.RegionApplyCFList  region.o
    0x0800980e   0x0800980e   0x0000001a   Code   RO         6745    i.RegionApplyDrOffset  region.o
    0x08009828   0x08009828   0x0000000e   Code   RO         6746    i.RegionCalcBackOff  region.o
    0x08009836   0x08009836   0x00000012   Code   RO         6747    i.RegionChanMaskSet  region.o
    0x08009848   0x08009848   0x0000005c   Code   RO         7580    i.RegionCommonCalcBackOff  regioncommon.o
    0x080098a4   0x080098a4   0x00000026   Code   RO         7581    i.RegionCommonChanDisable  regioncommon.o
    0x080098ca   0x080098ca   0x0000001e   Code   RO         7582    i.RegionCommonChanMaskCopy  regioncommon.o
    0x080098e8   0x080098e8   0x00000060   Code   RO         7583    i.RegionCommonChanVerifyDr  regioncommon.o
    0x08009948   0x08009948   0x00000090   Code   RO         7584    i.RegionCommonComputeRxWindowParameters  regioncommon.o
    0x080099d8   0x080099d8   0x0000002c   Code   RO         7586    i.RegionCommonComputeSymbolTimeLoRa  regioncommon.o
    0x08009a04   0x08009a04   0x00000028   Code   RO         7587    i.RegionCommonComputeTxPower  regioncommon.o
    0x08009a2c   0x08009a2c   0x00000044   Code   RO         7588    i.RegionCommonCountChannels  regioncommon.o
    0x08009a70   0x08009a70   0x00000028   Code   RO         7589    i.RegionCommonGetJoinDc  regioncommon.o
    0x08009a98   0x08009a98   0x00000098   Code   RO         7590    i.RegionCommonLinkAdrReqVerifyParams  regioncommon.o
    0x08009b30   0x08009b30   0x00000036   Code   RO         7591    i.RegionCommonParseLinkAdrReq  regioncommon.o
    0x08009b66   0x08009b66   0x0000000a   Code   RO         7592    i.RegionCommonSetBandTxDone  regioncommon.o
    0x08009b70   0x08009b70   0x000000be   Code   RO         7593    i.RegionCommonUpdateBandTimeOff  regioncommon.o
    0x08009c2e   0x08009c2e   0x00000010   Code   RO         7594    i.RegionCommonValueInRange  regioncommon.o
    0x08009c3e   0x08009c3e   0x0000001a   Code   RO         6750    i.RegionComputeRxWindowParameters  region.o
    0x08009c58   0x08009c58   0x00000012   Code   RO         6751    i.RegionDlChannelReq  region.o
    0x08009c6a   0x08009c6a   0x00000014   Code   RO         6752    i.RegionGetPhyParam  region.o
    0x08009c7e   0x08009c7e   0x0000000e   Code   RO         6753    i.RegionInitDefaults  region.o
    0x08009c8c   0x08009c8c   0x0000000c   Code   RO         6754    i.RegionIsActive    region.o
    0x08009c98   0x08009c98   0x00000022   Code   RO         6755    i.RegionLinkAdrReq  region.o
    0x08009cba   0x08009cba   0x00000012   Code   RO         6756    i.RegionNewChannelReq  region.o
    0x08009ccc   0x08009ccc   0x0000001e   Code   RO         6757    i.RegionNextChannel  region.o
    0x08009cea   0x08009cea   0x00000016   Code   RO         6758    i.RegionRxConfig    region.o
    0x08009d00   0x08009d00   0x00000012   Code   RO         6759    i.RegionRxParamSetupReq  region.o
    0x08009d12   0x08009d12   0x0000000e   Code   RO         6760    i.RegionSetBandTxDone  region.o
    0x08009d20   0x08009d20   0x0000000e   Code   RO         6761    i.RegionSetContinuousWave  region.o
    0x08009d2e   0x08009d2e   0x0000001a   Code   RO         6762    i.RegionTxConfig    region.o
    0x08009d48   0x08009d48   0x00000012   Code   RO         6763    i.RegionTxParamSetupReq  region.o
    0x08009d5a   0x08009d5a   0x00000002   PAD
    0x08009d5c   0x08009d5c   0x00000084   Code   RO         8363    i.RegionUS915AdrNext  regionus915.o
    0x08009de0   0x08009de0   0x00000018   Code   RO         8364    i.RegionUS915AlternateDr  regionus915.o
    0x08009df8   0x08009df8   0x00000002   Code   RO         8365    i.RegionUS915ApplyCFList  regionus915.o
    0x08009dfa   0x08009dfa   0x00000002   PAD
    0x08009dfc   0x08009dfc   0x00000018   Code   RO         8366    i.RegionUS915ApplyDrOffset  regionus915.o
    0x08009e14   0x08009e14   0x00000038   Code   RO         8367    i.RegionUS915CalcBackOff  regionus915.o
    0x08009e4c   0x08009e4c   0x0000005c   Code   RO         8368    i.RegionUS915ChanMaskSet  regionus915.o
    0x08009ea8   0x08009ea8   0x00000058   Code   RO         8371    i.RegionUS915ComputeRxWindowParameters  regionus915.o
    0x08009f00   0x08009f00   0x00000004   Code   RO         8372    i.RegionUS915DlChannelReq  regionus915.o
    0x08009f04   0x08009f04   0x000000c4   Code   RO         8373    i.RegionUS915GetPhyParam  regionus915.o
    0x08009fc8   0x08009fc8   0x00000130   Code   RO         8374    i.RegionUS915InitDefaults  regionus915.o
    0x0800a0f8   0x0800a0f8   0x0000015c   Code   RO         8375    i.RegionUS915LinkAdrReq  regionus915.o
    0x0800a254   0x0800a254   0x00000004   Code   RO         8376    i.RegionUS915NewChannelReq  regionus915.o
    0x0800a258   0x0800a258   0x000000d0   Code   RO         8377    i.RegionUS915NextChannel  regionus915.o
    0x0800a328   0x0800a328   0x000000a0   Code   RO         8378    i.RegionUS915RxConfig  regionus915.o
    0x0800a3c8   0x0800a3c8   0x00000088   Code   RO         8379    i.RegionUS915RxParamSetupReq  regionus915.o
    0x0800a450   0x0800a450   0x00000028   Code   RO         8380    i.RegionUS915SetBandTxDone  regionus915.o
    0x0800a478   0x0800a478   0x0000005c   Code   RO         8381    i.RegionUS915SetContinuousWave  regionus915.o
    0x0800a4d4   0x0800a4d4   0x000000e4   Code   RO         8382    i.RegionUS915TxConfig  regionus915.o
    0x0800a5b8   0x0800a5b8   0x00000006   Code   RO         8383    i.RegionUS915TxParamSetupReq  regionus915.o
    0x0800a5be   0x0800a5be   0x0000005e   Code   RO         8384    i.RegionUS915Verify  regionus915.o
    0x0800a61c   0x0800a61c   0x00000016   Code   RO         6764    i.RegionVerify      region.o
    0x0800a632   0x0800a632   0x00000002   PAD
    0x0800a634   0x0800a634   0x00000088   Code   RO         8741    i.ResetMacParameters  loramac.o
    0x0800a6bc   0x0800a6bc   0x00000094   Code   RO            4    i.RxChainCalibration  sx1276.o
    0x0800a750   0x0800a750   0x00000018   Code   RO         8742    i.RxWindowSetup     loramac.o
    0x0800a768   0x0800a768   0x00000038   Code   RO          808    i.SDA_IN            iic.o
    0x0800a7a0   0x0800a7a0   0x00000038   Code   RO          809    i.SDA_OUT           iic.o
    0x0800a7d8   0x0800a7d8   0x000000b2   Code   RO         1371    i.SPI_WaitOnFlagUntilTimeout  stm32l0xx_hal_spi.o
    0x0800a88a   0x0800a88a   0x00000002   Code   RO         5342    i.SVC_Handler       stm32l0xx_it.o
    0x0800a88c   0x0800a88c   0x0000000c   Code   RO            5    i.SX1276BoardInit   sx1276.o
    0x0800a898   0x0800a898   0x00000004   Code   RO         1211    i.SX1276CheckRfFrequency  sx1276mb1las.o
    0x0800a89c   0x0800a89c   0x0000000c   Code   RO         1212    i.SX1276GetPaSelect  sx1276mb1las.o
    0x0800a8a8   0x0800a8a8   0x00000014   Code   RO            6    i.SX1276GetRadioWakeUpTime  sx1276.o
    0x0800a8bc   0x0800a8bc   0x0000000c   Code   RO            7    i.SX1276GetStatus   sx1276.o
    0x0800a8c8   0x0800a8c8   0x000001e4   Code   RO            8    i.SX1276GetTimeOnAir  sx1276.o
    0x0800aaac   0x0800aaac   0x00000004   Code   RO         1213    i.SX1276GetWakeTime  sx1276mb1las.o
    0x0800aab0   0x0800aab0   0x0000008c   Code   RO            9    i.SX1276Init        sx1276.o
    0x0800ab3c   0x0800ab3c   0x00000054   Code   RO         1214    i.SX1276IoDeInit    sx1276mb1las.o
    0x0800ab90   0x0800ab90   0x00000064   Code   RO         1215    i.SX1276IoInit      sx1276mb1las.o
    0x0800abf4   0x0800abf4   0x00000048   Code   RO         1216    i.SX1276IoIrqInit   sx1276mb1las.o
    0x0800ac3c   0x0800ac3c   0x0000004e   Code   RO           10    i.SX1276IsChannelFree  sx1276.o
    0x0800ac8a   0x0800ac8a   0x00000002   PAD
    0x0800ac8c   0x0800ac8c   0x0000027c   Code   RO           11    i.SX1276OnDio0Irq   sx1276.o
    0x0800af08   0x0800af08   0x000000d8   Code   RO           12    i.SX1276OnDio1Irq   sx1276.o
    0x0800afe0   0x0800afe0   0x000000b4   Code   RO           13    i.SX1276OnDio2Irq   sx1276.o
    0x0800b094   0x0800b094   0x00000054   Code   RO           14    i.SX1276OnDio3Irq   sx1276.o
    0x0800b0e8   0x0800b0e8   0x0000001c   Code   RO           15    i.SX1276OnDio4Irq   sx1276.o
    0x0800b104   0x0800b104   0x000000c8   Code   RO           17    i.SX1276OnTimeoutIrq  sx1276.o
    0x0800b1cc   0x0800b1cc   0x0000003e   Code   RO           18    i.SX1276Random      sx1276.o
    0x0800b20a   0x0800b20a   0x00000010   Code   RO           19    i.SX1276Read        sx1276.o
    0x0800b21a   0x0800b21a   0x00000042   Code   RO           20    i.SX1276ReadBuffer  sx1276.o
    0x0800b25c   0x0800b25c   0x0000000e   Code   RO           21    i.SX1276ReadFifo    sx1276.o
    0x0800b26a   0x0800b26a   0x00000002   PAD
    0x0800b26c   0x0800b26c   0x00000044   Code   RO           22    i.SX1276ReadRssi    sx1276.o
    0x0800b2b0   0x0800b2b0   0x00000050   Code   RO           23    i.SX1276Reset       sx1276.o
    0x0800b300   0x0800b300   0x000000f0   Code   RO           24    i.SX1276Send        sx1276.o
    0x0800b3f0   0x0800b3f0   0x0000001c   Code   RO         1217    i.SX1276SetAntSw    sx1276mb1las.o
    0x0800b40c   0x0800b40c   0x00000044   Code   RO         1218    i.SX1276SetAntSwLowPower  sx1276mb1las.o
    0x0800b450   0x0800b450   0x00000050   Code   RO           25    i.SX1276SetChannel  sx1276.o
    0x0800b4a0   0x0800b4a0   0x00000030   Code   RO           26    i.SX1276SetMaxPayloadLength  sx1276.o
    0x0800b4d0   0x0800b4d0   0x00000070   Code   RO           27    i.SX1276SetModem    sx1276.o
    0x0800b540   0x0800b540   0x0000005c   Code   RO           28    i.SX1276SetOpMode   sx1276.o
    0x0800b59c   0x0800b59c   0x00000024   Code   RO           29    i.SX1276SetPublicNetwork  sx1276.o
    0x0800b5c0   0x0800b5c0   0x000000a0   Code   RO         1219    i.SX1276SetRfTxPower  sx1276mb1las.o
    0x0800b660   0x0800b660   0x000001fc   Code   RO           30    i.SX1276SetRx       sx1276.o
    0x0800b85c   0x0800b85c   0x00000288   Code   RO           31    i.SX1276SetRxConfig  sx1276.o
    0x0800bae4   0x0800bae4   0x00000024   Code   RO           32    i.SX1276SetSleep    sx1276.o
    0x0800bb08   0x0800bb08   0x00000024   Code   RO           33    i.SX1276SetStby     sx1276.o
    0x0800bb2c   0x0800bb2c   0x000000a4   Code   RO           34    i.SX1276SetTx       sx1276.o
    0x0800bbd0   0x0800bbd0   0x000001fc   Code   RO           35    i.SX1276SetTxConfig  sx1276.o
    0x0800bdcc   0x0800bdcc   0x0000007c   Code   RO           36    i.SX1276SetTxContinuousWave  sx1276.o
    0x0800be48   0x0800be48   0x00000002   Code   RO         1220    i.SX1276SetXO       sx1276mb1las.o
    0x0800be4a   0x0800be4a   0x00000002   PAD
    0x0800be4c   0x0800be4c   0x00000038   Code   RO           37    i.SX1276StartCad    sx1276.o
    0x0800be84   0x0800be84   0x0000000c   Code   RO           38    i.SX1276Write       sx1276.o
    0x0800be90   0x0800be90   0x00000042   Code   RO           39    i.SX1276WriteBuffer  sx1276.o
    0x0800bed2   0x0800bed2   0x0000000e   Code   RO           40    i.SX1276WriteFifo   sx1276.o
    0x0800bee0   0x0800bee0   0x00000134   Code   RO         8743    i.ScheduleTx        loramac.o
    0x0800c014   0x0800c014   0x00000564   Code   RO         5017    i.Send              main.o
    0x0800c578   0x0800c578   0x00000040   Code   RO         8744    i.Send              loramac.o
    0x0800c5b8   0x0800c5b8   0x000000c4   Code   RO         8745    i.SendFrameOnChannel  loramac.o
    0x0800c67c   0x0800c67c   0x00000054   Code   RO         8746    i.SetTxContinuousWave  loramac.o
    0x0800c6d0   0x0800c6d0   0x0000003c   Code   RO         8747    i.SetTxContinuousWave1  loramac.o
    0x0800c70c   0x0800c70c   0x00000210   Code   RO         6126    i.Store_Config      lora.o
    0x0800c91c   0x0800c91c   0x00000070   Code   RO         6127    i.Store_key         lora.o
    0x0800c98c   0x0800c98c   0x00000008   Code   RO         5343    i.SysTick_Handler   stm32l0xx_it.o
    0x0800c994   0x0800c994   0x0000008c   Code   RO         5238    i.SystemClock_Config  stm32l0xx_hw.o
    0x0800ca20   0x0800ca20   0x00000054   Code   RO         1300    i.SystemInit        system_stm32l0xx.o
    0x0800ca74   0x0800ca74   0x0000000c   Code   RO         9171    i.TimerGetCurrentTime  timeserver.o
    0x0800ca80   0x0800ca80   0x00000018   Code   RO         9172    i.TimerGetElapsedTime  timeserver.o
    0x0800ca98   0x0800ca98   0x0000000e   Code   RO         9173    i.TimerInit         timeserver.o
    0x0800caa6   0x0800caa6   0x00000002   PAD
    0x0800caa8   0x0800caa8   0x0000001c   Code   RO         9174    i.TimerInsertNewHeadTimer  timeserver.o
    0x0800cac4   0x0800cac4   0x00000078   Code   RO         9175    i.TimerIrqHandler   timeserver.o
    0x0800cb3c   0x0800cb3c   0x0000002c   Code   RO         9177    i.TimerSetTimeout   timeserver.o
    0x0800cb68   0x0800cb68   0x00000022   Code   RO         9178    i.TimerSetValue     timeserver.o
    0x0800cb8a   0x0800cb8a   0x00000002   PAD
    0x0800cb8c   0x0800cb8c   0x00000070   Code   RO         9179    i.TimerStart        timeserver.o
    0x0800cbfc   0x0800cbfc   0x00000060   Code   RO         9180    i.TimerStop         timeserver.o
    0x0800cc5c   0x0800cc5c   0x00000024   Code   RO         9314    i.TraceInit         trace.o
    0x0800cc80   0x0800cc80   0x00000088   Code   RO         9315    i.TraceSend         trace.o
    0x0800cd08   0x0800cd08   0x00000048   Code   RO         9316    i.Trace_TxCpltCallback  trace.o
    0x0800cd50   0x0800cd50   0x000000ca   Code   RO         1607    i.UART_AdvFeatureConfig  stm32l0xx_hal_uart.o
    0x0800ce1a   0x0800ce1a   0x00000002   PAD
    0x0800ce1c   0x0800ce1c   0x00000060   Code   RO         1608    i.UART_CheckIdleState  stm32l0xx_hal_uart.o
    0x0800ce7c   0x0800ce7c   0x00000014   Code   RO         1609    i.UART_DMAAbortOnError  stm32l0xx_hal_uart.o
    0x0800ce90   0x0800ce90   0x0000004a   Code   RO         1610    i.UART_DMAError     stm32l0xx_hal_uart.o
    0x0800ceda   0x0800ceda   0x00000030   Code   RO         1615    i.UART_DMATransmitCplt  stm32l0xx_hal_uart.o
    0x0800cf0a   0x0800cf0a   0x0000000a   Code   RO         1617    i.UART_DMATxHalfCplt  stm32l0xx_hal_uart.o
    0x0800cf14   0x0800cf14   0x0000001e   Code   RO         1619    i.UART_EndRxTransfer  stm32l0xx_hal_uart.o
    0x0800cf32   0x0800cf32   0x00000012   Code   RO         1620    i.UART_EndTxTransfer  stm32l0xx_hal_uart.o
    0x0800cf44   0x0800cf44   0x0000007e   Code   RO         1621    i.UART_Receive_IT   stm32l0xx_hal_uart.o
    0x0800cfc2   0x0800cfc2   0x00000002   PAD
    0x0800cfc4   0x0800cfc4   0x00000230   Code   RO         1622    i.UART_SetConfig    stm32l0xx_hal_uart.o
    0x0800d1f4   0x0800d1f4   0x00000066   Code   RO         1623    i.UART_Transmit_IT  stm32l0xx_hal_uart.o
    0x0800d25a   0x0800d25a   0x00000062   Code   RO         1624    i.UART_WaitOnFlagUntilTimeout  stm32l0xx_hal_uart.o
    0x0800d2bc   0x0800d2bc   0x00000010   Code   RO         5018    i.USART1_IRQHandler  main.o
    0x0800d2cc   0x0800d2cc   0x00000048   Code   RO         8748    i.ValidatePayloadLength  loramac.o
    0x0800d314   0x0800d314   0x0000002c   Code   RO         9585    i.__0vsnprintf      mc_p.l(printfa.o)
    0x0800d340   0x0800d340   0x0000002e   Code   RO         9749    i.__ARM_clz         mf_p.l(depilogue.o)
    0x0800d36e   0x0800d36e   0x00000030   Code   RO         4951    i.__ARM_common_ll_muluu  hw_rtc.o
    0x0800d39e   0x0800d39e   0x0000001a   Code   RO          238    i.__ARM_common_switch8  sx1276.o
    0x0800d3b8   0x0800d3b8   0x0000002c   Code   RO         9679    i.__ARM_fpclassify  m_ps.l(fpclassify.o)
    0x0800d3e4   0x0800d3e4   0x00000022   Code   RO         9681    i.__ARM_fpclassifyf  m_ps.l(fpclassifyf.o)
    0x0800d406   0x0800d406   0x00000012   Code   RO          706    i.__ARM_isinff      filter.o
    0x0800d418   0x0800d418   0x0000000e   Code   RO          707    i.__ARM_isnanf      filter.o
    0x0800d426   0x0800d426   0x000000ac   Code   RO         9697    i.__kernel_poly     m_ps.l(poly.o)
    0x0800d4d2   0x0800d4d2   0x0000000a   Code   RO         9666    i.__mathlib_dbl_infnan  m_ps.l(dunder.o)
    0x0800d4dc   0x0800d4dc   0x00000008   Code   RO         9667    i.__mathlib_dbl_infnan2  m_ps.l(dunder.o)
    0x0800d4e4   0x0800d4e4   0x00000010   Code   RO         9668    i.__mathlib_dbl_invalid  m_ps.l(dunder.o)
    0x0800d4f4   0x0800d4f4   0x00000014   Code   RO         9671    i.__mathlib_dbl_underflow  m_ps.l(dunder.o)
    0x0800d508   0x0800d508   0x0000000a   Code   RO         9684    i.__mathlib_flt_infnan  m_ps.l(funder.o)
    0x0800d512   0x0800d512   0x0000000c   Code   RO         9686    i.__mathlib_flt_invalid  m_ps.l(funder.o)
    0x0800d51e   0x0800d51e   0x0000000e   Code   RO         9689    i.__mathlib_flt_underflow  m_ps.l(funder.o)
    0x0800d52c   0x0800d52c   0x00000180   Code   RO         9700    i.__mathlib_rredf2  m_ps.l(rredf.o)
    0x0800d6ac   0x0800d6ac   0x0000000e   Code   RO         9765    i.__scatterload_copy  mc_p.l(handlers.o)
    0x0800d6ba   0x0800d6ba   0x00000002   Code   RO         9766    i.__scatterload_null  mc_p.l(handlers.o)
    0x0800d6bc   0x0800d6bc   0x0000000e   Code   RO         9767    i.__scatterload_zeroinit  mc_p.l(handlers.o)
    0x0800d6ca   0x0800d6ca   0x00000002   PAD
    0x0800d6cc   0x0800d6cc   0x0000000c   Code   RO         9731    i.__set_errno       mc_p.l(errno.o)
    0x0800d6d8   0x0800d6d8   0x00000174   Code   RO         9587    i._fp_digits        mc_p.l(printfa.o)
    0x0800d84c   0x0800d84c   0x000006ec   Code   RO         9588    i._printf_core      mc_p.l(printfa.o)
    0x0800df38   0x0800df38   0x00000020   Code   RO         9589    i._printf_post_padding  mc_p.l(printfa.o)
    0x0800df58   0x0800df58   0x0000002c   Code   RO         9590    i._printf_pre_padding  mc_p.l(printfa.o)
    0x0800df84   0x0800df84   0x00000016   Code   RO         9591    i._snputc           mc_p.l(printfa.o)
    0x0800df9a   0x0800df9a   0x00000054   Code   RO         9410    i.aes_encrypt       aes.o
    0x0800dfee   0x0800dfee   0x00000002   PAD
    0x0800dff0   0x0800dff0   0x000000fc   Code   RO         9411    i.aes_set_key       aes.o
    0x0800e0ec   0x0800e0ec   0x00000274   Code   RO         9499    i.asin              m_ps.l(asin.o)
    0x0800e360   0x0800e360   0x00000014   Code   RO         5529    i.at_ACE_get        at.o
    0x0800e374   0x0800e374   0x00000024   Code   RO         5530    i.at_ACE_set        at.o
    0x0800e398   0x0800e398   0x00000022   Code   RO         5531    i.at_ADR_get        at.o
    0x0800e3ba   0x0800e3ba   0x00000034   Code   RO         5532    i.at_ADR_set        at.o
    0x0800e3ee   0x0800e3ee   0x0000000e   Code   RO         5533    i.at_AppEUI_get     at.o
    0x0800e3fc   0x0800e3fc   0x00000068   Code   RO         5534    i.at_AppEUI_set     at.o
    0x0800e464   0x0800e464   0x0000000e   Code   RO         5535    i.at_AppKey_get     at.o
    0x0800e472   0x0800e472   0x00000020   Code   RO         5536    i.at_AppKey_set     at.o
    0x0800e492   0x0800e492   0x0000000e   Code   RO         5537    i.at_AppSKey_get    at.o
    0x0800e4a0   0x0800e4a0   0x00000020   Code   RO         5538    i.at_AppSKey_set    at.o
    0x0800e4c0   0x0800e4c0   0x000000bc   Code   RO         5539    i.at_CHE_get        at.o
    0x0800e57c   0x0800e57c   0x00000034   Code   RO         5540    i.at_CHE_set        at.o
    0x0800e5b0   0x0800e5b0   0x0000000e   Code   RO         5541    i.at_CHS_get        at.o
    0x0800e5be   0x0800e5be   0x00000002   PAD
    0x0800e5c0   0x0800e5c0   0x0000003c   Code   RO         5542    i.at_CHS_set        at.o
    0x0800e5fc   0x0800e5fc   0x00000014   Code   RO         5543    i.at_DCE_get        at.o
    0x0800e610   0x0800e610   0x00000024   Code   RO         5544    i.at_DCE_set        at.o
    0x0800e634   0x0800e634   0x00000024   Code   RO         5545    i.at_DataRate_get   at.o
    0x0800e658   0x0800e658   0x0000002c   Code   RO         5546    i.at_DataRate_set   at.o
    0x0800e684   0x0800e684   0x0000000a   Code   RO         5547    i.at_DevAddr_get    at.o
    0x0800e68e   0x0800e68e   0x0000001e   Code   RO         5548    i.at_DevAddr_set    at.o
    0x0800e6ac   0x0800e6ac   0x0000000e   Code   RO         5549    i.at_DevEUI_get     at.o
    0x0800e6ba   0x0800e6ba   0x00000002   PAD
    0x0800e6bc   0x0800e6bc   0x00000068   Code   RO         5550    i.at_DevEUI_set     at.o
    0x0800e724   0x0800e724   0x00000030   Code   RO         5551    i.at_DeviceClass_get  at.o
    0x0800e754   0x0800e754   0x00000034   Code   RO         5552    i.at_DeviceClass_set  at.o
    0x0800e788   0x0800e788   0x00000020   Code   RO         5553    i.at_DownlinkCounter_get  at.o
    0x0800e7a8   0x0800e7a8   0x00000034   Code   RO         5554    i.at_DownlinkCounter_set  at.o
    0x0800e7dc   0x0800e7dc   0x00000020   Code   RO         5555    i.at_DutyCycle_get  at.o
    0x0800e7fc   0x0800e7fc   0x00000022   Code   RO         5556    i.at_DutyCycle_set  at.o
    0x0800e81e   0x0800e81e   0x00000002   PAD
    0x0800e820   0x0800e820   0x00000024   Code   RO         5557    i.at_FDR            at.o
    0x0800e844   0x0800e844   0x0000000a   Code   RO         5558    i.at_Join           at.o
    0x0800e84e   0x0800e84e   0x00000020   Code   RO         5559    i.at_JoinAcceptDelay1_get  at.o
    0x0800e86e   0x0800e86e   0x00000002   PAD
    0x0800e870   0x0800e870   0x00000034   Code   RO         5560    i.at_JoinAcceptDelay1_set  at.o
    0x0800e8a4   0x0800e8a4   0x00000020   Code   RO         5561    i.at_JoinAcceptDelay2_get  at.o
    0x0800e8c4   0x0800e8c4   0x00000034   Code   RO         5562    i.at_JoinAcceptDelay2_set  at.o
    0x0800e8f8   0x0800e8f8   0x00000050   Code   RO         5563    i.at_NetworkID_get  at.o
    0x0800e948   0x0800e948   0x0000002c   Code   RO         5564    i.at_NetworkID_set  at.o
    0x0800e974   0x0800e974   0x00000014   Code   RO         5565    i.at_NetworkJoinMode_get  at.o
    0x0800e988   0x0800e988   0x00000022   Code   RO         5566    i.at_NetworkJoinMode_set  at.o
    0x0800e9aa   0x0800e9aa   0x0000002c   Code   RO         5567    i.at_NetworkJoinStatus  at.o
    0x0800e9d6   0x0800e9d6   0x0000000e   Code   RO         5568    i.at_NwkSKey_get    at.o
    0x0800e9e4   0x0800e9e4   0x00000020   Code   RO         5569    i.at_NwkSKey_set    at.o
    0x0800ea04   0x0800ea04   0x00000022   Code   RO         5570    i.at_PublicNetwork_get  at.o
    0x0800ea26   0x0800ea26   0x00000034   Code   RO         5571    i.at_PublicNetwork_set  at.o
    0x0800ea5a   0x0800ea5a   0x00000002   PAD
    0x0800ea5c   0x0800ea5c   0x0000003c   Code   RO         5572    i.at_Receive        at.o
    0x0800ea98   0x0800ea98   0x00000048   Code   RO         5573    i.at_ReceiveBinary  at.o
    0x0800eae0   0x0800eae0   0x00000020   Code   RO         5574    i.at_Rx1Delay_get   at.o
    0x0800eb00   0x0800eb00   0x00000034   Code   RO         5575    i.at_Rx1Delay_set   at.o
    0x0800eb34   0x0800eb34   0x00000022   Code   RO         5576    i.at_Rx2DataRate_get  at.o
    0x0800eb56   0x0800eb56   0x00000002   PAD
    0x0800eb58   0x0800eb58   0x00000048   Code   RO         5577    i.at_Rx2DataRate_set  at.o
    0x0800eba0   0x0800eba0   0x00000020   Code   RO         5578    i.at_Rx2Delay_get   at.o
    0x0800ebc0   0x0800ebc0   0x00000034   Code   RO         5579    i.at_Rx2Delay_set   at.o
    0x0800ebf4   0x0800ebf4   0x00000020   Code   RO         5580    i.at_Rx2Frequency_get  at.o
    0x0800ec14   0x0800ec14   0x00000044   Code   RO         5581    i.at_Rx2Frequency_set  at.o
    0x0800ec58   0x0800ec58   0x00000014   Code   RO         5582    i.at_STD            at.o
    0x0800ec6c   0x0800ec6c   0x00000098   Code   RO         5583    i.at_Send           at.o
    0x0800ed04   0x0800ed04   0x000000cc   Code   RO         5584    i.at_SendBinary     at.o
    0x0800edd0   0x0800edd0   0x00000014   Code   RO         5585    i.at_TDC_get        at.o
    0x0800ede4   0x0800ede4   0x00000024   Code   RO         5586    i.at_TDC_set        at.o
    0x0800ee08   0x0800ee08   0x00000024   Code   RO         5587    i.at_TransmitPower_get  at.o
    0x0800ee2c   0x0800ee2c   0x00000038   Code   RO         5588    i.at_TransmitPower_set  at.o
    0x0800ee64   0x0800ee64   0x00000020   Code   RO         5589    i.at_UplinkCounter_get  at.o
    0x0800ee84   0x0800ee84   0x00000034   Code   RO         5590    i.at_UplinkCounter_set  at.o
    0x0800eeb8   0x0800eeb8   0x00000014   Code   RO         5591    i.at_ack_get        at.o
    0x0800eecc   0x0800eecc   0x00000022   Code   RO         5592    i.at_ack_set        at.o
    0x0800eeee   0x0800eeee   0x0000000e   Code   RO         5593    i.at_application_port_get  at.o
    0x0800eefc   0x0800eefc   0x0000002c   Code   RO         5594    i.at_application_port_set  at.o
    0x0800ef28   0x0800ef28   0x00000014   Code   RO         5595    i.at_isack_get      at.o
    0x0800ef3c   0x0800ef3c   0x00000004   Code   RO         5596    i.at_reset          at.o
    0x0800ef40   0x0800ef40   0x00000004   Code   RO         5597    i.at_return_error   at.o
    0x0800ef44   0x0800ef44   0x0000000e   Code   RO         5599    i.at_rssi_get       at.o
    0x0800ef52   0x0800ef52   0x00000002   PAD
    0x0800ef54   0x0800ef54   0x00000014   Code   RO         5600    i.at_sgm_get        at.o
    0x0800ef68   0x0800ef68   0x0000003c   Code   RO         5601    i.at_sgm_set        at.o
    0x0800efa4   0x0800efa4   0x0000000e   Code   RO         5602    i.at_snr_get        at.o
    0x0800efb2   0x0800efb2   0x00000002   PAD
    0x0800efb4   0x0800efb4   0x00000018   Code   RO         5603    i.at_version_get    at.o
    0x0800efcc   0x0800efcc   0x0000021c   Code   RO         9656    i.atan              m_ps.l(atan.o)
    0x0800f1e8   0x0800f1e8   0x00000178   Code   RO         9509    i.atan2             m_ps.l(atan2.o)
    0x0800f360   0x0800f360   0x000000c8   Code   RO         9517    i.ceil              m_ps.l(ceil.o)
    0x0800f428   0x0800f428   0x00000010   Code   RO         9013    i.certif_DownLinkIncrement  lora-test.o
    0x0800f438   0x0800f438   0x00000014   Code   RO         9014    i.certif_linkCheck  lora-test.o
    0x0800f44c   0x0800f44c   0x0000000c   Code   RO         9015    i.certif_running    lora-test.o
    0x0800f458   0x0800f458   0x00000188   Code   RO         9016    i.certif_rx         lora-test.o
    0x0800f5e0   0x0800f5e0   0x000000a4   Code   RO         9017    i.certif_tx         lora-test.o
    0x0800f684   0x0800f684   0x0000003c   Code   RO          484    i.check             gps.o
    0x0800f6c0   0x0800f6c0   0x00000018   Code   RO         6059    i.com_error         command.o
    0x0800f6d8   0x0800f6d8   0x00000084   Code   RO         9412    i.copy_and_key      aes.o
    0x0800f75c   0x0800f75c   0x00000042   Code   RO         9413    i.copy_block        aes.o
    0x0800f79e   0x0800f79e   0x00000002   PAD
    0x0800f7a0   0x0800f7a0   0x00000178   Code   RO         9521    i.cosf              m_ps.l(cosf.o)
    0x0800f918   0x0800f918   0x0000000c   Code   RO         6128    i.customize_freq1_get  lora.o
    0x0800f924   0x0800f924   0x0000000c   Code   RO         6129    i.customize_freq1_set  lora.o
    0x0800f930   0x0800f930   0x0000000c   Code   RO         6130    i.customize_set8channel_get  lora.o
    0x0800f93c   0x0800f93c   0x0000000c   Code   RO         6131    i.customize_set8channel_set  lora.o
    0x0800f948   0x0800f948   0x000000c8   Code   RO         9529    i.floor             m_ps.l(floor.o)
    0x0800fa10   0x0800fa10   0x0000000c   Code   RO         6133    i.gps_state_off     lora.o
    0x0800fa1c   0x0800fa1c   0x0000000c   Code   RO         6134    i.gps_state_on      lora.o
    0x0800fa28   0x0800fa28   0x00000034   Code   RO         5019    i.invSqrt           main.o
    0x0800fa5c   0x0800fa5c   0x00000064   Code   RO         6135    i.key_printf        lora.o
    0x0800fac0   0x0800fac0   0x00000008   Code   RO         6136    i.lora_config_appeui_get  lora.o
    0x0800fac8   0x0800fac8   0x00000014   Code   RO         6137    i.lora_config_appeui_set  lora.o
    0x0800fadc   0x0800fadc   0x00000008   Code   RO         6138    i.lora_config_appkey_get  lora.o
    0x0800fae4   0x0800fae4   0x00000014   Code   RO         6139    i.lora_config_appkey_set  lora.o
    0x0800faf8   0x0800faf8   0x0000000c   Code   RO         6140    i.lora_config_application_port_get  lora.o
    0x0800fb04   0x0800fb04   0x0000000c   Code   RO         6141    i.lora_config_application_port_set  lora.o
    0x0800fb10   0x0800fb10   0x00000008   Code   RO         6142    i.lora_config_appskey_get  lora.o
    0x0800fb18   0x0800fb18   0x00000014   Code   RO         6143    i.lora_config_appskey_set  lora.o
    0x0800fb2c   0x0800fb2c   0x0000001c   Code   RO         6144    i.lora_config_devaddr_get  lora.o
    0x0800fb48   0x0800fb48   0x0000000c   Code   RO         6145    i.lora_config_devaddr_set  lora.o
    0x0800fb54   0x0800fb54   0x00000008   Code   RO         6146    i.lora_config_deveui_get  lora.o
    0x0800fb5c   0x0800fb5c   0x00000014   Code   RO         6147    i.lora_config_deveui_set  lora.o
    0x0800fb70   0x0800fb70   0x0000000c   Code   RO         6148    i.lora_config_duty_cycle_get  lora.o
    0x0800fb7c   0x0800fb7c   0x00000018   Code   RO         6149    i.lora_config_duty_cycle_set  lora.o
    0x0800fb94   0x0800fb94   0x00000018   Code   RO         6150    i.lora_config_isack_get  lora.o
    0x0800fbac   0x0800fbac   0x00000008   Code   RO         6151    i.lora_config_nwkskey_get  lora.o
    0x0800fbb4   0x0800fbb4   0x00000014   Code   RO         6152    i.lora_config_nwkskey_set  lora.o
    0x0800fbc8   0x0800fbc8   0x0000000c   Code   RO         6153    i.lora_config_otaa_get  lora.o
    0x0800fbd4   0x0800fbd4   0x0000000c   Code   RO         6154    i.lora_config_otaa_set  lora.o
    0x0800fbe0   0x0800fbe0   0x0000000c   Code   RO         6155    i.lora_config_reqack_get  lora.o
    0x0800fbec   0x0800fbec   0x0000000c   Code   RO         6156    i.lora_config_reqack_set  lora.o
    0x0800fbf8   0x0800fbf8   0x0000000c   Code   RO         6157    i.lora_config_rssi_get  lora.o
    0x0800fc04   0x0800fc04   0x0000000c   Code   RO         6158    i.lora_config_snr_get  lora.o
    0x0800fc10   0x0800fc10   0x0000000c   Code   RO         6160    i.lora_config_tx_datarate_set  lora.o
    0x0800fc1c   0x0800fc1c   0x0000000c   Code   RO         6161    i.lora_getGPSState  lora.o
    0x0800fc28   0x0800fc28   0x0000000c   Code   RO         6162    i.lora_getState     lora.o
    0x0800fc34   0x0800fc34   0x00000424   Code   RO         5020    i.lora_send_fsm     main.o
    0x08010058   0x08010058   0x0000000c   Code   RO         6163    i.lora_state_GPS_Alarm  lora.o
    0x08010064   0x08010064   0x0000000c   Code   RO         6164    i.lora_state_GPS_Send  lora.o
    0x08010070   0x08010070   0x0000004c   Code   RO         6165    i.lora_state_INT    lora.o
    0x080100bc   0x080100bc   0x0000000c   Code   RO         6166    i.lora_state_Led    lora.o
    0x080100c8   0x080100c8   0x0000000c   Code   RO         6167    i.lora_state_LoRa_Alarm  lora.o
    0x080100d4   0x080100d4   0x0000000c   Code   RO         6168    i.lora_state_Wake_Join  lora.o
    0x080100e0   0x080100e0   0x000000b8   Code   RO         5021    i.main              main.o
    0x08010198   0x08010198   0x00000016   Code   RO         9256    i.memcpy1           utilities.o
    0x080101ae   0x080101ae   0x0000001a   Code   RO         9257    i.memcpyr           utilities.o
    0x080101c8   0x080101c8   0x00000012   Code   RO         9258    i.memset1           utilities.o
    0x080101da   0x080101da   0x00000002   PAD
    0x080101dc   0x080101dc   0x00000218   Code   RO         9414    i.mix_sub_columns   aes.o
    0x080103f4   0x080103f4   0x0000000a   Code   RO          486    i.my_atof           gps.o
    0x080103fe   0x080103fe   0x00000048   Code   RO          487    i.my_atoi           gps.o
    0x08010446   0x08010446   0x00000002   PAD
    0x08010448   0x08010448   0x0000011c   Code   RO          488    i.my_strtod         gps.o
    0x08010564   0x08010564   0x00000010   Code   RO         8749    i.onNetworkJointimesout  loramac.o
    0x08010574   0x08010574   0x000000c4   Code   RO         6060    i.parse_cmd         command.o
    0x08010638   0x08010638   0x0000002a   Code   RO         4710    i.powerLED          bsp.o
    0x08010662   0x08010662   0x00000002   PAD
    0x08010664   0x08010664   0x00000048   Code   RO         5604    i.print_16_02x      at.o
    0x080106ac   0x080106ac   0x00000054   Code   RO         5605    i.print_8_02x       at.o
    0x08010700   0x08010700   0x00000014   Code   RO         5606    i.print_d           at.o
    0x08010714   0x08010714   0x00000014   Code   RO         5607    i.print_u           at.o
    0x08010728   0x08010728   0x0000002c   Code   RO         9259    i.rand1             utilities.o
    0x08010754   0x08010754   0x00000016   Code   RO         9260    i.randr             utilities.o
    0x0801076a   0x0801076a   0x0000007e   Code   RO         6169    i.read_data         lora.o
    0x080107e8   0x080107e8   0x00000014   Code   RO         6170    i.region_printf     lora.o
    0x080107fc   0x080107fc   0x0000009c   Code   RO         9532    i.round             m_ps.l(round.o)
    0x08010898   0x08010898   0x00000018   Code   RO         5608    i.s_tdc             at.o
    0x080108b0   0x080108b0   0x00000024   Code   RO         5609    i.set_at_receive    at.o
    0x080108d4   0x080108d4   0x00000068   Code   RO         9415    i.shift_sub_rows    aes.o
    0x0801093c   0x0801093c   0x00000036   Code   RO          490    i.split             gps.o
    0x08010972   0x08010972   0x00000002   PAD
    0x08010974   0x08010974   0x00000048   Code   RO         9535    i.sqrt              m_ps.l(sqrt.o)
    0x080109bc   0x080109bc   0x0000000c   Code   RO         9261    i.srand1            utilities.o
    0x080109c8   0x080109c8   0x0000004c   Code   RO         5610    i.sscanf_16_hhx     at.o
    0x08010a14   0x08010a14   0x00000028   Code   RO         5611    i.sscanf_uint32_as_hhx  at.o
    0x08010a3c   0x08010a3c   0x000000c8   Code   RO         6171    i.store_data        lora.o
    0x08010b04   0x08010b04   0x00000170   Code   RO         9543    i.tanf              m_ps.l(tanf.o)
    0x08010c74   0x08010c74   0x00000014   Code   RO         6664    i.tiny_sscanf       tiny_sscanf.o
    0x08010c88   0x08010c88   0x00000254   Code   RO         6665    i.tiny_vfscanf      tiny_sscanf.o
    0x08010edc   0x08010edc   0x00000020   Code   RO         5612    i.translate_status  at.o
    0x08010efc   0x08010efc   0x0000003a   Code   RO          629    i.usart1_IRQHandler  bsp_usart2.o
    0x08010f36   0x08010f36   0x00000002   PAD
    0x08010f38   0x08010f38   0x00000048   Code   RO          630    i.usart1_Init       bsp_usart2.o
    0x08010f80   0x08010f80   0x00000054   Code   RO          632    i.usart1_IoInit     bsp_usart2.o
    0x08010fd4   0x08010fd4   0x00000010   Code   RO         5442    i.vcom_DMA_TX_IRQHandler  vcom.o
    0x08010fe4   0x08010fe4   0x00000010   Code   RO         5444    i.vcom_IRQHandler   vcom.o
    0x08010ff4   0x08010ff4   0x0000003c   Code   RO         5445    i.vcom_Init         vcom.o
    0x08011030   0x08011030   0x00000060   Code   RO         5447    i.vcom_IoInit       vcom.o
    0x08011090   0x08011090   0x0000002c   Code   RO         5448    i.vcom_ReceiveInit  vcom.o
    0x080110bc   0x080110bc   0x00000014   Code   RO         5449    i.vcom_Trace        vcom.o
    0x080110d0   0x080110d0   0x00000082   Code   RO         9416    i.xor_block         aes.o
    0x08011152   0x08011152   0x00000002   PAD
    0x08011154   0x08011154   0x000000e0   Data   RO           42    .constdata          sx1276.o
    0x08011234   0x08011234   0x00000068   Data   RO         1221    .constdata          sx1276mb1las.o
    0x0801129c   0x0801129c   0x00000019   Data   RO         1301    .constdata          system_stm32l0xx.o
    0x080112b5   0x080112b5   0x00000008   Data   RO         1302    .constdata          system_stm32l0xx.o
    0x080112bd   0x080112bd   0x00000018   Data   RO         4861    .constdata          hw_rtc.o
    0x080112d5   0x080112d5   0x00000003   PAD
    0x080112d8   0x080112d8   0x00000428   Data   RO         6062    .constdata          command.o
    0x08011700   0x08011700   0x00000084   Data   RO         8386    .constdata          regionus915.o
    0x08011784   0x08011784   0x00000010   Data   RO         8751    .constdata          loramac.o
    0x08011794   0x08011794   0x00000300   Data   RO         9417    .constdata          aes.o
    0x08011a94   0x08011a94   0x00000004   PAD
    0x08011a98   0x08011a98   0x00000050   Data   RO         9500    .constdata          m_ps.l(asin.o)
    0x08011ae8   0x08011ae8   0x00000098   Data   RO         9657    .constdata          m_ps.l(atan.o)
    0x08011b80   0x08011b80   0x00000008   Data   RO         9699    .constdata          m_ps.l(qnan.o)
    0x08011b88   0x08011b88   0x00000020   Data   RO         9701    .constdata          m_ps.l(rredf.o)
    0x08011ba8   0x08011ba8   0x00000040   Data   RO         9727    .constdata          mc_p.l(ctype_c.o)
    0x08011be8   0x08011be8   0x000000a4   Data   RO         5615    .conststring        at.o
    0x08011c8c   0x08011c8c   0x00000cae   Data   RO         6063    .conststring        command.o
    0x0801293a   0x0801293a   0x00000002   PAD
    0x0801293c   0x0801293c   0x00000020   Data   RO         9763    Region$$Table       anon$$obj.o


    Execution Region RW_IRAM1 (Exec base: 0x20000000, Load base: 0x0801295c, Size: 0x00002140, Max: 0x00005000, ABSOLUTE, COMPRESSED[0x000000e8])

    Exec Addr    Load Addr    Size         Type   Attr      Idx    E Section Name        Object

    0x20000000   COMPRESSED   0x00000020   Data   RW           43    .data               sx1276.o
    0x20000020   COMPRESSED   0x00000008   Data   RW          431    .data               flash_eraseprogram.o
    0x20000028   COMPRESSED   0x0000001c   Data   RW          492    .data               gps.o
    0x20000044   COMPRESSED   0x000000c0   Data   RW          708    .data               filter.o
    0x20000104   COMPRESSED   0x00000050   Data   RW          902    .data               mpu9250.o
    0x20000154   COMPRESSED   0x0000001c   Data   RW         1222    .data               sx1276mb1las.o
    0x20000170   COMPRESSED   0x00000004   Data   RW         1303    .data               system_stm32l0xx.o
    0x20000174   COMPRESSED   0x00000004   Data   RW         2341    .data               stm32l0xx_hal.o
    0x20000178   COMPRESSED   0x00000004   Data   RW         4711    .data               bsp.o
    0x2000017c   COMPRESSED   0x00000004   Data   RW         4862    .data               hw_rtc.o
    0x20000180   COMPRESSED   0x00000144   Data   RW         5024    .data               main.o
    0x200002c4   COMPRESSED   0x00000004   Data   RW         5025    .data               main.o
    0x200002c8   COMPRESSED   0x00000002   Data   RW         5035    .data               main.o
    0x200002ca   COMPRESSED   0x00000002   Data   RW         5240    .data               stm32l0xx_hw.o
    0x200002cc   COMPRESSED   0x0000000c   Data   RW         5451    .data               vcom.o
    0x200002d8   COMPRESSED   0x00000020   Data   RW         5616    .data               at.o
    0x200002f8   COMPRESSED   0x00000008   Data   RW         6064    .data               command.o
    0x20000300   COMPRESSED   0x00000074   Data   RW         6173    .data               lora.o
    0x20000374   COMPRESSED   0x00000010   Data   RW         8387    .data               regionus915.o
    0x20000384   COMPRESSED   0x0000006c   Data   RW         8752    .data               loramac.o
    0x200003f0   COMPRESSED   0x00000020   Data   RW         8960    .data               loramaccrypto.o
    0x20000410   COMPRESSED   0x00000002   Data   RW         9019    .data               lora-test.o
    0x20000412   COMPRESSED   0x00000002   PAD
    0x20000414   COMPRESSED   0x00000008   Data   RW         9105    .data               low_power_manager.o
    0x2000041c   COMPRESSED   0x00000004   Data   RW         9181    .data               timeserver.o
    0x20000420   COMPRESSED   0x00000004   Data   RW         9262    .data               utilities.o
    0x20000424   COMPRESSED   0x00000001   Data   RW         9318    .data               trace.o
    0x20000425   COMPRESSED   0x00000003   PAD
    0x20000428   COMPRESSED   0x00000004   Data   RW         9732    .data               mc_p.l(errno.o)
    0x2000042c        -       0x000001a4   Zero   RW           41    .bss                sx1276.o
    0x200005d0        -       0x0000000c   Zero   RW          430    .bss                flash_eraseprogram.o
    0x200005dc        -       0x000005ae   Zero   RW          491    .bss                gps.o
    0x20000b8a   COMPRESSED   0x00000002   PAD
    0x20000b8c        -       0x00000070   Zero   RW          634    .bss                bsp_usart2.o
    0x20000bfc        -       0x0000003c   Zero   RW          810    .bss                iic.o
    0x20000c38        -       0x00000018   Zero   RW         4616    .bss                stm32l0xx_hal_flash.o
    0x20000c50        -       0x00000040   Zero   RW         4798    .bss                hw_gpio.o
    0x20000c90        -       0x00000068   Zero   RW         4860    .bss                hw_rtc.o
    0x20000cf8        -       0x00000058   Zero   RW         4967    .bss                hw_spi.o
    0x20000d50        -       0x00000040   Zero   RW         5022    .bss                main.o
    0x20000d90        -       0x00000014   Zero   RW         5023    .bss                main.o
    0x20000da4        -       0x00000060   Zero   RW         5239    .bss                stm32l0xx_hw.o
    0x20000e04        -       0x000000b0   Zero   RW         5450    .bss                vcom.o
    0x20000eb4        -       0x00000040   Zero   RW         5613    .bss                at.o
    0x20000ef4        -       0x000000ff   Zero   RW         5614    .bss                at.o
    0x20000ff3        -       0x00000080   Zero   RW         6061    .bss                command.o
    0x20001073   COMPRESSED   0x00000001   PAD
    0x20001074        -       0x00000128   Zero   RW         6172    .bss                lora.o
    0x2000119c        -       0x00000384   Zero   RW         8385    .bss                regionus915.o
    0x20001520        -       0x00000470   Zero   RW         8750    .bss                loramac.o
    0x20001990        -       0x0000022c   Zero   RW         8959    .bss                loramaccrypto.o
    0x20001bbc        -       0x0000005e   Zero   RW         9018    .bss                lora-test.o
    0x20001c1a   COMPRESSED   0x00000002   PAD
    0x20001c1c        -       0x00000120   Zero   RW         9317    .bss                trace.o
    0x20001d3c   COMPRESSED   0x00000004   PAD
    0x20001d40        -       0x00000400   Zero   RW         4695    STACK               startup_stm32l072xx.o


==============================================================================

Image component sizes


      Code (inc. data)   RO Data    RW Data    ZI Data      Debug   Object Name

      1304         12        768          0          0      14728   aes.o
      3596        622        164         32        319      55575   at.o
       366         30          0          4          0       5010   bsp.o
       214         20          0          0        112       3296   bsp_usart2.o
       554          0          0          0          0       4641   cmac.o
       352         38       4310          8        128       4070   command.o
        98          4          0          0          0       1475   debug.o
         8          0          0          0          0       1194   delay.o
        72         14          0          0          0       1049   exti_wakeup.o
      1580        120          0        192          0      14018   filter.o
       248        102          0          8         12       4178   flash_eraseprogram.o
      2528        232          0         28       1454      16756   gps.o
       234         26          0          0         64       4089   hw_gpio.o
       938         98         24          4        104      12381   hw_rtc.o
       372         24          0          0         88       3363   hw_spi.o
       736         26          0          0         60       8318   iic.o
       612         52          0          2         94       7503   lora-test.o
      3096        596          0        116        296      45130   lora.o
      7632        574         16        108       1136      48436   loramac.o
       604         42          0         32        556       8115   loramaccrypto.o
       178         22          0          8          0       5638   low_power_manager.o
      7440        838          0        330         84      34648   main.o
       844         14          0         80          0       9831   mpu9250.o
       918          8          0          0          0       6178   queue.o
       426          0          0          0          0      30125   region.o
         0          0          0          0          0       1240   regionau915.o
      1014         18          0          0          0      14751   regioncommon.o
      2472        294        132         16        900      25252   regionus915.o
        28          8        192          0       1024        676   startup_stm32l072xx.o
       108         30          0          4          0       4956   stm32l0xx_hal.o
      1026         36          0          0          0       7492   stm32l0xx_hal_adc.o
       170          0          0          0          0       1694   stm32l0xx_hal_adc_ex.o
        96         14          0          0          0      10344   stm32l0xx_hal_cortex.o
      1164         20          0          0          0       5190   stm32l0xx_hal_dma.o
       396         54          0          0         24       4322   stm32l0xx_hal_flash.o
       164         24          0          0          0       3125   stm32l0xx_hal_flash_ex.o
       434         38          0          0          0       4166   stm32l0xx_hal_gpio.o
       254         22          0          0          0       4772   stm32l0xx_hal_msp.o
       116         22          0          0          0       2098   stm32l0xx_hal_pwr.o
        32          8          0          0          0       1273   stm32l0xx_hal_pwr_ex.o
      1772        114          0          0          0       7428   stm32l0xx_hal_rcc.o
       844         56          0          0          0       3669   stm32l0xx_hal_rcc_ex.o
      1514         26          0          0          0      10708   stm32l0xx_hal_rtc.o
        60          0          0          0          0       1347   stm32l0xx_hal_rtc_ex.o
      1008          0          0          0          0       4771   stm32l0xx_hal_spi.o
      2132        106          0          0          0      15944   stm32l0xx_hal_uart.o
       196          4          0          0          0       3104   stm32l0xx_hal_uart_ex.o
       864        128          0          2         96      10352   stm32l0xx_hw.o
       190         10          0          0          0       5830   stm32l0xx_it.o
      5394        356        224         32        420     458228   sx1276.o
       534         60        104         28          0      13245   sx1276mb1las.o
        84         18         33          4          0       1791   system_stm32l0xx.o
       484         18          0          4          0       8583   timeserver.o
       616         22          0          0          0       4562   tiny_sscanf.o
       244         28          0          1        288       4639   trace.o
       144         24          0          4          0       5023   utilities.o
       488         66          0         12        176       6321   vcom.o

    ----------------------------------------------------------------------
     59080       5138       6008       1064       7444    1006641   Object Totals
         0          0         32          0          0          0   (incl. Generated)
        88          0          9          5          9          0   (incl. Padding)

    ----------------------------------------------------------------------

      Code (inc. data)   RO Data    RW Data    ZI Data      Debug   Library Member Name

       628         54         80          0          0        104   asin.o
       540         68        152          0          0        112   atan.o
       376         42          0          0          0        144   atan2.o
       200         20          0          0          0         76   ceil.o
       376         58          0          0          0        104   cosf.o
        54          6          0          0          0        272   dunder.o
       200         20          0          0          0         76   floor.o
        44          4          0          0          0         60   fpclassify.o
        34          0          0          0          0         60   fpclassifyf.o
        36          0          0          0          0        204   funder.o
       172          0          0          0          0         76   poly.o
         0          0          8          0          0          0   qnan.o
       156         14          0          0          0         84   round.o
       384         18         32          0          0         88   rredf.o
        72          6          0          0          0         76   sqrt.o
       368         56          0          0          0        100   tanf.o
        60         10          0          0          0         84   __0sscanf.o
        86          0          0          0          0          0   __dczerorl2.o
        30          0          0          0          0         60   _chval.o
       824         12          0          0          0         84   _scanf.o
       330          0          0          0          0         84   _scanf_int.o
        68          0          0          0          0         76   _sgetc.o
        36          4         64          0          0         60   ctype_c.o
         0          0          0          0          0          0   entry.o
         0          0          0          0          0          0   entry10a.o
         0          0          0          0          0          0   entry11a.o
         8          4          0          0          0          0   entry2.o
         4          0          0          0          0          0   entry5.o
         0          0          0          0          0          0   entry7b.o
         0          0          0          0          0          0   entry8b.o
         8          4          0          0          0          0   entry9a.o
        12          6          0          4          0         60   errno.o
        30          0          0          0          0          0   handlers.o
        40          0          0          0          0         72   idiv.o
        36          8          0          0          0         68   init.o
        14          0          0          0          0         68   isspace_c.o
         0          0          0          0          0          0   iusefp.o
       122          0          0          0          0         84   llmul.o
        32          0          0          0          0         68   llshl.o
        38          0          0          0          0         68   llsshr.o
        34          0          0          0          0         68   llushr.o
        36          0          0          0          0         60   memcpya.o
        36          0          0          0          0        100   memseta.o
      2286         94          0          0          0        460   printfa.o
        44          8          0          0          0         84   scanf_char.o
        28          0          0          0          0         68   strcmp.o
        14          0          0          0          0         60   strlen.o
        30          0          0          0          0         72   strncmp.o
        26          0          0          0          0         68   strncpy.o
        44          0          0          0          0         72   uidiv.o
        96          0          0          0          0         84   uldiv.o
        20          0          0          0          0         60   uread4.o
        40          2          0          0          0         68   cdcmple.o
        40          2          0          0          0         68   cdrcmple.o
        56          0          0          0          0         68   d2f.o
       356          4          0          0          0        140   dadd.o
       240          6          0          0          0         84   ddiv.o
       236          0          0          0          0        216   depilogue.o
        72         10          0          0          0         72   dfixi.o
        60         10          0          0          0         68   dfixui.o
        64         10          0          0          0         68   dfixul.o
        40          6          0          0          0         68   dflti.o
        28          4          0          0          0         68   dfltui.o
       208          6          0          0          0         88   dmul.o
       124         10          0          0          0         76   drnd.o
        44          0          0          0          0         72   dscalb.o
       162          0          0          0          0         80   dsqrt.o
        40          0          0          0          0         60   f2d.o
       178          0          0          0          0        108   fadd.o
       124          0          0          0          0         72   fdiv.o
       130          0          0          0          0        144   fepilogue.o
        50          0          0          0          0         60   ffixi.o
        40          0          0          0          0         60   ffixui.o
        22          0          0          0          0         68   fflti.o
        14          0          0          0          0         68   ffltui.o
       122          0          0          0          0         72   fmul.o
        62          0          0          0          0         68   frnd.o
        24          0          0          0          0         60   fscalb.o

    ----------------------------------------------------------------------
     10700        586        336          4          0       5972   Library Totals
        12          0          0          0          0          0   (incl. Padding)

    ----------------------------------------------------------------------

      Code (inc. data)   RO Data    RW Data    ZI Data      Debug   Library Name

      3640        366        272          0          0       1636   m_ps.l
      4472        150         64          4          0       2192   mc_p.l
      2576         70          0          0          0       2144   mf_p.l

    ----------------------------------------------------------------------
     10700        586        336          4          0       5972   Library Totals

    ----------------------------------------------------------------------

==============================================================================


      Code (inc. data)   RO Data    RW Data    ZI Data      Debug   

     69780       5724       6344       1068       7444     985057   Grand Totals
     69780       5724       6344        232       7444     985057   ELF Image Totals (compressed)
     69780       5724       6344        232          0          0   ROM Totals

==============================================================================

    Total RO  Size (Code + RO Data)                76124 (  74.34kB)
    Total RW  Size (RW Data + ZI Data)              8512 (   8.31kB)
    Total ROM Size (Code + RO Data + RW Data)      76356 (  74.57kB)

==============================================================================

