Component: ARM Compiler 5.06 update 6 (build 750) Tool: armlink [4d35ed]

==============================================================================

Section Cross References

    flash_eraseprogram.o(i.EEPROM_program) refers to stm32l0xx_hal_flash_ex.o(i.HAL_FLASHEx_DATAEEPROM_Unlock) for HAL_FLASHEx_DATAEEPROM_Unlock
    flash_eraseprogram.o(i.EEPROM_program) refers to stm32l0xx_hal_flash_ex.o(i.HAL_FLASHEx_DATAEEPROM_Program) for HAL_FLASHEx_DATAEEPROM_Program
    flash_eraseprogram.o(i.EEPROM_program) refers to trace.o(i.TraceSend) for TraceSend
    flash_eraseprogram.o(i.EEPROM_program) refers to stm32l0xx_hal_flash_ex.o(i.HAL_FLASHEx_DATAEEPROM_Lock) for HAL_FLASHEx_DATAEEPROM_Lock
    flash_eraseprogram.o(i.FLASH_erase) refers to stm32l0xx_hal_flash.o(i.HAL_FLASH_Unlock) for HAL_FLASH_Unlock
    flash_eraseprogram.o(i.FLASH_erase) refers to stm32l0xx_hal_flash_ex.o(i.HAL_FLASHEx_Erase) for HAL_FLASHEx_Erase
    flash_eraseprogram.o(i.FLASH_erase) refers to trace.o(i.TraceSend) for TraceSend
    flash_eraseprogram.o(i.FLASH_erase) refers to stm32l0xx_hal_flash.o(i.HAL_FLASH_Lock) for HAL_FLASH_Lock
    flash_eraseprogram.o(i.FLASH_erase) refers to flash_eraseprogram.o(.bss) for .bss
    flash_eraseprogram.o(i.FLASH_erase) refers to flash_eraseprogram.o(.data) for .data
    flash_eraseprogram.o(i.FLASH_program) refers to stm32l0xx_hal_flash.o(i.HAL_FLASH_Unlock) for HAL_FLASH_Unlock
    flash_eraseprogram.o(i.FLASH_program) refers to stm32l0xx_hal_flash.o(i.HAL_FLASH_Program) for HAL_FLASH_Program
    flash_eraseprogram.o(i.FLASH_program) refers to trace.o(i.TraceSend) for TraceSend
    flash_eraseprogram.o(i.FLASH_program) refers to stm32l0xx_hal_flash.o(i.HAL_FLASH_Lock) for HAL_FLASH_Lock
    flash_eraseprogram.o(i.FLASH_program_on_addr) refers to stm32l0xx_hal_flash.o(i.HAL_FLASH_Unlock) for HAL_FLASH_Unlock
    flash_eraseprogram.o(i.FLASH_program_on_addr) refers to stm32l0xx_hal_flash.o(i.HAL_FLASH_Program) for HAL_FLASH_Program
    flash_eraseprogram.o(i.FLASH_program_on_addr) refers to trace.o(i.TraceSend) for TraceSend
    flash_eraseprogram.o(i.FLASH_program_on_addr) refers to stm32l0xx_hal_flash.o(i.HAL_FLASH_Lock) for HAL_FLASH_Lock
    flash_eraseprogram.o(i.FLASH_read) refers to flash_eraseprogram.o(.data) for .data
    iwdg.o(i.GetLSIFrequency) refers to memseta.o(.text) for __aeabi_memclr4
    iwdg.o(i.GetLSIFrequency) refers to stm32l0xx_hal_rcc.o(i.HAL_RCC_OscConfig) for HAL_RCC_OscConfig
    iwdg.o(i.GetLSIFrequency) refers to debug.o(i.Error_Handler) for Error_Handler
    iwdg.o(i.GetLSIFrequency) refers to stm32l0xx_hal_tim.o(i.HAL_TIM_IC_Init) for HAL_TIM_IC_Init
    iwdg.o(i.GetLSIFrequency) refers to stm32l0xx_hal_tim_ex.o(i.HAL_TIMEx_RemapConfig) for HAL_TIMEx_RemapConfig
    iwdg.o(i.GetLSIFrequency) refers to stm32l0xx_hal_tim.o(i.HAL_TIM_IC_ConfigChannel) for HAL_TIM_IC_ConfigChannel
    iwdg.o(i.GetLSIFrequency) refers to stm32l0xx_hal_tim.o(i.HAL_TIM_IC_Start_IT) for HAL_TIM_IC_Start_IT
    iwdg.o(i.GetLSIFrequency) refers to stm32l0xx_hal_tim.o(i.HAL_TIM_IC_Stop_IT) for HAL_TIM_IC_Stop_IT
    iwdg.o(i.GetLSIFrequency) refers to stm32l0xx_hal_tim.o(i.HAL_TIM_IC_DeInit) for HAL_TIM_IC_DeInit
    iwdg.o(i.GetLSIFrequency) refers to iwdg.o(.bss) for .bss
    iwdg.o(i.GetLSIFrequency) refers to iwdg.o(.data) for .data
    iwdg.o(i.HAL_TIM_IC_CaptureCallback) refers to stm32l0xx_hal_tim.o(i.HAL_TIM_ReadCapturedValue) for HAL_TIM_ReadCapturedValue
    iwdg.o(i.HAL_TIM_IC_CaptureCallback) refers to uidiv.o(.text) for __aeabi_uidivmod
    iwdg.o(i.HAL_TIM_IC_CaptureCallback) refers to iwdg.o(.bss) for .bss
    iwdg.o(i.HAL_TIM_IC_CaptureCallback) refers to iwdg.o(.data) for .data
    iwdg.o(i.HAL_TIM_IC_CaptureCallback) refers to system_stm32l0xx.o(.data) for SystemCoreClock
    iwdg.o(i.IWDG_Refresh) refers to stm32l0xx_hal_iwdg.o(i.HAL_IWDG_Refresh) for HAL_IWDG_Refresh
    iwdg.o(i.IWDG_Refresh) refers to debug.o(i.Error_Handler) for Error_Handler
    iwdg.o(i.IWDG_Refresh) refers to iwdg.o(.bss) for .bss
    iwdg.o(i.TIMER_IRQHandler) refers to stm32l0xx_hal_tim.o(i.HAL_TIM_IRQHandler) for HAL_TIM_IRQHandler
    iwdg.o(i.TIMER_IRQHandler) refers to iwdg.o(.bss) for .bss
    iwdg.o(i.iwdg_init) refers to iwdg.o(i.GetLSIFrequency) for GetLSIFrequency
    iwdg.o(i.iwdg_init) refers to trace.o(i.TraceSend) for TraceSend
    iwdg.o(i.iwdg_init) refers to stm32l0xx_hal_iwdg.o(i.HAL_IWDG_Init) for HAL_IWDG_Init
    iwdg.o(i.iwdg_init) refers to debug.o(i.Error_Handler) for Error_Handler
    iwdg.o(i.iwdg_init) refers to iwdg.o(.data) for .data
    iwdg.o(i.iwdg_init) refers to iwdg.o(.bss) for .bss
    sx1276.o(i.GetFskBandwidthRegValue) refers to sx1276.o(.constdata) for .constdata
    sx1276.o(i.RxChainCalibration) refers to sx1276.o(i.SX1276Read) for SX1276Read
    sx1276.o(i.RxChainCalibration) refers to sx1276.o(i.SX1276Write) for SX1276Write
    sx1276.o(i.RxChainCalibration) refers to sx1276.o(i.SX1276SetChannel) for SX1276SetChannel
[...]
    0x08001752   0x08001752   0x00000002   PAD
    0x08001754   0x08001754   0x00000e08   Code   RO         5168    i.AHRSupdate        main.o
    0x0800255c   0x0800255c   0x00000098   Code   RO         9176    i.AddMacCommand     loramac.o
    0x080025f4   0x080025f4   0x00000048   Code   RO         4857    i.BSP_battery_Init  bsp.o
    0x0800263c   0x0800263c   0x00000034   Code   RO         4859    i.BSP_powerLED_Init  bsp.o
    0x08002670   0x08002670   0x0000003c   Code   RO         4861    i.BSP_sensor_Init   bsp.o
    0x080026ac   0x080026ac   0x00000068   Code   RO         4862    i.BSP_sensor_Read   bsp.o
    0x08002714   0x08002714   0x00000018   Code   RO         6496    i.CMD_GetChar       command.o
    0x0800272c   0x0800272c   0x00000018   Code   RO         6497    i.CMD_Init          command.o
    0x08002744   0x08002744   0x00000054   Code   RO         6498    i.CMD_Process       command.o
    0x08002798   0x08002798   0x00000034   Code   RO         5169    i.CalYaw            main.o
    0x080027cc   0x080027cc   0x0000003c   Code   RO         9177    i.CalculateBackOff  loramac.o
    0x08002808   0x08002808   0x000001fc   Code   RO         9829    i.CircularQueue_Add  queue.o
    0x08002a04   0x08002a04   0x00000026   Code   RO         9831    i.CircularQueue_Init  queue.o
    0x08002a2a   0x08002a2a   0x00000002   PAD
    0x08002a2c   0x08002a2c   0x000000d0   Code   RO         9833    i.CircularQueue_Remove  queue.o
    0x08002afc   0x08002afc   0x000000a4   Code   RO         9834    i.CircularQueue_Sense  queue.o
    0x08002ba0   0x08002ba0   0x0000009e   Code   RO         8838    i.CountNbOfEnabledChannels  regionru864.o
    0x08002c3e   0x08002c3e   0x00000002   PAD
    0x08002c40   0x08002c40   0x00000034   Code   RO         5171    i.CountTurns        main.o
    0x08002c74   0x08002c74   0x00000060   Code   RO         4926    i.DBG_Init          debug.o
    0x08002cd4   0x08002cd4   0x00000008   Code   RO         5546    i.DMA1_Channel4_5_6_7_IRQHandler  stm32l0xx_it.o
    0x08002cdc   0x08002cdc   0x0000001e   Code   RO         2772    i.DMA_SetConfig     stm32l0xx_hal_dma.o
    0x08002cfa   0x08002cfa   0x00000008   Code   RO         9538    i.DelayMs           delay.o
    0x08002d02   0x08002d02   0x00000002   PAD
    0x08002d04   0x08002d04   0x00000028   Code   RO         6560    i.EEPROM_Store_Config  lora.o
    0x08002d2c   0x08002d2c   0x00000064   Code   RO            3    i.EEPROM_program    flash_eraseprogram.o
    0x08002d90   0x08002d90   0x00000010   Code   RO         5548    i.EXTI0_1_IRQHandler  stm32l0xx_it.o
    0x08002da0   0x08002da0   0x00000010   Code   RO         5549    i.EXTI2_3_IRQHandler  stm32l0xx_it.o
    0x08002db0   0x08002db0   0x000000cc   Code   RO         5550    i.EXTI4_15_IRQHandler  stm32l0xx_it.o
    0x08002e7c   0x08002e7c   0x00000058   Code   RO          533    i.EXTI4_15_IRQHandler_Config  gpio_exti.o
    0x08002ed4   0x08002ed4   0x00000002   Code   RO         4927    i.Error_Handler     debug.o
    0x08002ed6   0x08002ed6   0x00000002   PAD
    0x08002ed8   0x08002ed8   0x0000002c   Code   RO         4622    i.FLASH_PageErase   stm32l0xx_hal_flash_ex.o
    0x08002f04   0x08002f04   0x00000090   Code   RO         4730    i.FLASH_SetErrorCode  stm32l0xx_hal_flash.o
    0x08002f94   0x08002f94   0x00000070   Code   RO         4731    i.FLASH_WaitForLastOperation  stm32l0xx_hal_flash.o
    0x08003004   0x08003004   0x00000050   Code   RO            4    i.FLASH_erase       flash_eraseprogram.o
    0x08003054   0x08003054   0x00000054   Code   RO            5    i.FLASH_program     flash_eraseprogram.o
    0x080030a8   0x080030a8   0x00000044   Code   RO            6    i.FLASH_program_on_addr  flash_eraseprogram.o
    0x080030ec   0x080030ec   0x00000010   Code   RO            7    i.FLASH_read        flash_eraseprogram.o
    0x080030fc   0x080030fc   0x00000088   Code   RO          751    i.GPS_DegreeToDMS   gps.o
    0x08003184   0x08003184   0x0000002c   Code   RO          753    i.GPS_INFO_update   gps.o
    0x080031b0   0x080031b0   0x00000264   Code   RO          754    i.GPS_INPUT         gps.o
    0x08003414   0x08003414   0x00000038   Code   RO         4863    i.GPS_Init          bsp.o
    0x0800344c   0x0800344c   0x00000044   Code   RO          756    i.GPS_Run           gps.o
    0x08003490   0x08003490   0x00000044   Code   RO          758    i.GPS_doinit        gps.o
    0x080034d4   0x080034d4   0x00000068   Code   RO          759    i.GPS_init          gps.o
    0x0800353c   0x0800353c   0x000007ac   Code   RO          760    i.GPS_parse         gps.o
    0x08003ce8   0x08003ce8   0x00000070   Code   RO          761    i.GPS_usart         gps.o
    0x08003d58   0x08003d58   0x00000024   Code   RO         8839    i.GetBandwidth      regionru864.o
    0x08003d7c   0x08003d7c   0x0000002c   Code   RO          269    i.GetFskBandwidthRegValue  sx1276.o
    0x08003da8   0x08003da8   0x000000a4   Code   RO          216    i.GetLSIFrequency   iwdg.o
    0x08003e4c   0x08003e4c   0x000000aa   Code   RO         4031    i.HAL_ADCEx_Calibration_Start  stm32l0xx_hal_adc_ex.o
    0x08003ef6   0x08003ef6   0x00000002   PAD
    0x08003ef8   0x08003ef8   0x00000094   Code   RO         2045    i.HAL_ADC_ConfigChannel  stm32l0xx_hal_adc.o
    0x08003f8c   0x08003f8c   0x00000006   Code   RO         2052    i.HAL_ADC_GetValue  stm32l0xx_hal_adc.o
    0x08003f92   0x08003f92   0x00000002   PAD
    0x08003f94   0x08003f94   0x000001c4   Code   RO         2054    i.HAL_ADC_Init      stm32l0xx_hal_adc.o
    0x08004158   0x08004158   0x00000002   Code   RO         2057    i.HAL_ADC_MspInit   stm32l0xx_hal_adc.o
    0x0800415a   0x0800415a   0x000000be   Code   RO         2058    i.HAL_ADC_PollForConversion  stm32l0xx_hal_adc.o
    0x08004218   0x08004218   0x0000005c   Code   RO         2060    i.HAL_ADC_Start     stm32l0xx_hal_adc.o
    0x08004274   0x08004274   0x00000010   Code   RO         2445    i.HAL_DBGMCU_DisableDBGSleepMode  stm32l0xx_hal.o
    0x08004284   0x08004284   0x00000010   Code   RO         2446    i.HAL_DBGMCU_DisableDBGStandbyMode  stm32l0xx_hal.o
    0x08004294   0x08004294   0x00000010   Code   RO         2447    i.HAL_DBGMCU_DisableDBGStopMode  stm32l0xx_hal.o
    0x080042a4   0x080042a4   0x00000098   Code   RO         2774    i.HAL_DMA_Abort_IT  stm32l0xx_hal_dma.o
    0x0800433c   0x0800433c   0x00000280   Code   RO         2778    i.HAL_DMA_IRQHandler  stm32l0xx_hal_dma.o
    0x080045bc   0x080045bc   0x00000108   Code   RO         2779    i.HAL_DMA_Init      stm32l0xx_hal_dma.o
    0x080046c4   0x080046c4   0x0000004e   Code   RO         2782    i.HAL_DMA_Start_IT  stm32l0xx_hal_dma.o
    0x08004712   0x08004712   0x0000000a   Code   RO         5381    i.HAL_Delay         stm32l0xx_hal_msp.o
    0x0800471c   0x0800471c   0x00000014   Code   RO         4628    i.HAL_FLASHEx_DATAEEPROM_Lock  stm32l0xx_hal_flash_ex.o
    0x08004730   0x08004730   0x00000054   Code   RO         4629    i.HAL_FLASHEx_DATAEEPROM_Program  stm32l0xx_hal_flash_ex.o
    0x08004784   0x08004784   0x00000024   Code   RO         4630    i.HAL_FLASHEx_DATAEEPROM_Unlock  stm32l0xx_hal_flash_ex.o
    0x080047a8   0x080047a8   0x00000078   Code   RO         4631    i.HAL_FLASHEx_Erase  stm32l0xx_hal_flash_ex.o
    0x08004820   0x08004820   0x00000014   Code   RO         4735    i.HAL_FLASH_Lock    stm32l0xx_hal_flash.o
    0x08004834   0x08004834   0x0000003c   Code   RO         4740    i.HAL_FLASH_Program  stm32l0xx_hal_flash.o
    0x08004870   0x08004870   0x0000003c   Code   RO         4742    i.HAL_FLASH_Unlock  stm32l0xx_hal_flash.o
    0x080048ac   0x080048ac   0x00000008   Code   RO         5551    i.HAL_GPIO_EXTI_Callback  stm32l0xx_it.o
    0x080048b4   0x080048b4   0x00000018   Code   RO         2712    i.HAL_GPIO_EXTI_IRQHandler  stm32l0xx_hal_gpio.o
    0x080048cc   0x080048cc   0x00000184   Code   RO         2713    i.HAL_GPIO_Init     stm32l0xx_hal_gpio.o
    0x08004a50   0x08004a50   0x0000000a   Code   RO         2715    i.HAL_GPIO_ReadPin  stm32l0xx_hal_gpio.o
    0x08004a5a   0x08004a5a   0x00000008   Code   RO         2716    i.HAL_GPIO_TogglePin  stm32l0xx_hal_gpio.o
    0x08004a62   0x08004a62   0x0000000c   Code   RO         2717    i.HAL_GPIO_WritePin  stm32l0xx_hal_gpio.o
    0x08004a6e   0x08004a6e   0x00000002   PAD
    0x08004a70   0x08004a70   0x0000000c   Code   RO         2456    i.HAL_GetTick       stm32l0xx_hal.o
    0x08004a7c   0x08004a7c   0x00000064   Code   RO         4824    i.HAL_IWDG_Init     stm32l0xx_hal_iwdg.o
    0x08004ae0   0x08004ae0   0x00000010   Code   RO         4825    i.HAL_IWDG_Refresh  stm32l0xx_hal_iwdg.o
    0x08004af0   0x08004af0   0x00000010   Code   RO         2457    i.HAL_IncTick       stm32l0xx_hal.o
    0x08004b00   0x08004b00   0x00000020   Code   RO         2458    i.HAL_Init          stm32l0xx_hal.o
    0x08004b20   0x08004b20   0x00000004   Code   RO         5382    i.HAL_InitTick      stm32l0xx_hal_msp.o
    0x08004b24   0x08004b24   0x0000002c   Code   RO         5383    i.HAL_MspInit       stm32l0xx_hal_msp.o
    0x08004b50   0x08004b50   0x00000014   Code   RO         2613    i.HAL_NVIC_EnableIRQ  stm32l0xx_hal_cortex.o
    0x08004b64   0x08004b64   0x00000008   Code   RO         2617    i.HAL_NVIC_SetPriority  stm32l0xx_hal_cortex.o
    0x08004b6c   0x08004b6c   0x00000010   Code   RO         2970    i.HAL_PWREx_EnableFastWakeUp  stm32l0xx_hal_pwr_ex.o
    0x08004b7c   0x08004b7c   0x00000010   Code   RO         2972    i.HAL_PWREx_EnableUltraLowPower  stm32l0xx_hal_pwr_ex.o
    0x08004b8c   0x08004b8c   0x00000010   Code   RO         2854    i.HAL_PWR_DisablePVD  stm32l0xx_hal_pwr.o
    0x08004b9c   0x08004b9c   0x00000030   Code   RO         2863    i.HAL_PWR_EnterSLEEPMode  stm32l0xx_hal_pwr.o
    0x08004bcc   0x08004bcc   0x00000034   Code   RO         2865    i.HAL_PWR_EnterSTOPMode  stm32l0xx_hal_pwr.o
    0x08004c00   0x08004c00   0x000001c0   Code   RO         2330    i.HAL_RCCEx_GetPeriphCLKFreq  stm32l0xx_hal_rcc_ex.o
    0x08004dc0   0x08004dc0   0x0000018c   Code   RO         2333    i.HAL_RCCEx_PeriphCLKConfig  stm32l0xx_hal_rcc_ex.o
    0x08004f4c   0x08004f4c   0x00000168   Code   RO         2219    i.HAL_RCC_ClockConfig  stm32l0xx_hal_rcc.o
    0x080050b4   0x080050b4   0x00000020   Code   RO         2225    i.HAL_RCC_GetPCLK1Freq  stm32l0xx_hal_rcc.o
    0x080050d4   0x080050d4   0x00000020   Code   RO         2226    i.HAL_RCC_GetPCLK2Freq  stm32l0xx_hal_rcc.o
    0x080050f4   0x080050f4   0x00000078   Code   RO         2227    i.HAL_RCC_GetSysClockFreq  stm32l0xx_hal_rcc.o
    0x0800516c   0x0800516c   0x0000045c   Code   RO         2230    i.HAL_RCC_OscConfig  stm32l0xx_hal_rcc.o
    0x080055c8   0x080055c8   0x0000003c   Code   RO         3165    i.HAL_RTCEx_EnableBypassShadow  stm32l0xx_hal_rtc_ex.o
    0x08005604   0x08005604   0x00000008   Code   RO         5384    i.HAL_RTC_AlarmAEventCallback  stm32l0xx_hal_msp.o
    0x0800560c   0x0800560c   0x000000b8   Code   RO         3026    i.HAL_RTC_DeactivateAlarm  stm32l0xx_hal_rtc.o
    0x080056c4   0x080056c4   0x00000044   Code   RO         3028    i.HAL_RTC_GetDate   stm32l0xx_hal_rtc.o
    0x08005708   0x08005708   0x0000005c   Code   RO         3030    i.HAL_RTC_GetTime   stm32l0xx_hal_rtc.o
    0x08005764   0x08005764   0x000000a4   Code   RO         3031    i.HAL_RTC_Init      stm32l0xx_hal_rtc.o
    0x08005808   0x08005808   0x0000005c   Code   RO         5386    i.HAL_RTC_MspInit   stm32l0xx_hal_msp.o
    0x08005864   0x08005864   0x000001a0   Code   RO         3036    i.HAL_RTC_SetAlarm_IT  stm32l0xx_hal_rtc.o
    0x08005a04   0x08005a04   0x000000cc   Code   RO         3037    i.HAL_RTC_SetDate   stm32l0xx_hal_rtc.o
    0x08005ad0   0x08005ad0   0x000000f0   Code   RO         3038    i.HAL_RTC_SetTime   stm32l0xx_hal_rtc.o
    0x08005bc0   0x08005bc0   0x00000034   Code   RO         3039    i.HAL_RTC_WaitForSynchro  stm32l0xx_hal_rtc.o
    0x08005bf4   0x08005bf4   0x00000084   Code   RO         1468    i.HAL_SPI_Init      stm32l0xx_hal_spi.o
    0x08005c78   0x08005c78   0x00000002   Code   RO         1470    i.HAL_SPI_MspInit   stm32l0xx_hal_spi.o
    0x08005c7a   0x08005c7a   0x000002b8   Code   RO         1477    i.HAL_SPI_TransmitReceive  stm32l0xx_hal_spi.o
    0x08005f32   0x08005f32   0x0000001e   Code   RO         4004    i.HAL_TIMEx_RemapConfig  stm32l0xx_hal_tim_ex.o
    0x08005f50   0x08005f50   0x00000050   Code   RO          217    i.HAL_TIM_IC_CaptureCallback  iwdg.o
    0x08005fa0   0x08005fa0   0x00000120   Code   RO         3412    i.HAL_TIM_IC_ConfigChannel  stm32l0xx_hal_tim.o
    0x080060c0   0x080060c0   0x0000002c   Code   RO         3413    i.HAL_TIM_IC_DeInit  stm32l0xx_hal_tim.o
    0x080060ec   0x080060ec   0x00000034   Code   RO         3415    i.HAL_TIM_IC_Init   stm32l0xx_hal_tim.o
    0x08006120   0x08006120   0x00000002   Code   RO         3416    i.HAL_TIM_IC_MspDeInit  stm32l0xx_hal_tim.o
    0x08006122   0x08006122   0x00000002   PAD
    0x08006124   0x08006124   0x00000024   Code   RO         5387    i.HAL_TIM_IC_MspInit  stm32l0xx_hal_msp.o
    0x08006148   0x08006148   0x00000048   Code   RO         3420    i.HAL_TIM_IC_Start_IT  stm32l0xx_hal_tim.o
    0x08006190   0x08006190   0x00000054   Code   RO         3423    i.HAL_TIM_IC_Stop_IT  stm32l0xx_hal_tim.o
    0x080061e4   0x080061e4   0x00000126   Code   RO         3424    i.HAL_TIM_IRQHandler  stm32l0xx_hal_tim.o
    0x0800630a   0x0800630a   0x00000002   Code   RO         3427    i.HAL_TIM_OC_DelayElapsedCallback  stm32l0xx_hal_tim.o
    0x0800630c   0x0800630c   0x00000002   Code   RO         3454    i.HAL_TIM_PWM_PulseFinishedCallback  stm32l0xx_hal_tim.o
    0x0800630e   0x0800630e   0x00000002   Code   RO         3461    i.HAL_TIM_PeriodElapsedCallback  stm32l0xx_hal_tim.o
    0x08006310   0x08006310   0x00000046   Code   RO         3462    i.HAL_TIM_ReadCapturedValue  stm32l0xx_hal_tim.o
    0x08006356   0x08006356   0x00000002   Code   RO         3465    i.HAL_TIM_TriggerCallback  stm32l0xx_hal_tim.o
    0x08006358   0x08006358   0x0000002a   Code   RO         4090    i.HAL_UARTEx_EnableStopMode  stm32l0xx_hal_uart_ex.o
    0x08006382   0x08006382   0x00000002   PAD
    0x08006384   0x08006384   0x00000098   Code   RO         4091    i.HAL_UARTEx_StopModeWakeUpSourceConfig  stm32l0xx_hal_uart_ex.o
    0x0800641c   0x0800641c   0x00000002   Code   RO         4092    i.HAL_UARTEx_WakeupCallback  stm32l0xx_hal_uart_ex.o
    0x0800641e   0x0800641e   0x00000002   Code   RO         1717    i.HAL_UART_ErrorCallback  stm32l0xx_hal_uart.o
    0x08006420   0x08006420   0x00000144   Code   RO         1720    i.HAL_UART_IRQHandler  stm32l0xx_hal_uart.o
    0x08006564   0x08006564   0x0000006c   Code   RO         1721    i.HAL_UART_Init     stm32l0xx_hal_uart.o
    0x080065d0   0x080065d0   0x000000dc   Code   RO         5674    i.HAL_UART_MspInit  vcom.o
    0x080066ac   0x080066ac   0x000000a0   Code   RO         1726    i.HAL_UART_Receive_IT  stm32l0xx_hal_uart.o
    0x0800674c   0x0800674c   0x00000034   Code   RO         5675    i.HAL_UART_RxCpltCallback  vcom.o
    0x08006780   0x08006780   0x000000c8   Code   RO         1729    i.HAL_UART_Transmit  stm32l0xx_hal_uart.o
    0x08006848   0x08006848   0x00000098   Code   RO         1730    i.HAL_UART_Transmit_DMA  stm32l0xx_hal_uart.o
    0x080068e0   0x080068e0   0x00000010   Code   RO         5676    i.HAL_UART_TxCpltCallback  vcom.o
    0x080068f0   0x080068f0   0x00000002   Code   RO         1733    i.HAL_UART_TxHalfCpltCallback  stm32l0xx_hal_uart.o
    0x080068f2   0x080068f2   0x00000002   PAD
    0x080068f4   0x080068f4   0x0000005c   Code   RO         5444    i.HW_AdcInit        stm32l0xx_hw.o
    0x08006950   0x08006950   0x00000094   Code   RO         5445    i.HW_AdcReadChannel  stm32l0xx_hw.o
    0x080069e4   0x080069e4   0x00000038   Code   RO         4952    i.HW_GPIO_GetBitPos  hw_gpio.o
    0x08006a1c   0x08006a1c   0x00000054   Code   RO         4953    i.HW_GPIO_Init      hw_gpio.o
    0x08006a70   0x08006a70   0x00000018   Code   RO         4954    i.HW_GPIO_IrqHandler  hw_gpio.o
    0x08006a88   0x08006a88   0x0000003c   Code   RO         4956    i.HW_GPIO_SetIrq    hw_gpio.o
    0x08006ac4   0x08006ac4   0x0000000a   Code   RO         4957    i.HW_GPIO_Write     hw_gpio.o
    0x08006ace   0x08006ace   0x00000002   PAD
    0x08006ad0   0x08006ad0   0x00000060   Code   RO         5447    i.HW_GetBatteryLevel  stm32l0xx_hw.o
    0x08006b30   0x08006b30   0x00000014   Code   RO         5448    i.HW_GetRandomSeed  stm32l0xx_hw.o
    0x08006b44   0x08006b44   0x00000058   Code   RO         5449    i.HW_GetTemperatureLevel  stm32l0xx_hw.o
    0x08006b9c   0x08006b9c   0x00000044   Code   RO         5450    i.HW_GetUniqueId    stm32l0xx_hw.o
    0x08006be0   0x08006be0   0x00000040   Code   RO         5452    i.HW_Init           stm32l0xx_hw.o
    0x08006c20   0x08006c20   0x00000026   Code   RO         5003    i.HW_RTC_DelayMs    hw_rtc.o
    0x08006c46   0x08006c46   0x00000002   PAD
    0x08006c48   0x08006c48   0x000000a4   Code   RO         5004    i.HW_RTC_GetCalendarValue  hw_rtc.o
    0x08006cec   0x08006cec   0x00000004   Code   RO         5005    i.HW_RTC_GetMinimumTimeout  hw_rtc.o
    0x08006cf0   0x08006cf0   0x0000000c   Code   RO         5006    i.HW_RTC_GetTimerContext  hw_rtc.o
    0x08006cfc   0x08006cfc   0x0000001c   Code   RO         5007    i.HW_RTC_GetTimerElapsedTime  hw_rtc.o
    0x08006d18   0x08006d18   0x00000010   Code   RO         5008    i.HW_RTC_GetTimerValue  hw_rtc.o
    0x08006d28   0x08006d28   0x0000002c   Code   RO         5009    i.HW_RTC_Init       hw_rtc.o
    0x08006d54   0x08006d54   0x0000003c   Code   RO         5010    i.HW_RTC_IrqHandler  hw_rtc.o
    0x08006d90   0x08006d90   0x0000003c   Code   RO         5011    i.HW_RTC_SetAlarm   hw_rtc.o
    0x08006dcc   0x08006dcc   0x00000060   Code   RO         5012    i.HW_RTC_SetConfig  hw_rtc.o
    0x08006e2c   0x08006e2c   0x00000018   Code   RO         5013    i.HW_RTC_SetTimerContext  hw_rtc.o
    0x08006e44   0x08006e44   0x00000118   Code   RO         5014    i.HW_RTC_StartWakeUpAlarm  hw_rtc.o
    0x08006f5c   0x08006f5c   0x00000020   Code   RO         5015    i.HW_RTC_StopAlarm  hw_rtc.o
    0x08006f7c   0x08006f7c   0x00000010   Code   RO         5016    i.HW_RTC_Tick2ms    hw_rtc.o
    0x08006f8c   0x08006f8c   0x00000010   Code   RO         5018    i.HW_RTC_ms2Tick    hw_rtc.o
    0x08006f9c   0x08006f9c   0x00000020   Code   RO         5123    i.HW_SPI_InOut      hw_spi.o
    0x08006fbc   0x08006fbc   0x00000084   Code   RO         5124    i.HW_SPI_Init       hw_spi.o
    0x08007040   0x08007040   0x00000074   Code   RO         5125    i.HW_SPI_IoDeInit   hw_spi.o
    0x080070b4   0x080070b4   0x0000005c   Code   RO         5126    i.HW_SPI_IoInit     hw_spi.o
    0x08007110   0x08007110   0x00000004   Code   RO         5552    i.HardFault_Handler  stm32l0xx_it.o
    0x08007114   0x08007114   0x00000040   Code   RO          667    i.IIC_Ack           iic.o
    0x08007154   0x08007154   0x0000000e   Code   RO          668    i.IIC_Delay         iic.o
    0x08007162   0x08007162   0x00000002   PAD
    0x08007164   0x08007164   0x00000038   Code   RO          669    i.IIC_GPIO_MODE_Config  iic.o
    0x0800719c   0x0800719c   0x00000040   Code   RO          670    i.IIC_NAck          iic.o
    0x080071dc   0x080071dc   0x00000060   Code   RO          671    i.IIC_ReadByte      iic.o
    0x0800723c   0x0800723c   0x00000068   Code   RO          672    i.IIC_SendByte      iic.o
    0x080072a4   0x080072a4   0x00000044   Code   RO          673    i.IIC_Start         iic.o
    0x080072e8   0x080072e8   0x00000042   Code   RO          674    i.IIC_Stop          iic.o
    0x0800732a   0x0800732a   0x0000005c   Code   RO          675    i.IIC_WaitAck       iic.o
    0x08007386   0x08007386   0x00000002   PAD
    0x08007388   0x08007388   0x00000018   Code   RO          218    i.IWDG_Refresh      iwdg.o
    0x080073a0   0x080073a0   0x0000000c   Code   RO         6561    i.LOG_GPS           lora.o
    0x080073ac   0x080073ac   0x00000044   Code   RO         5172    i.LORA_ConfirmClass  main.o
    0x080073f0   0x080073f0   0x0000000c   Code   RO         6562    i.LORA_GPS          lora.o
    0x080073fc   0x080073fc   0x0000000c   Code   RO         6563    i.LORA_GPS_MPU      lora.o
    0x08007408   0x08007408   0x000000e0   Code   RO         5173    i.LORA_HasJoined    main.o
    0x080074e8   0x080074e8   0x00000188   Code   RO         6565    i.LORA_Init         lora.o
    0x08007670   0x08007670   0x00000098   Code   RO         6566    i.LORA_Join         lora.o
    0x08007708   0x08007708   0x00000018   Code   RO         6567    i.LORA_JoinStatus   lora.o
    0x08007720   0x08007720   0x0000006c   Code   RO         6568    i.LORA_RequestClass  lora.o
    0x0800778c   0x0800778c   0x000005fc   Code   RO         5174    i.LORA_RxData       main.o
    0x08007d88   0x08007d88   0x0000007c   Code   RO         6570    i.LORA_send         lora.o
    0x08007e04   0x08007e04   0x0000007c   Code   RO          562    i.LPF2pApply_1      filter.o
    0x08007e80   0x08007e80   0x0000007c   Code   RO          563    i.LPF2pApply_2      filter.o
    0x08007efc   0x08007efc   0x0000007c   Code   RO          564    i.LPF2pApply_3      filter.o
    0x08007f78   0x08007f78   0x0000007c   Code   RO          565    i.LPF2pApply_4      filter.o
    0x08007ff4   0x08007ff4   0x0000007c   Code   RO          566    i.LPF2pApply_5      filter.o
    0x08008070   0x08008070   0x0000007c   Code   RO          567    i.LPF2pApply_6      filter.o
    0x080080ec   0x080080ec   0x000000c4   Code   RO          568    i.LPF2pSetCutoffFreq_1  filter.o
    0x080081b0   0x080081b0   0x000000c4   Code   RO          569    i.LPF2pSetCutoffFreq_2  filter.o
    0x08008274   0x08008274   0x000000c4   Code   RO          570    i.LPF2pSetCutoffFreq_3  filter.o
    0x08008338   0x08008338   0x000000c4   Code   RO          571    i.LPF2pSetCutoffFreq_4  filter.o
    0x080083fc   0x080083fc   0x000000c4   Code   RO          572    i.LPF2pSetCutoffFreq_5  filter.o
    0x080084c0   0x080084c0   0x000000c4   Code   RO          573    i.LPF2pSetCutoffFreq_6  filter.o
    0x08008584   0x08008584   0x00000034   Code   RO         9563    i.LPM_EnterLowPower  low_power_manager.o
    0x080085b8   0x080085b8   0x00000002   Code   RO         9564    i.LPM_EnterOffMode  low_power_manager.o
    0x080085ba   0x080085ba   0x0000000c   Code   RO         5453    i.LPM_EnterSleepMode  stm32l0xx_hw.o
    0x080085c6   0x080085c6   0x00000002   PAD
    0x080085c8   0x080085c8   0x00000040   Code   RO         5454    i.LPM_EnterStopMode  stm32l0xx_hw.o
    0x08008608   0x08008608   0x00000002   Code   RO         9567    i.LPM_ExitOffMode   low_power_manager.o
    0x0800860a   0x0800860a   0x00000002   Code   RO         9568    i.LPM_ExitSleepMode  low_power_manager.o
    0x0800860c   0x0800860c   0x00000054   Code   RO         5455    i.LPM_ExitStopMode  stm32l0xx_hw.o
    0x08008660   0x08008660   0x00000028   Code   RO         9570    i.LPM_GetMode       low_power_manager.o
    0x08008688   0x08008688   0x00000028   Code   RO         9571    i.LPM_SetOffMode    low_power_manager.o
    0x080086b0   0x080086b0   0x00000028   Code   RO         9572    i.LPM_SetStopMode   low_power_manager.o
    0x080086d8   0x080086d8   0x0000007c   Code   RO         9423    i.LoRaMacComputeMic  loramaccrypto.o
    0x08008754   0x08008754   0x0000023c   Code   RO         9180    i.LoRaMacInitialization  loramac.o
    0x08008990   0x08008990   0x00000048   Code   RO         9424    i.LoRaMacJoinComputeMic  loramaccrypto.o
    0x080089d8   0x080089d8   0x00000088   Code   RO         9425    i.LoRaMacJoinComputeSKeys  loramaccrypto.o
    0x08008a60   0x08008a60   0x00000040   Code   RO         9426    i.LoRaMacJoinDecrypt  loramaccrypto.o
    0x08008aa0   0x08008aa0   0x0000012c   Code   RO         9181    i.LoRaMacMcpsRequest  loramac.o
    0x08008bcc   0x08008bcc   0x000000f8   Code   RO         9182    i.LoRaMacMibGetRequestConfirm  loramac.o
    0x08008cc4   0x08008cc4   0x00000288   Code   RO         9183    i.LoRaMacMibSetRequestConfirm  loramac.o
    0x08008f4c   0x08008f4c   0x00000158   Code   RO         9184    i.LoRaMacMlmeRequest  loramac.o
    0x080090a4   0x080090a4   0x00000010   Code   RO         9427    i.LoRaMacPayloadDecrypt  loramaccrypto.o
    0x080090b4   0x080090b4   0x000000c0   Code   RO         9428    i.LoRaMacPayloadEncrypt  loramaccrypto.o
    0x08009174   0x08009174   0x000000b8   Code   RO         9187    i.LoRaMacQueryTxPossible  loramac.o
    0x0800922c   0x0800922c   0x00000020   Code   RO         9190    i.LoRaMacTestSetDutyCycleOn  loramac.o
    0x0800924c   0x0800924c   0x00000070   Code   RO         6571    i.MPU9250_INT       lora.o
    0x080092bc   0x080092bc   0x000000b4   Code   RO          931    i.MPU_Get_Accel     mpu9250.o
    0x08009370   0x08009370   0x00000038   Code   RO          932    i.MPU_Get_Accelerometer  mpu9250.o
    0x080093a8   0x080093a8   0x00000078   Code   RO          933    i.MPU_Get_Gyro      mpu9250.o
    0x08009420   0x08009420   0x00000032   Code   RO          934    i.MPU_Get_Gyroscope  mpu9250.o
    0x08009452   0x08009452   0x00000002   PAD
    0x08009454   0x08009454   0x000000b8   Code   RO          938    i.MPU_INT_Init      mpu9250.o
    0x0800950c   0x0800950c   0x000000f0   Code   RO          939    i.MPU_Init          mpu9250.o
    0x080095fc   0x080095fc   0x00000040   Code   RO          940    i.MPU_Read_Byte     mpu9250.o
    0x0800963c   0x0800963c   0x00000064   Code   RO          941    i.MPU_Read_Len      mpu9250.o
    0x080096a0   0x080096a0   0x00000010   Code   RO          942    i.MPU_Set_Accel_Fsr  mpu9250.o
    0x080096b0   0x080096b0   0x00000012   Code   RO          943    i.MPU_Set_Gyro_Fsr  mpu9250.o
    0x080096c2   0x080096c2   0x00000036   Code   RO          944    i.MPU_Set_LPF       mpu9250.o
    0x080096f8   0x080096f8   0x00000030   Code   RO          945    i.MPU_Set_Rate      mpu9250.o
    0x08009728   0x08009728   0x00000044   Code   RO          946    i.MPU_Write_Byte    mpu9250.o
    0x0800976c   0x0800976c   0x00000030   Code   RO         5388    i.MSP_GetIRQn       stm32l0xx_hal_msp.o
    0x0800979c   0x0800979c   0x00000002   Code   RO         6572    i.McpsConfirm       lora.o
    0x0800979e   0x0800979e   0x00000002   PAD
    0x080097a0   0x080097a0   0x0000009c   Code   RO         6573    i.McpsIndication    lora.o
    0x0800983c   0x0800983c   0x00000044   Code   RO         6574    i.MlmeConfirm       lora.o
    0x08009880   0x08009880   0x00000002   Code   RO         5554    i.NMI_Handler       stm32l0xx_it.o
    0x08009882   0x08009882   0x00000002   PAD
    0x08009884   0x08009884   0x00000044   Code   RO         2623    i.NVIC_SetPriority  stm32l0xx_hal_cortex.o
    0x080098c8   0x080098c8   0x0000001c   Code   RO         5175    i.NVIC_SystemReset  main.o
    0x080098e4   0x080098e4   0x0000001c   Code   RO         5763    i.NVIC_SystemReset  at.o
    0x08009900   0x08009900   0x0000001c   Code   RO         6575    i.NVIC_SystemReset  lora.o
    0x0800991c   0x0800991c   0x00000038   Code   RO         9192    i.OnAckTimeoutTimerEvent  loramac.o
    0x08009954   0x08009954   0x00000030   Code   RO         9482    i.OnCertifTxNextPacketTimerEvent  lora-test.o
    0x08009984   0x08009984   0x00000024   Code   RO         5176    i.OnIWDGRefreshTimeoutEvent  main.o
    0x080099a8   0x080099a8   0x00000264   Code   RO         9193    i.OnMacStateCheckTimerEvent  loramac.o
    0x08009c0c   0x08009c0c   0x0000001c   Code   RO         5178    i.OnPressButtonTimeoutEvent  main.o
    0x08009c28   0x08009c28   0x0000001c   Code   RO         5179    i.OnPressButtonTimesLedEvent  main.o
    0x08009c44   0x08009c44   0x00000524   Code   RO         9194    i.OnRadioRxDone     loramac.o
    0x0800a168   0x0800a168   0x00000060   Code   RO         9195    i.OnRadioRxError    loramac.o
    0x0800a1c8   0x0800a1c8   0x00000068   Code   RO         9196    i.OnRadioRxTimeout  loramac.o
    0x0800a230   0x0800a230   0x000000ec   Code   RO         9197    i.OnRadioTxDone     loramac.o
    0x0800a31c   0x0800a31c   0x0000003c   Code   RO         9198    i.OnRadioTxTimeout  loramac.o
    0x0800a358   0x0800a358   0x0000007c   Code   RO         9199    i.OnRxWindow1TimerEvent  loramac.o
    0x0800a3d4   0x0800a3d4   0x00000078   Code   RO         9200    i.OnRxWindow2TimerEvent  loramac.o
    0x0800a44c   0x0800a44c   0x00000074   Code   RO         9201    i.OnTxDelayedTimerEvent  loramac.o
    0x0800a4c0   0x0800a4c0   0x0000003c   Code   RO         5180    i.OnTxTimerEvent    main.o
    0x0800a4fc   0x0800a4fc   0x00000064   Code   RO         5181    i.OnTxTimerEvent2   main.o
    0x0800a560   0x0800a560   0x00000090   Code   RO          762    i.PMTK353           gps.o
    0x0800a5f0   0x0800a5f0   0x00000088   Code   RO          763    i.PMTK886           gps.o
    0x0800a678   0x0800a678   0x00000060   Code   RO          765    i.POWER_ON          gps.o
    0x0800a6d8   0x0800a6d8   0x00000054   Code   RO         9202    i.ParseMacCommandsToRepeat  loramac.o
    0x0800a72c   0x0800a72c   0x00000002   Code   RO         5555    i.PendSV_Handler    stm32l0xx_it.o
    0x0800a72e   0x0800a72e   0x00000002   PAD
    0x0800a730   0x0800a730   0x00000280   Code   RO         9203    i.PrepareFrame      loramac.o
    0x0800a9b0   0x0800a9b0   0x0000003c   Code   RO         9204    i.PrepareRxDoneAbort  loramac.o
    0x0800a9ec   0x0800a9ec   0x00000458   Code   RO         9205    i.ProcessMacCommands  loramac.o
    0x0800ae44   0x0800ae44   0x00000070   Code   RO         2231    i.RCC_SetFlashLatencyFromMSIRange  stm32l0xx_hal_rcc.o
    0x0800aeb4   0x0800aeb4   0x00000008   Code   RO         5556    i.RNG_LPUART1_IRQHandler  stm32l0xx_it.o
    0x0800aebc   0x0800aebc   0x00000010   Code   RO         3040    i.RTC_Bcd2ToByte    stm32l0xx_hal_rtc.o
    0x0800aecc   0x0800aecc   0x00000016   Code   RO         3041    i.RTC_ByteToBcd2    stm32l0xx_hal_rtc.o
    0x0800aee2   0x0800aee2   0x00000038   Code   RO         3042    i.RTC_EnterInitMode  stm32l0xx_hal_rtc.o
    0x0800af1a   0x0800af1a   0x00000008   Code   RO         5557    i.RTC_IRQHandler    stm32l0xx_it.o
    0x0800af22   0x0800af22   0x00000002   PAD
    0x0800af24   0x0800af24   0x00000328   Code   RO         6576    i.Read_Config       lora.o
    0x0800b24c   0x0800b24c   0x0000001e   Code   RO         7028    i.RegionAdrNext     region.o
    0x0800b26a   0x0800b26a   0x00000012   Code   RO         7029    i.RegionAlternateDr  region.o
    0x0800b27c   0x0800b27c   0x0000000e   Code   RO         7030    i.RegionApplyCFList  region.o
    0x0800b28a   0x0800b28a   0x0000001a   Code   RO         7031    i.RegionApplyDrOffset  region.o
    0x0800b2a4   0x0800b2a4   0x0000000e   Code   RO         7032    i.RegionCalcBackOff  region.o
    0x0800b2b2   0x0800b2b2   0x00000012   Code   RO         7033    i.RegionChanMaskSet  region.o
    0x0800b2c4   0x0800b2c4   0x0000005c   Code   RO         7880    i.RegionCommonCalcBackOff  regioncommon.o
    0x0800b320   0x0800b320   0x00000026   Code   RO         7881    i.RegionCommonChanDisable  regioncommon.o
    0x0800b346   0x0800b346   0x0000001e   Code   RO         7882    i.RegionCommonChanMaskCopy  regioncommon.o
    0x0800b364   0x0800b364   0x00000060   Code   RO         7883    i.RegionCommonChanVerifyDr  regioncommon.o
    0x0800b3c4   0x0800b3c4   0x00000090   Code   RO         7884    i.RegionCommonComputeRxWindowParameters  regioncommon.o
    0x0800b454   0x0800b454   0x00000018   Code   RO         7885    i.RegionCommonComputeSymbolTimeFsk  regioncommon.o
    0x0800b46c   0x0800b46c   0x0000002c   Code   RO         7886    i.RegionCommonComputeSymbolTimeLoRa  regioncommon.o
    0x0800b498   0x0800b498   0x0000006c   Code   RO         7887    i.RegionCommonComputeTxPower  regioncommon.o
    0x0800b504   0x0800b504   0x00000044   Code   RO         7888    i.RegionCommonCountChannels  regioncommon.o
    0x0800b548   0x0800b548   0x00000014   Code   RO         7889    i.RegionCommonGetJoinDc  regioncommon.o
    0x0800b55c   0x0800b55c   0x00000098   Code   RO         7890    i.RegionCommonLinkAdrReqVerifyParams  regioncommon.o
    0x0800b5f4   0x0800b5f4   0x00000036   Code   RO         7891    i.RegionCommonParseLinkAdrReq  regioncommon.o
    0x0800b62a   0x0800b62a   0x0000000a   Code   RO         7892    i.RegionCommonSetBandTxDone  regioncommon.o
    0x0800b634   0x0800b634   0x000000be   Code   RO         7893    i.RegionCommonUpdateBandTimeOff  regioncommon.o
    0x0800b6f2   0x0800b6f2   0x00000010   Code   RO         7894    i.RegionCommonValueInRange  regioncommon.o
    0x0800b702   0x0800b702   0x0000001a   Code   RO         7036    i.RegionComputeRxWindowParameters  region.o
    0x0800b71c   0x0800b71c   0x00000012   Code   RO         7037    i.RegionDlChannelReq  region.o
    0x0800b72e   0x0800b72e   0x00000014   Code   RO         7038    i.RegionGetPhyParam  region.o
    0x0800b742   0x0800b742   0x0000000e   Code   RO         7039    i.RegionInitDefaults  region.o
    0x0800b750   0x0800b750   0x0000000c   Code   RO         7040    i.RegionIsActive    region.o
    0x0800b75c   0x0800b75c   0x00000022   Code   RO         7041    i.RegionLinkAdrReq  region.o
    0x0800b77e   0x0800b77e   0x00000012   Code   RO         7042    i.RegionNewChannelReq  region.o
    0x0800b790   0x0800b790   0x0000001e   Code   RO         7043    i.RegionNextChannel  region.o
    0x0800b7ae   0x0800b7ae   0x00000002   PAD
    0x0800b7b0   0x0800b7b0   0x00000094   Code   RO         8840    i.RegionRU864AdrNext  regionru864.o
    0x0800b844   0x0800b844   0x0000002e   Code   RO         8841    i.RegionRU864AlternateDr  regionru864.o
    0x0800b872   0x0800b872   0x0000007c   Code   RO         8842    i.RegionRU864ApplyCFList  regionru864.o
    0x0800b8ee   0x0800b8ee   0x0000000e   Code   RO         8843    i.RegionRU864ApplyDrOffset  regionru864.o
    0x0800b8fc   0x0800b8fc   0x00000038   Code   RO         8844    i.RegionRU864CalcBackOff  regionru864.o
    0x0800b934   0x0800b934   0x0000002c   Code   RO         8845    i.RegionRU864ChanMaskSet  regionru864.o
    0x0800b960   0x0800b960   0x000000d4   Code   RO         8846    i.RegionRU864ChannelAdd  regionru864.o
    0x0800ba34   0x0800ba34   0x00000030   Code   RO         8847    i.RegionRU864ChannelsRemove  regionru864.o
    0x0800ba64   0x0800ba64   0x00000064   Code   RO         8848    i.RegionRU864ComputeRxWindowParameters  regionru864.o
    0x0800bac8   0x0800bac8   0x00000038   Code   RO         8849    i.RegionRU864DlChannelReq  regionru864.o
    0x0800bb00   0x0800bb00   0x000000d4   Code   RO         8850    i.RegionRU864GetPhyParam  regionru864.o
    0x0800bbd4   0x0800bbd4   0x0000006c   Code   RO         8851    i.RegionRU864InitDefaults  regionru864.o
    0x0800bc40   0x0800bc40   0x00000148   Code   RO         8852    i.RegionRU864LinkAdrReq  regionru864.o
    0x0800bd88   0x0800bd88   0x00000048   Code   RO         8853    i.RegionRU864NewChannelReq  regionru864.o
    0x0800bdd0   0x0800bdd0   0x000000b4   Code   RO         8854    i.RegionRU864NextChannel  regionru864.o
    0x0800be84   0x0800be84   0x00000184   Code   RO         8855    i.RegionRU864RxConfig  regionru864.o
    0x0800c008   0x0800c008   0x00000044   Code   RO         8856    i.RegionRU864RxParamSetupReq  regionru864.o
    0x0800c04c   0x0800c04c   0x00000028   Code   RO         8857    i.RegionRU864SetBandTxDone  regionru864.o
    0x0800c074   0x0800c074   0x00000048   Code   RO         8858    i.RegionRU864SetContinuousWave  regionru864.o
    0x0800c0bc   0x0800c0bc   0x000001e0   Code   RO         8859    i.RegionRU864TxConfig  regionru864.o
    0x0800c29c   0x0800c29c   0x00000006   Code   RO         8860    i.RegionRU864TxParamSetupReq  regionru864.o
    0x0800c2a2   0x0800c2a2   0x0000004c   Code   RO         8861    i.RegionRU864Verify  regionru864.o
    0x0800c2ee   0x0800c2ee   0x00000016   Code   RO         7044    i.RegionRxConfig    region.o
    0x0800c304   0x0800c304   0x00000012   Code   RO         7045    i.RegionRxParamSetupReq  region.o
    0x0800c316   0x0800c316   0x0000000e   Code   RO         7046    i.RegionSetBandTxDone  region.o
    0x0800c324   0x0800c324   0x0000000e   Code   RO         7047    i.RegionSetContinuousWave  region.o
    0x0800c332   0x0800c332   0x0000001a   Code   RO         7048    i.RegionTxConfig    region.o
    0x0800c34c   0x0800c34c   0x00000012   Code   RO         7049    i.RegionTxParamSetupReq  region.o
    0x0800c35e   0x0800c35e   0x00000016   Code   RO         7050    i.RegionVerify      region.o
    0x0800c374   0x0800c374   0x00000088   Code   RO         9206    i.ResetMacParameters  loramac.o
    0x0800c3fc   0x0800c3fc   0x00000094   Code   RO          270    i.RxChainCalibration  sx1276.o
    0x0800c490   0x0800c490   0x00000018   Code   RO         9207    i.RxWindowSetup     loramac.o
    0x0800c4a8   0x0800c4a8   0x00000038   Code   RO          676    i.SDA_IN            iic.o
    0x0800c4e0   0x0800c4e0   0x00000038   Code   RO          677    i.SDA_OUT           iic.o
    0x0800c518   0x0800c518   0x000000b2   Code   RO         1498    i.SPI_WaitOnFlagUntilTimeout  stm32l0xx_hal_spi.o
    0x0800c5ca   0x0800c5ca   0x00000002   Code   RO         5558    i.SVC_Handler       stm32l0xx_it.o
    0x0800c5cc   0x0800c5cc   0x0000000c   Code   RO          271    i.SX1276BoardInit   sx1276.o
    0x0800c5d8   0x0800c5d8   0x00000004   Code   RO         1338    i.SX1276CheckRfFrequency  sx1276mb1las.o
    0x0800c5dc   0x0800c5dc   0x0000000c   Code   RO         1339    i.SX1276GetPaSelect  sx1276mb1las.o
    0x0800c5e8   0x0800c5e8   0x00000014   Code   RO          272    i.SX1276GetRadioWakeUpTime  sx1276.o
    0x0800c5fc   0x0800c5fc   0x0000000c   Code   RO          273    i.SX1276GetStatus   sx1276.o
    0x0800c608   0x0800c608   0x000001e4   Code   RO          274    i.SX1276GetTimeOnAir  sx1276.o
    0x0800c7ec   0x0800c7ec   0x00000004   Code   RO         1340    i.SX1276GetWakeTime  sx1276mb1las.o
    0x0800c7f0   0x0800c7f0   0x0000008c   Code   RO          275    i.SX1276Init        sx1276.o
    0x0800c87c   0x0800c87c   0x00000054   Code   RO         1341    i.SX1276IoDeInit    sx1276mb1las.o
    0x0800c8d0   0x0800c8d0   0x00000064   Code   RO         1342    i.SX1276IoInit      sx1276mb1las.o
    0x0800c934   0x0800c934   0x00000048   Code   RO         1343    i.SX1276IoIrqInit   sx1276mb1las.o
    0x0800c97c   0x0800c97c   0x0000004e   Code   RO          276    i.SX1276IsChannelFree  sx1276.o
    0x0800c9ca   0x0800c9ca   0x00000002   PAD
    0x0800c9cc   0x0800c9cc   0x00000304   Code   RO          277    i.SX1276OnDio0Irq   sx1276.o
    0x0800ccd0   0x0800ccd0   0x00000110   Code   RO          278    i.SX1276OnDio1Irq   sx1276.o
    0x0800cde0   0x0800cde0   0x000000b4   Code   RO          279    i.SX1276OnDio2Irq   sx1276.o
    0x0800ce94   0x0800ce94   0x00000054   Code   RO          280    i.SX1276OnDio3Irq   sx1276.o
    0x0800cee8   0x0800cee8   0x0000001c   Code   RO          281    i.SX1276OnDio4Irq   sx1276.o
    0x0800cf04   0x0800cf04   0x000000c8   Code   RO          283    i.SX1276OnTimeoutIrq  sx1276.o
    0x0800cfcc   0x0800cfcc   0x0000003e   Code   RO          284    i.SX1276Random      sx1276.o
    0x0800d00a   0x0800d00a   0x00000010   Code   RO          285    i.SX1276Read        sx1276.o
    0x0800d01a   0x0800d01a   0x00000042   Code   RO          286    i.SX1276ReadBuffer  sx1276.o
    0x0800d05c   0x0800d05c   0x0000000e   Code   RO          287    i.SX1276ReadFifo    sx1276.o
    0x0800d06a   0x0800d06a   0x00000002   PAD
    0x0800d06c   0x0800d06c   0x00000044   Code   RO          288    i.SX1276ReadRssi    sx1276.o
    0x0800d0b0   0x0800d0b0   0x00000050   Code   RO          289    i.SX1276Reset       sx1276.o
    0x0800d100   0x0800d100   0x000000f0   Code   RO          290    i.SX1276Send        sx1276.o
    0x0800d1f0   0x0800d1f0   0x0000001c   Code   RO         1344    i.SX1276SetAntSw    sx1276mb1las.o
    0x0800d20c   0x0800d20c   0x00000044   Code   RO         1345    i.SX1276SetAntSwLowPower  sx1276mb1las.o
    0x0800d250   0x0800d250   0x00000050   Code   RO          291    i.SX1276SetChannel  sx1276.o
    0x0800d2a0   0x0800d2a0   0x00000030   Code   RO          292    i.SX1276SetMaxPayloadLength  sx1276.o
    0x0800d2d0   0x0800d2d0   0x00000070   Code   RO          293    i.SX1276SetModem    sx1276.o
    0x0800d340   0x0800d340   0x0000005c   Code   RO          294    i.SX1276SetOpMode   sx1276.o
    0x0800d39c   0x0800d39c   0x00000024   Code   RO          295    i.SX1276SetPublicNetwork  sx1276.o
    0x0800d3c0   0x0800d3c0   0x000000a0   Code   RO         1346    i.SX1276SetRfTxPower  sx1276mb1las.o
    0x0800d460   0x0800d460   0x00000200   Code   RO          296    i.SX1276SetRx       sx1276.o
    0x0800d660   0x0800d660   0x00000288   Code   RO          297    i.SX1276SetRxConfig  sx1276.o
    0x0800d8e8   0x0800d8e8   0x00000034   Code   RO          298    i.SX1276SetSleep    sx1276.o
    0x0800d91c   0x0800d91c   0x00000024   Code   RO          299    i.SX1276SetStby     sx1276.o
    0x0800d940   0x0800d940   0x000000b0   Code   RO          300    i.SX1276SetTx       sx1276.o
    0x0800d9f0   0x0800d9f0   0x000001fc   Code   RO          301    i.SX1276SetTxConfig  sx1276.o
    0x0800dbec   0x0800dbec   0x0000007c   Code   RO          302    i.SX1276SetTxContinuousWave  sx1276.o
    0x0800dc68   0x0800dc68   0x00000002   Code   RO         1347    i.SX1276SetXO       sx1276mb1las.o
    0x0800dc6a   0x0800dc6a   0x00000002   PAD
    0x0800dc6c   0x0800dc6c   0x00000038   Code   RO          303    i.SX1276StartCad    sx1276.o
    0x0800dca4   0x0800dca4   0x0000000c   Code   RO          304    i.SX1276Write       sx1276.o
    0x0800dcb0   0x0800dcb0   0x00000042   Code   RO          305    i.SX1276WriteBuffer  sx1276.o
    0x0800dcf2   0x0800dcf2   0x0000000e   Code   RO          306    i.SX1276WriteFifo   sx1276.o
    0x0800dd00   0x0800dd00   0x00000148   Code   RO         9208    i.ScheduleTx        loramac.o
    0x0800de48   0x0800de48   0x000005a8   Code   RO         5183    i.Send              main.o
    0x0800e3f0   0x0800e3f0   0x00000040   Code   RO         9209    i.Send              loramac.o
    0x0800e430   0x0800e430   0x0000018c   Code   RO         9210    i.SendFrameOnChannel  loramac.o
    0x0800e5bc   0x0800e5bc   0x00000054   Code   RO         9211    i.SetTxContinuousWave  loramac.o
    0x0800e610   0x0800e610   0x0000003c   Code   RO         9212    i.SetTxContinuousWave1  loramac.o
    0x0800e64c   0x0800e64c   0x00000340   Code   RO         6577    i.Store_Config      lora.o
    0x0800e98c   0x0800e98c   0x00000070   Code   RO         6578    i.Store_key         lora.o
    0x0800e9fc   0x0800e9fc   0x00000008   Code   RO         5559    i.SysTick_Handler   stm32l0xx_it.o
    0x0800ea04   0x0800ea04   0x0000008c   Code   RO         5456    i.SystemClock_Config  stm32l0xx_hw.o
    0x0800ea90   0x0800ea90   0x00000054   Code   RO         1427    i.SystemInit        system_stm32l0xx.o
    0x0800eae4   0x0800eae4   0x00000008   Code   RO         5560    i.TIM21_IRQHandler  stm32l0xx_it.o
    0x0800eaec   0x0800eaec   0x00000010   Code   RO          219    i.TIMER_IRQHandler  iwdg.o
    0x0800eafc   0x0800eafc   0x00000060   Code   RO         3466    i.TIM_Base_SetConfig  stm32l0xx_hal_tim.o
    0x0800eb5c   0x0800eb5c   0x00000016   Code   RO         3467    i.TIM_CCxChannelCmd  stm32l0xx_hal_tim.o
    0x0800eb72   0x0800eb72   0x00000002   PAD
    0x0800eb74   0x0800eb74   0x0000005c   Code   RO         3481    i.TIM_TI1_SetConfig  stm32l0xx_hal_tim.o
    0x0800ebd0   0x0800ebd0   0x00000034   Code   RO         3483    i.TIM_TI2_SetConfig  stm32l0xx_hal_tim.o
    0x0800ec04   0x0800ec04   0x0000000c   Code   RO         9639    i.TimerGetCurrentTime  timeserver.o
    0x0800ec10   0x0800ec10   0x00000018   Code   RO         9640    i.TimerGetElapsedTime  timeserver.o
    0x0800ec28   0x0800ec28   0x0000000e   Code   RO         9641    i.TimerInit         timeserver.o
    0x0800ec36   0x0800ec36   0x00000002   PAD
    0x0800ec38   0x0800ec38   0x0000001c   Code   RO         9642    i.TimerInsertNewHeadTimer  timeserver.o
    0x0800ec54   0x0800ec54   0x00000078   Code   RO         9643    i.TimerIrqHandler   timeserver.o
    0x0800eccc   0x0800eccc   0x0000002c   Code   RO         9645    i.TimerSetTimeout   timeserver.o
    0x0800ecf8   0x0800ecf8   0x00000022   Code   RO         9646    i.TimerSetValue     timeserver.o
    0x0800ed1a   0x0800ed1a   0x00000002   PAD
    0x0800ed1c   0x0800ed1c   0x00000070   Code   RO         9647    i.TimerStart        timeserver.o
    0x0800ed8c   0x0800ed8c   0x00000060   Code   RO         9648    i.TimerStop         timeserver.o
    0x0800edec   0x0800edec   0x00000024   Code   RO         9782    i.TraceInit         trace.o
    0x0800ee10   0x0800ee10   0x00000088   Code   RO         9783    i.TraceSend         trace.o
    0x0800ee98   0x0800ee98   0x00000048   Code   RO         9784    i.Trace_TxCpltCallback  trace.o
    0x0800eee0   0x0800eee0   0x000000ca   Code   RO         1734    i.UART_AdvFeatureConfig  stm32l0xx_hal_uart.o
    0x0800efaa   0x0800efaa   0x00000002   PAD
    0x0800efac   0x0800efac   0x00000060   Code   RO         1735    i.UART_CheckIdleState  stm32l0xx_hal_uart.o
    0x0800f00c   0x0800f00c   0x00000014   Code   RO         1736    i.UART_DMAAbortOnError  stm32l0xx_hal_uart.o
    0x0800f020   0x0800f020   0x0000004a   Code   RO         1737    i.UART_DMAError     stm32l0xx_hal_uart.o
    0x0800f06a   0x0800f06a   0x00000030   Code   RO         1742    i.UART_DMATransmitCplt  stm32l0xx_hal_uart.o
    0x0800f09a   0x0800f09a   0x0000000a   Code   RO         1744    i.UART_DMATxHalfCplt  stm32l0xx_hal_uart.o
    0x0800f0a4   0x0800f0a4   0x0000001e   Code   RO         1746    i.UART_EndRxTransfer  stm32l0xx_hal_uart.o
    0x0800f0c2   0x0800f0c2   0x00000012   Code   RO         1747    i.UART_EndTxTransfer  stm32l0xx_hal_uart.o
    0x0800f0d4   0x0800f0d4   0x0000007e   Code   RO         1748    i.UART_Receive_IT   stm32l0xx_hal_uart.o
    0x0800f152   0x0800f152   0x00000002   PAD
    0x0800f154   0x0800f154   0x00000230   Code   RO         1749    i.UART_SetConfig    stm32l0xx_hal_uart.o
    0x0800f384   0x0800f384   0x00000066   Code   RO         1750    i.UART_Transmit_IT  stm32l0xx_hal_uart.o
    0x0800f3ea   0x0800f3ea   0x00000062   Code   RO         1751    i.UART_WaitOnFlagUntilTimeout  stm32l0xx_hal_uart.o
    0x0800f44c   0x0800f44c   0x00000010   Code   RO         5561    i.USART1_IRQHandler  stm32l0xx_it.o
    0x0800f45c   0x0800f45c   0x00000048   Code   RO         9213    i.ValidatePayloadLength  loramac.o
    0x0800f4a4   0x0800f4a4   0x00000030   Code   RO         8862    i.VerifyTxFreq      regionru864.o
    0x0800f4d4   0x0800f4d4   0x0000002c   Code   RO        10057    i.__0vsnprintf      mc_p.l(printfa.o)
    0x0800f500   0x0800f500   0x0000002e   Code   RO        10227    i.__ARM_clz         mf_p.l(depilogue.o)
    0x0800f52e   0x0800f52e   0x00000030   Code   RO         5111    i.__ARM_common_ll_muluu  hw_rtc.o
    0x0800f55e   0x0800f55e   0x0000001a   Code   RO          503    i.__ARM_common_switch8  sx1276.o
    0x0800f578   0x0800f578   0x0000002c   Code   RO        10155    i.__ARM_fpclassify  m_ps.l(fpclassify.o)
    0x0800f5a4   0x0800f5a4   0x00000022   Code   RO        10157    i.__ARM_fpclassifyf  m_ps.l(fpclassifyf.o)
    0x0800f5c6   0x0800f5c6   0x00000012   Code   RO          574    i.__ARM_isinff      filter.o
    0x0800f5d8   0x0800f5d8   0x0000000e   Code   RO          575    i.__ARM_isnanf      filter.o
    0x0800f5e6   0x0800f5e6   0x00000002   PAD
    0x0800f5e8   0x0800f5e8   0x00000008   Code   RO        10205    i.__aeabi_errno_addr  mc_p.l(errno.o)
    0x0800f5f0   0x0800f5f0   0x000000ac   Code   RO        10173    i.__kernel_poly     m_ps.l(poly.o)
    0x0800f69c   0x0800f69c   0x0000000a   Code   RO        10142    i.__mathlib_dbl_infnan  m_ps.l(dunder.o)
    0x0800f6a6   0x0800f6a6   0x00000008   Code   RO        10143    i.__mathlib_dbl_infnan2  m_ps.l(dunder.o)
    0x0800f6ae   0x0800f6ae   0x00000010   Code   RO        10144    i.__mathlib_dbl_invalid  m_ps.l(dunder.o)
    0x0800f6be   0x0800f6be   0x00000002   PAD
    0x0800f6c0   0x0800f6c0   0x00000014   Code   RO        10147    i.__mathlib_dbl_underflow  m_ps.l(dunder.o)
    0x0800f6d4   0x0800f6d4   0x0000000a   Code   RO        10160    i.__mathlib_flt_infnan  m_ps.l(funder.o)
    0x0800f6de   0x0800f6de   0x0000000c   Code   RO        10162    i.__mathlib_flt_invalid  m_ps.l(funder.o)
    0x0800f6ea   0x0800f6ea   0x0000000e   Code   RO        10165    i.__mathlib_flt_underflow  m_ps.l(funder.o)
    0x0800f6f8   0x0800f6f8   0x00000180   Code   RO        10176    i.__mathlib_rredf2  m_ps.l(rredf.o)
    0x0800f878   0x0800f878   0x0000000e   Code   RO        10273    i.__scatterload_copy  mc_p.l(handlers.o)
    0x0800f886   0x0800f886   0x00000002   Code   RO        10274    i.__scatterload_null  mc_p.l(handlers.o)
    0x0800f888   0x0800f888   0x0000000e   Code   RO        10275    i.__scatterload_zeroinit  mc_p.l(handlers.o)
    0x0800f896   0x0800f896   0x00000002   PAD
    0x0800f898   0x0800f898   0x0000000c   Code   RO        10207    i.__set_errno       mc_p.l(errno.o)
    0x0800f8a4   0x0800f8a4   0x00000174   Code   RO        10059    i._fp_digits        mc_p.l(printfa.o)
    0x0800fa18   0x0800fa18   0x000006ec   Code   RO        10060    i._printf_core      mc_p.l(printfa.o)
    0x08010104   0x08010104   0x00000020   Code   RO        10061    i._printf_post_padding  mc_p.l(printfa.o)
    0x08010124   0x08010124   0x0000002c   Code   RO        10062    i._printf_pre_padding  mc_p.l(printfa.o)
    0x08010150   0x08010150   0x00000016   Code   RO        10063    i._snputc           mc_p.l(printfa.o)
    0x08010166   0x08010166   0x00000054   Code   RO         9878    i.aes_encrypt       aes.o
    0x080101ba   0x080101ba   0x00000002   PAD
    0x080101bc   0x080101bc   0x000000fc   Code   RO         9879    i.aes_set_key       aes.o
    0x080102b8   0x080102b8   0x00000274   Code   RO         9967    i.asin              m_ps.l(asin.o)
    0x0801052c   0x0801052c   0x00000014   Code   RO         5764    i.at_ACE_get        at.o
    0x08010540   0x08010540   0x00000060   Code   RO         5765    i.at_ACE_set        at.o
    0x080105a0   0x080105a0   0x00000022   Code   RO         5766    i.at_ADR_get        at.o
    0x080105c2   0x080105c2   0x0000002a   Code   RO         5767    i.at_ADR_set        at.o
    0x080105ec   0x080105ec   0x0000000e   Code   RO         5768    i.at_AppEUI_get     at.o
    0x080105fa   0x080105fa   0x00000024   Code   RO         5769    i.at_AppEUI_set     at.o
    0x0801061e   0x0801061e   0x0000000e   Code   RO         5770    i.at_AppKey_get     at.o
    0x0801062c   0x0801062c   0x00000026   Code   RO         5771    i.at_AppKey_set     at.o
    0x08010652   0x08010652   0x0000000e   Code   RO         5772    i.at_AppSKey_get    at.o
    0x08010660   0x08010660   0x00000026   Code   RO         5773    i.at_AppSKey_set    at.o
    0x08010686   0x08010686   0x00000002   PAD
    0x08010688   0x08010688   0x00000028   Code   RO         5774    i.at_BAT_get        at.o
    0x080106b0   0x080106b0   0x0000000e   Code   RO         5775    i.at_CAL            at.o
    0x080106be   0x080106be   0x00000002   PAD
    0x080106c0   0x080106c0   0x00000114   Code   RO         5776    i.at_CFG_run        at.o
    0x080107d4   0x080107d4   0x0000000e   Code   RO         5779    i.at_CHS_get        at.o
    0x080107e2   0x080107e2   0x00000002   PAD
    0x080107e4   0x080107e4   0x00000038   Code   RO         5780    i.at_CHS_set        at.o
    0x0801081c   0x0801081c   0x00000030   Code   RO         5781    i.at_DEBUG_run      at.o
    0x0801084c   0x0801084c   0x00000024   Code   RO         5782    i.at_DataRate_get   at.o
    0x08010870   0x08010870   0x00000060   Code   RO         5783    i.at_DataRate_set   at.o
    0x080108d0   0x080108d0   0x0000000a   Code   RO         5784    i.at_DevAddr_get    at.o
    0x080108da   0x080108da   0x00000024   Code   RO         5785    i.at_DevAddr_set    at.o
    0x080108fe   0x080108fe   0x0000000e   Code   RO         5786    i.at_DevEUI_get     at.o
    0x0801090c   0x0801090c   0x00000024   Code   RO         5787    i.at_DevEUI_set     at.o
    0x08010930   0x08010930   0x00000030   Code   RO         5788    i.at_DeviceClass_get  at.o
    0x08010960   0x08010960   0x0000005c   Code   RO         5789    i.at_DeviceClass_set  at.o
    0x080109bc   0x080109bc   0x00000020   Code   RO         5790    i.at_DownlinkCounter_get  at.o
    0x080109dc   0x080109dc   0x00000028   Code   RO         5791    i.at_DownlinkCounter_set  at.o
    0x08010a04   0x08010a04   0x0000002c   Code   RO         5792    i.at_DutyCycle_get  at.o
    0x08010a30   0x08010a30   0x0000001e   Code   RO         5793    i.at_DutyCycle_set  at.o
    0x08010a4e   0x08010a4e   0x00000002   PAD
    0x08010a50   0x08010a50   0x00000028   Code   RO         5796    i.at_FDR            at.o
    0x08010a78   0x08010a78   0x0000000a   Code   RO         5797    i.at_Join           at.o
    0x08010a82   0x08010a82   0x00000020   Code   RO         5798    i.at_JoinAcceptDelay1_get  at.o
    0x08010aa2   0x08010aa2   0x00000002   PAD
    0x08010aa4   0x08010aa4   0x0000005c   Code   RO         5799    i.at_JoinAcceptDelay1_set  at.o
    0x08010b00   0x08010b00   0x00000020   Code   RO         5800    i.at_JoinAcceptDelay2_get  at.o
    0x08010b20   0x08010b20   0x0000005c   Code   RO         5801    i.at_JoinAcceptDelay2_set  at.o
    0x08010b7c   0x08010b7c   0x00000014   Code   RO         5802    i.at_KAT_get        at.o
    0x08010b90   0x08010b90   0x0000005c   Code   RO         5803    i.at_KAT_set        at.o
    0x08010bec   0x08010bec   0x00000014   Code   RO         5804    i.at_MOD_get        at.o
    0x08010c00   0x08010c00   0x0000007c   Code   RO         5805    i.at_MOD_set        at.o
    0x08010c7c   0x08010c7c   0x00000020   Code   RO         5806    i.at_NMEA353_get    at.o
    0x08010c9c   0x08010c9c   0x00000038   Code   RO         5807    i.at_NMEA353_set    at.o
    0x08010cd4   0x08010cd4   0x00000020   Code   RO         5808    i.at_NMEA886_get    at.o
    0x08010cf4   0x08010cf4   0x00000028   Code   RO         5809    i.at_NMEA886_set    at.o
    0x08010d1c   0x08010d1c   0x00000054   Code   RO         5810    i.at_NetworkID_get  at.o
    0x08010d70   0x08010d70   0x00000030   Code   RO         5811    i.at_NetworkID_set  at.o
    0x08010da0   0x08010da0   0x00000014   Code   RO         5812    i.at_NetworkJoinMode_get  at.o
    0x08010db4   0x08010db4   0x0000004c   Code   RO         5813    i.at_NetworkJoinMode_set  at.o
    0x08010e00   0x08010e00   0x00000028   Code   RO         5814    i.at_NetworkJoinStatus  at.o
    0x08010e28   0x08010e28   0x0000000e   Code   RO         5815    i.at_NwkSKey_get    at.o
    0x08010e36   0x08010e36   0x00000026   Code   RO         5816    i.at_NwkSKey_set    at.o
    0x08010e5c   0x08010e5c   0x00000028   Code   RO         5817    i.at_PDOP_get       at.o
    0x08010e84   0x08010e84   0x0000006c   Code   RO         5818    i.at_PDOP_set       at.o
    0x08010ef0   0x08010ef0   0x00000022   Code   RO         5819    i.at_PublicNetwork_get  at.o
    0x08010f12   0x08010f12   0x0000002a   Code   RO         5820    i.at_PublicNetwork_set  at.o
    0x08010f3c   0x08010f3c   0x00000014   Code   RO         5821    i.at_RJTDC_get      at.o
    0x08010f50   0x08010f50   0x00000060   Code   RO         5822    i.at_RJTDC_set      at.o
    0x08010fb0   0x08010fb0   0x00000014   Code   RO         5823    i.at_RPL_get        at.o
    0x08010fc4   0x08010fc4   0x00000060   Code   RO         5824    i.at_RPL_set        at.o
    0x08011024   0x08011024   0x00000044   Code   RO         5825    i.at_Receive        at.o
    0x08011068   0x08011068   0x00000050   Code   RO         5826    i.at_ReceiveBinary  at.o
    0x080110b8   0x080110b8   0x00000020   Code   RO         5827    i.at_Rx1Delay_get   at.o
    0x080110d8   0x080110d8   0x00000028   Code   RO         5828    i.at_Rx1Delay_set   at.o
    0x08011100   0x08011100   0x00000022   Code   RO         5829    i.at_Rx2DataRate_get  at.o
    0x08011122   0x08011122   0x00000002   PAD
    0x08011124   0x08011124   0x00000040   Code   RO         5830    i.at_Rx2DataRate_set  at.o
    0x08011164   0x08011164   0x00000020   Code   RO         5831    i.at_Rx2Delay_get   at.o
    0x08011184   0x08011184   0x00000028   Code   RO         5832    i.at_Rx2Delay_set   at.o
    0x080111ac   0x080111ac   0x00000020   Code   RO         5833    i.at_Rx2Frequency_get  at.o
    0x080111cc   0x080111cc   0x0000003c   Code   RO         5834    i.at_Rx2Frequency_set  at.o
    0x08011208   0x08011208   0x00000098   Code   RO         5835    i.at_Send           at.o
    0x080112a0   0x080112a0   0x000000cc   Code   RO         5836    i.at_SendBinary     at.o
    0x0801136c   0x0801136c   0x00000014   Code   RO         5837    i.at_TDC_get        at.o
    0x08011380   0x08011380   0x0000005c   Code   RO         5838    i.at_TDC_set        at.o
    0x080113dc   0x080113dc   0x00000024   Code   RO         5839    i.at_TransmitPower_get  at.o
    0x08011400   0x08011400   0x00000064   Code   RO         5840    i.at_TransmitPower_set  at.o
    0x08011464   0x08011464   0x00000020   Code   RO         5841    i.at_UplinkCounter_get  at.o
    0x08011484   0x08011484   0x00000028   Code   RO         5842    i.at_UplinkCounter_set  at.o
    0x080114ac   0x080114ac   0x00000014   Code   RO         5843    i.at_ack_get        at.o
    0x080114c0   0x080114c0   0x0000001e   Code   RO         5844    i.at_ack_set        at.o
    0x080114de   0x080114de   0x0000000e   Code   RO         5845    i.at_application_port_get  at.o
    0x080114ec   0x080114ec   0x00000028   Code   RO         5846    i.at_application_port_set  at.o
    0x08011514   0x08011514   0x00000014   Code   RO         5847    i.at_ftime_get      at.o
    0x08011528   0x08011528   0x00000024   Code   RO         5848    i.at_ftime_set      at.o
    0x0801154c   0x0801154c   0x00000198   Code   RO         5849    i.at_hardware_ic_get  at.o
    0x080116e4   0x080116e4   0x00000044   Code   RO         5850    i.at_hardware_ic_set  at.o
    0x08011728   0x08011728   0x00000014   Code   RO         5851    i.at_isack_get      at.o
    0x0801173c   0x0801173c   0x00000014   Code   RO         5852    i.at_loggps_get     at.o
    0x08011750   0x08011750   0x00000024   Code   RO         5853    i.at_loggps_set     at.o
    0x08011774   0x08011774   0x00000014   Code   RO         5854    i.at_lon_get        at.o
    0x08011788   0x08011788   0x00000020   Code   RO         5855    i.at_lon_set        at.o
    0x080117a8   0x080117a8   0x00000044   Code   RO         5856    i.at_md_get         at.o
    0x080117ec   0x080117ec   0x0000007c   Code   RO         5857    i.at_md_set         at.o
    0x08011868   0x08011868   0x00000014   Code   RO         5858    i.at_mlon_get       at.o
    0x0801187c   0x0801187c   0x00000020   Code   RO         5859    i.at_mlon_set       at.o
    0x0801189c   0x0801189c   0x00000004   Code   RO         5860    i.at_reset          at.o
    0x080118a0   0x080118a0   0x00000004   Code   RO         5861    i.at_return_error   at.o
    0x080118a4   0x080118a4   0x0000000e   Code   RO         5863    i.at_rssi_get       at.o
    0x080118b2   0x080118b2   0x00000002   PAD
    0x080118b4   0x080118b4   0x00000014   Code   RO         5864    i.at_sgm_get        at.o
    0x080118c8   0x080118c8   0x00000038   Code   RO         5865    i.at_sgm_set        at.o
    0x08011900   0x08011900   0x0000000e   Code   RO         5866    i.at_snr_get        at.o
    0x0801190e   0x0801190e   0x00000002   PAD
    0x08011910   0x08011910   0x00000014   Code   RO         5867    i.at_symbtimeout1LSB_get  at.o
    0x08011924   0x08011924   0x0000002c   Code   RO         5868    i.at_symbtimeout1LSB_set  at.o
    0x08011950   0x08011950   0x00000014   Code   RO         5869    i.at_symbtimeout2LSB_get  at.o
    0x08011964   0x08011964   0x0000002c   Code   RO         5870    i.at_symbtimeout2LSB_set  at.o
    0x08011990   0x08011990   0x0000001c   Code   RO         5871    i.at_version_get    at.o
    0x080119ac   0x080119ac   0x0000021c   Code   RO        10132    i.atan              m_ps.l(atan.o)
    0x08011bc8   0x08011bc8   0x00000178   Code   RO         9977    i.atan2             m_ps.l(atan2.o)
    0x08011d40   0x08011d40   0x00000060   Code   RO          948    i.calibrate1        mpu9250.o
    0x08011da0   0x08011da0   0x00000160   Code   RO          949    i.calibrate2        mpu9250.o
    0x08011f00   0x08011f00   0x000000c8   Code   RO         9985    i.ceil              m_ps.l(ceil.o)
    0x08011fc8   0x08011fc8   0x00000010   Code   RO         9483    i.certif_DownLinkIncrement  lora-test.o
    0x08011fd8   0x08011fd8   0x00000014   Code   RO         9484    i.certif_linkCheck  lora-test.o
    0x08011fec   0x08011fec   0x0000000c   Code   RO         9485    i.certif_running    lora-test.o
    0x08011ff8   0x08011ff8   0x000001e0   Code   RO         9486    i.certif_rx         lora-test.o
    0x080121d8   0x080121d8   0x000000ac   Code   RO         9487    i.certif_tx         lora-test.o
    0x08012284   0x08012284   0x000000ac   Code   RO         5872    i.changeform        at.o
    0x08012330   0x08012330   0x0000003c   Code   RO          766    i.check             gps.o
    0x0801236c   0x0801236c   0x0000001c   Code   RO         6499    i.com_error         command.o
    0x08012388   0x08012388   0x00000084   Code   RO         9880    i.copy_and_key      aes.o
    0x0801240c   0x0801240c   0x00000042   Code   RO         9881    i.copy_block        aes.o
    0x0801244e   0x0801244e   0x0000003c   Code   RO          767    i.copytxdata        gps.o
    0x0801248a   0x0801248a   0x00000002   PAD
    0x0801248c   0x0801248c   0x00000178   Code   RO         9989    i.cosf              m_ps.l(cosf.o)
    0x08012604   0x08012604   0x0000000c   Code   RO         6579    i.customize_freq1_get  lora.o
    0x08012610   0x08012610   0x0000000c   Code   RO         6580    i.customize_freq1_set  lora.o
    0x0801261c   0x0801261c   0x00000098   Code   RO         6583    i.fdr_config        lora.o
    0x080126b4   0x080126b4   0x000000c8   Code   RO         9997    i.floor             m_ps.l(floor.o)
    0x0801277c   0x0801277c   0x00000088   Code   RO         5184    i.gps_Identify      main.o
    0x08012804   0x08012804   0x0000000c   Code   RO         6584    i.gps_state_no      lora.o
    0x08012810   0x08012810   0x0000000c   Code   RO         6585    i.gps_state_off     lora.o
    0x0801281c   0x0801281c   0x0000000c   Code   RO         6586    i.gps_state_on      lora.o
    0x08012828   0x08012828   0x00000034   Code   RO         5185    i.invSqrt           main.o
    0x0801285c   0x0801285c   0x0000005c   Code   RO          220    i.iwdg_init         iwdg.o
    0x080128b8   0x080128b8   0x00000064   Code   RO         6587    i.key_printf        lora.o
    0x0801291c   0x0801291c   0x00000008   Code   RO         6588    i.lora_config_appeui_get  lora.o
    0x08012924   0x08012924   0x00000014   Code   RO         6589    i.lora_config_appeui_set  lora.o
    0x08012938   0x08012938   0x00000008   Code   RO         6590    i.lora_config_appkey_get  lora.o
    0x08012940   0x08012940   0x00000014   Code   RO         6591    i.lora_config_appkey_set  lora.o
    0x08012954   0x08012954   0x0000000c   Code   RO         6592    i.lora_config_application_port_get  lora.o
    0x08012960   0x08012960   0x0000000c   Code   RO         6593    i.lora_config_application_port_set  lora.o
    0x0801296c   0x0801296c   0x00000008   Code   RO         6594    i.lora_config_appskey_get  lora.o
    0x08012974   0x08012974   0x00000014   Code   RO         6595    i.lora_config_appskey_set  lora.o
    0x08012988   0x08012988   0x00000048   Code   RO         6596    i.lora_config_devaddr_get  lora.o
    0x080129d0   0x080129d0   0x0000000c   Code   RO         6597    i.lora_config_devaddr_set  lora.o
    0x080129dc   0x080129dc   0x00000008   Code   RO         6598    i.lora_config_deveui_get  lora.o
    0x080129e4   0x080129e4   0x00000014   Code   RO         6599    i.lora_config_deveui_set  lora.o
    0x080129f8   0x080129f8   0x0000000c   Code   RO         6600    i.lora_config_duty_cycle_get  lora.o
    0x08012a04   0x08012a04   0x00000018   Code   RO         6601    i.lora_config_duty_cycle_set  lora.o
    0x08012a1c   0x08012a1c   0x00000018   Code   RO         6602    i.lora_config_isack_get  lora.o
    0x08012a34   0x08012a34   0x00000008   Code   RO         6603    i.lora_config_nwkskey_get  lora.o
    0x08012a3c   0x08012a3c   0x00000014   Code   RO         6604    i.lora_config_nwkskey_set  lora.o
    0x08012a50   0x08012a50   0x0000000c   Code   RO         6605    i.lora_config_otaa_get  lora.o
    0x08012a5c   0x08012a5c   0x0000000c   Code   RO         6606    i.lora_config_otaa_set  lora.o
    0x08012a68   0x08012a68   0x0000000c   Code   RO         6607    i.lora_config_reqack_get  lora.o
    0x08012a74   0x08012a74   0x0000000c   Code   RO         6608    i.lora_config_reqack_set  lora.o
    0x08012a80   0x08012a80   0x0000000c   Code   RO         6609    i.lora_config_rssi_get  lora.o
    0x08012a8c   0x08012a8c   0x0000000c   Code   RO         6610    i.lora_config_snr_get  lora.o
    0x08012a98   0x08012a98   0x0000000c   Code   RO         6612    i.lora_config_tx_datarate_set  lora.o
    0x08012aa4   0x08012aa4   0x0000000c   Code   RO         6613    i.lora_getGPSState  lora.o
    0x08012ab0   0x08012ab0   0x0000000c   Code   RO         6614    i.lora_getState     lora.o
    0x08012abc   0x08012abc   0x000005b4   Code   RO         5186    i.lora_send         main.o
    0x08013070   0x08013070   0x0000000c   Code   RO         6616    i.lora_state_GPS_Send  lora.o
    0x0801307c   0x0801307c   0x00000028   Code   RO         6617    i.lora_state_INT    lora.o
    0x080130a4   0x080130a4   0x0000000c   Code   RO         6618    i.lora_state_Led    lora.o
    0x080130b0   0x080130b0   0x00000170   Code   RO         5187    i.main              main.o
    0x08013220   0x08013220   0x00000016   Code   RO         9724    i.memcpy1           utilities.o
    0x08013236   0x08013236   0x0000001a   Code   RO         9725    i.memcpyr           utilities.o
    0x08013250   0x08013250   0x00000012   Code   RO         9726    i.memset1           utilities.o
    0x08013262   0x08013262   0x00000002   PAD
    0x08013264   0x08013264   0x00000218   Code   RO         9882    i.mix_sub_columns   aes.o
    0x0801347c   0x0801347c   0x0000000a   Code   RO          769    i.my_atof           gps.o
    0x08013486   0x08013486   0x00000048   Code   RO          770    i.my_atoi           gps.o
    0x080134ce   0x080134ce   0x00000002   PAD
    0x080134d0   0x080134d0   0x0000011c   Code   RO          771    i.my_strtod         gps.o
    0x080135ec   0x080135ec   0x00000050   Code   RO         6621    i.new_firmware_update  lora.o
    0x0801363c   0x0801363c   0x000000c8   Code   RO         6500    i.parse_cmd         command.o
    0x08013704   0x08013704   0x00000060   Code   RO         4864    i.powerLED          bsp.o
    0x08013764   0x08013764   0x0000004c   Code   RO         5873    i.print_16_02x      at.o
    0x080137b0   0x080137b0   0x00000058   Code   RO         5874    i.print_8_02x       at.o
    0x08013808   0x08013808   0x0000001c   Code   RO         5875    i.print_d           at.o
    0x08013824   0x08013824   0x0000001c   Code   RO         5876    i.print_u           at.o
    0x08013840   0x08013840   0x00000044   Code   RO         6501    i.printf_all_config  command.o
    0x08013884   0x08013884   0x000000c8   Code   RO         9214    i.printf_joinmessage  loramac.o
    0x0801394c   0x0801394c   0x00000324   Code   RO         5188    i.printf_uplink     main.o
    0x08013c70   0x08013c70   0x0000002c   Code   RO         9727    i.rand1             utilities.o
    0x08013c9c   0x08013c9c   0x00000016   Code   RO         9728    i.randr             utilities.o
    0x08013cb2   0x08013cb2   0x0000007e   Code   RO         6622    i.read_data         lora.o
    0x08013d30   0x08013d30   0x00000018   Code   RO         6623    i.region_printf     lora.o
    0x08013d48   0x08013d48   0x0000009c   Code   RO        10000    i.round             m_ps.l(round.o)
    0x08013de4   0x08013de4   0x000000b4   Code   RO         5189    i.send_ALARM_data   main.o
    0x08013e98   0x08013e98   0x00000114   Code   RO         5190    i.send_data         main.o
    0x08013fac   0x08013fac   0x00000018   Code   RO         5191    i.send_exti         main.o
    0x08013fc4   0x08013fc4   0x00000018   Code   RO         5192    i.send_moin         main.o
    0x08013fdc   0x08013fdc   0x00000078   Code   RO          773    i.send_setting      gps.o
    0x08014054   0x08014054   0x00000024   Code   RO         5877    i.set_at_receive    at.o
    0x08014078   0x08014078   0x00000068   Code   RO         9883    i.shift_sub_rows    aes.o
    0x080140e0   0x080140e0   0x00000036   Code   RO          774    i.split             gps.o
    0x08014116   0x08014116   0x00000002   PAD
    0x08014118   0x08014118   0x00000048   Code   RO        10003    i.sqrt              m_ps.l(sqrt.o)
    0x08014160   0x08014160   0x0000000c   Code   RO         9729    i.srand1            utilities.o
    0x0801416c   0x0801416c   0x00000074   Code   RO         5878    i.sscanf_16_hhx     at.o
    0x080141e0   0x080141e0   0x0000007c   Code   RO         5879    i.sscanf_8_hhx      at.o
    0x0801425c   0x0801425c   0x0000006c   Code   RO         5880    i.sscanf_uint32_as_hhx  at.o
    0x080142c8   0x080142c8   0x000000c8   Code   RO         6624    i.store_data        lora.o
    0x08014390   0x08014390   0x00000038   Code   RO         6625    i.string_touint     lora.o
    0x080143c8   0x080143c8   0x00000170   Code   RO        10011    i.tanf              m_ps.l(tanf.o)
    0x08014538   0x08014538   0x000000b0   Code   RO         5193    i.timing            main.o
    0x080145e8   0x080145e8   0x00000014   Code   RO         6976    i.tiny_sscanf       tiny_sscanf.o
    0x080145fc   0x080145fc   0x00000254   Code   RO         6977    i.tiny_vfscanf      tiny_sscanf.o
    0x08014850   0x08014850   0x0000002c   Code   RO         5881    i.translate_status  at.o
    0x0801487c   0x0801487c   0x00000058   Code   RO         1089    i.usart1_IRQHandler  bsp_usart2.o
    0x080148d4   0x080148d4   0x00000040   Code   RO         1090    i.usart1_Init       bsp_usart2.o
    0x08014914   0x08014914   0x00000054   Code   RO         1092    i.usart1_IoInit     bsp_usart2.o
    0x08014968   0x08014968   0x000001ec   Code   RO         5194    i.user_key_event    main.o
    0x08014b54   0x08014b54   0x00000010   Code   RO         5677    i.vcom_DMA_TX_IRQHandler  vcom.o
    0x08014b64   0x08014b64   0x00000010   Code   RO         5679    i.vcom_IRQHandler   vcom.o
    0x08014b74   0x08014b74   0x0000003c   Code   RO         5680    i.vcom_Init         vcom.o
    0x08014bb0   0x08014bb0   0x00000060   Code   RO         5682    i.vcom_IoInit       vcom.o
    0x08014c10   0x08014c10   0x0000002c   Code   RO         5683    i.vcom_ReceiveInit  vcom.o
    0x08014c3c   0x08014c3c   0x00000014   Code   RO         5684    i.vcom_Trace        vcom.o
    0x08014c50   0x08014c50   0x00000082   Code   RO         9884    i.xor_block         aes.o
    0x08014cd2   0x08014cd2   0x00000002   PAD
    0x08014cd4   0x08014cd4   0x000000e0   Data   RO          308    .constdata          sx1276.o
    0x08014db4   0x08014db4   0x00000068   Data   RO         1348    .constdata          sx1276mb1las.o
    0x08014e1c   0x08014e1c   0x00000019   Data   RO         1428    .constdata          system_stm32l0xx.o
    0x08014e35   0x08014e35   0x00000008   Data   RO         1429    .constdata          system_stm32l0xx.o
    0x08014e3d   0x08014e3d   0x00000018   Data   RO         5021    .constdata          hw_rtc.o
    0x08014e55   0x08014e55   0x00000003   PAD
    0x08014e58   0x08014e58   0x000005b0   Data   RO         6503    .constdata          command.o
    0x08015408   0x08015408   0x00000074   Data   RO         8864    .constdata          regionru864.o
    0x0801547c   0x0801547c   0x00000010   Data   RO         9216    .constdata          loramac.o
    0x0801548c   0x0801548c   0x00000300   Data   RO         9885    .constdata          aes.o
    0x0801578c   0x0801578c   0x00000004   PAD
    0x08015790   0x08015790   0x00000050   Data   RO         9968    .constdata          m_ps.l(asin.o)
    0x080157e0   0x080157e0   0x00000098   Data   RO        10133    .constdata          m_ps.l(atan.o)
    0x08015878   0x08015878   0x00000008   Data   RO        10175    .constdata          m_ps.l(qnan.o)
    0x08015880   0x08015880   0x00000020   Data   RO        10177    .constdata          m_ps.l(rredf.o)
    0x080158a0   0x080158a0   0x00000081   Data   RO        10239    .constdata          mc_p.l(ctype_o.o)
    0x08015921   0x08015921   0x00000003   PAD
    0x08015924   0x08015924   0x00000004   Data   RO        10240    .constdata          mc_p.l(ctype_o.o)
    0x08015928   0x08015928   0x000000a4   Data   RO         5884    .conststring        at.o
    0x080159cc   0x080159cc   0x0000117a   Data   RO         6504    .conststring        command.o
    0x08016b46   0x08016b46   0x00000002   PAD
    0x08016b48   0x08016b48   0x00000020   Data   RO        10271    Region$$Table       anon$$obj.o


    Execution Region RW_IRAM1 (Exec base: 0x20000000, Load base: 0x08016b68, Size: 0x00002660, Max: 0x00005000, ABSOLUTE, COMPRESSED[0x000000f8])

    Exec Addr    Load Addr    Size         Type   Attr      Idx    E Section Name        Object

    0x20000000   COMPRESSED   0x00000008   Data   RW            9    .data               flash_eraseprogram.o
    0x20000008   COMPRESSED   0x0000000c   Data   RW          222    .data               iwdg.o
    0x20000014   COMPRESSED   0x00000020   Data   RW          309    .data               sx1276.o
    0x20000034   COMPRESSED   0x000000c0   Data   RW          576    .data               filter.o
    0x200000f4   COMPRESSED   0x0000002c   Data   RW          776    .data               gps.o
    0x20000120   COMPRESSED   0x00000044   Data   RW          951    .data               mpu9250.o
    0x20000164   COMPRESSED   0x00000002   Data   RW         1096    .data               bsp_usart2.o
    0x20000166   COMPRESSED   0x00000002   PAD
    0x20000168   COMPRESSED   0x0000001c   Data   RW         1349    .data               sx1276mb1las.o
    0x20000184   COMPRESSED   0x00000004   Data   RW         1430    .data               system_stm32l0xx.o
    0x20000188   COMPRESSED   0x00000004   Data   RW         2468    .data               stm32l0xx_hal.o
    0x2000018c   COMPRESSED   0x00000006   Data   RW         4865    .data               bsp.o
    0x20000192   COMPRESSED   0x00000004   Data   RW         5022    .data               hw_rtc.o
    0x20000196   COMPRESSED   0x00000002   PAD
    0x20000198   COMPRESSED   0x000001a8   Data   RW         5197    .data               main.o
    0x20000340   COMPRESSED   0x00000001   Data   RW         5199    .data               main.o
    0x20000341   COMPRESSED   0x00000001   Data   RW         5200    .data               main.o
    0x20000342   COMPRESSED   0x00000001   Data   RW         5201    .data               main.o
    0x20000343   COMPRESSED   0x00000001   Data   RW         5202    .data               main.o
    0x20000344   COMPRESSED   0x00000001   Data   RW         5203    .data               main.o
    0x20000345   COMPRESSED   0x00000001   PAD
    0x20000346   COMPRESSED   0x00000002   Data   RW         5204    .data               main.o
    0x20000348   COMPRESSED   0x00000002   Data   RW         5210    .data               main.o
    0x2000034a   COMPRESSED   0x00000002   Data   RW         5458    .data               stm32l0xx_hw.o
    0x2000034c   COMPRESSED   0x00000002   Data   RW         5563    .data               stm32l0xx_it.o
    0x2000034e   COMPRESSED   0x00000002   PAD
    0x20000350   COMPRESSED   0x0000000c   Data   RW         5686    .data               vcom.o
    0x2000035c   COMPRESSED   0x00000038   Data   RW         5885    .data               at.o
    0x20000394   COMPRESSED   0x00000002   Data   RW         5886    .data               at.o
    0x20000396   COMPRESSED   0x00000002   PAD
    0x20000398   COMPRESSED   0x00000004   Data   RW         5887    .data               at.o
    0x2000039c   COMPRESSED   0x00000008   Data   RW         6505    .data               command.o
    0x200003a4   COMPRESSED   0x00000088   Data   RW         6627    .data               lora.o
    0x2000042c   COMPRESSED   0x00000002   Data   RW         6628    .data               lora.o
    0x2000042e   COMPRESSED   0x00000002   PAD
    0x20000430   COMPRESSED   0x00000014   Data   RW         8865    .data               regionru864.o
    0x20000444   COMPRESSED   0x0000007c   Data   RW         9219    .data               loramac.o
    0x200004c0   COMPRESSED   0x00000020   Data   RW         9430    .data               loramaccrypto.o
    0x200004e0   COMPRESSED   0x00000002   Data   RW         9489    .data               lora-test.o
    0x200004e2   COMPRESSED   0x00000002   PAD
    0x200004e4   COMPRESSED   0x00000008   Data   RW         9573    .data               low_power_manager.o
    0x200004ec   COMPRESSED   0x00000004   Data   RW         9649    .data               timeserver.o
    0x200004f0   COMPRESSED   0x00000004   Data   RW         9730    .data               utilities.o
    0x200004f4   COMPRESSED   0x00000001   Data   RW         9786    .data               trace.o
    0x200004f5   COMPRESSED   0x00000003   PAD
    0x200004f8   COMPRESSED   0x00000004   Data   RW        10208    .data               mc_p.l(errno.o)
    0x200004fc        -       0x0000000c   Zero   RW            8    .bss                flash_eraseprogram.o
    0x20000508        -       0x00000048   Zero   RW          221    .bss                iwdg.o
    0x20000550        -       0x000001a4   Zero   RW          307    .bss                sx1276.o
    0x200006f4        -       0x0000003c   Zero   RW          678    .bss                iic.o
    0x20000730        -       0x000008d8   Zero   RW          775    .bss                gps.o
    0x20001008        -       0x00000264   Zero   RW         1094    .bss                bsp_usart2.o
    0x2000126c        -       0x00000018   Zero   RW         4743    .bss                stm32l0xx_hal_flash.o
    0x20001284        -       0x00000040   Zero   RW         4958    .bss                hw_gpio.o
    0x200012c4        -       0x00000068   Zero   RW         5020    .bss                hw_rtc.o
    0x2000132c        -       0x00000058   Zero   RW         5127    .bss                hw_spi.o
    0x20001384        -       0x00000100   Zero   RW         5195    .bss                main.o
    0x20001484        -       0x000000b4   Zero   RW         5196    .bss                main.o
    0x20001538        -       0x00000060   Zero   RW         5457    .bss                stm32l0xx_hw.o
    0x20001598        -       0x000000b0   Zero   RW         5685    .bss                vcom.o
    0x20001648        -       0x00000040   Zero   RW         5882    .bss                at.o
    0x20001688        -       0x000000ff   Zero   RW         5883    .bss                at.o
    0x20001787        -       0x00000080   Zero   RW         6502    .bss                command.o
    0x20001807   COMPRESSED   0x00000001   PAD
    0x20001808        -       0x00000128   Zero   RW         6626    .bss                lora.o
    0x20001930        -       0x00000060   Zero   RW         8863    .bss                regionru864.o
    0x20001990        -       0x00000470   Zero   RW         9215    .bss                loramac.o
    0x20001e00        -       0x0000022c   Zero   RW         9429    .bss                loramaccrypto.o
    0x2000202c        -       0x00000110   Zero   RW         9488    .bss                lora-test.o
    0x2000213c        -       0x00000120   Zero   RW         9785    .bss                trace.o
    0x2000225c   COMPRESSED   0x00000004   PAD
    0x20002260        -       0x00000400   Zero   RW         4848    STACK               startup_stm32l072xx.o


==============================================================================

Image component sizes


      Code (inc. data)   RO Data    RW Data    ZI Data      Debug   Object Name

      1304         12        768          0          0      14580   aes.o
      6080       1610        164         62        319      74021   at.o
       440         32          0          6          0       4970   bsp.o
       236         28          0          2        612       3331   bsp_usart2.o
       554          0          0          0          0       4549   cmac.o
       428         56       5930          8        128       4666   command.o
        98          4          0          0          0       1415   debug.o
         8          0          0          0          0       1158   delay.o
      1952        132          0        192          0      16259   filter.o
       348        134          0          8         12     455999   flash_eraseprogram.o
        88         12          0          0          0       1265   gpio_exti.o
      4144        780          0         44       2264      20430   gps.o
       234         26          0          0         64       3961   hw_gpio.o
       938         98         24          4        104      12061   hw_rtc.o
       372         24          0          0         88       3259   hw_spi.o
       736         26          0          0         60       8098   iic.o
       376         74          0         12         72       4070   iwdg.o
       748         86          0          2        272       7469   lora-test.o
      4272        884          0        138        296      37460   lora.o
      8640        960         16        124       1136      49988   loramac.o
       604         42          0         32        556       7939   loramaccrypto.o
       178         22          0          8          0       5494   low_power_manager.o
     11240       1426          0        433        436      36566   main.o
      1646         98          0         68          0      15744   mpu9250.o
       918          8          0          0          0       6098   queue.o
       426          0          0          0          0      30305   region.o
         0          0          0          0          0      13872   regionas923.o
         0          0          0          0          0       1224   regionau915.o
      1086         30          0          0          0      15422   regioncommon.o
      3120        412        116         20         96      28762   regionru864.o
        28          8        192          0       1024        656   startup_stm32l072xx.o
       108         30          0          4          0       4808   stm32l0xx_hal.o
      1026         36          0          0          0       7332   stm32l0xx_hal_adc.o
       170          0          0          0          0       1654   stm32l0xx_hal_adc_ex.o
        96         14          0          0          0      10284   stm32l0xx_hal_cortex.o
      1164         20          0          0          0       5086   stm32l0xx_hal_dma.o
       396         54          0          0         24       4202   stm32l0xx_hal_flash.o
       304         50          0          0          0       5436   stm32l0xx_hal_flash_ex.o
       442         38          0          0          0       4743   stm32l0xx_hal_gpio.o
       116         20          0          0          0       2027   stm32l0xx_hal_iwdg.o
       242         20          0          0          0       4464   stm32l0xx_hal_msp.o
       116         22          0          0          0       2046   stm32l0xx_hal_pwr.o
        32          8          0          0          0       1233   stm32l0xx_hal_pwr_ex.o
      1772        114          0          0          0       7304   stm32l0xx_hal_rcc.o
       844         56          0          0          0       3613   stm32l0xx_hal_rcc_ex.o
      1514         26          0          0          0      10488   stm32l0xx_hal_rtc.o
        60          0          0          0          0       1311   stm32l0xx_hal_rtc_ex.o
      1008          0          0          0          0       4675   stm32l0xx_hal_spi.o
      1176         36          0          0          0      13584   stm32l0xx_hal_tim.o
        30          0          0          0          0       1272   stm32l0xx_hal_tim_ex.o
      2332        106          0          0          0      16880   stm32l0xx_hal_uart.o
       196          4          0          0          0       3040   stm32l0xx_hal_uart_ex.o
       876        132          0          2         96       8548   stm32l0xx_hw.o
       310         40          0          2          0       8609   stm32l0xx_it.o
      5618        418        224         32        420      45230   sx1276.o
       534         60        104         28          0      12989   sx1276mb1las.o
        84         18         33          4          0       1731   system_stm32l0xx.o
       484         18          0          4          0       8383   timeserver.o
       616         22          0          0          0       4534   tiny_sscanf.o
       244         28          0          1        288       4539   trace.o
       144         24          0          4          0       4883   utilities.o
       540         80          0         12        176       6292   vcom.o

    ----------------------------------------------------------------------
     73926       8518       7612       1272       8548    1112311   Object Totals
         0          0         32          0          0          0   (incl. Generated)
        90          0          9         16          5          0   (incl. Padding)

    ----------------------------------------------------------------------

      Code (inc. data)   RO Data    RW Data    ZI Data      Debug   Library Member Name

       628         54         80          0          0        104   asin.o
       540         68        152          0          0        112   atan.o
       376         42          0          0          0        144   atan2.o
       200         20          0          0          0         76   ceil.o
       376         58          0          0          0        104   cosf.o
        54          6          0          0          0        272   dunder.o
       200         20          0          0          0         76   floor.o
        44          4          0          0          0         60   fpclassify.o
        34          0          0          0          0         60   fpclassifyf.o
        36          0          0          0          0        204   funder.o
       172          0          0          0          0         76   poly.o
         0          0          8          0          0          0   qnan.o
       156         14          0          0          0         84   round.o
       384         18         32          0          0         88   rredf.o
        72          6          0          0          0         76   sqrt.o
       368         56          0          0          0        100   tanf.o
        60         10          0          0          0         84   __0sscanf.o
        86          0          0          0          0          0   __dczerorl2.o
        30          0          0          0          0         60   _chval.o
       824         12          0          0          0         84   _scanf.o
       330          0          0          0          0         84   _scanf_int.o
        68          0          0          0          0         76   _sgetc.o
       166          0          0          0          0         84   _strtoul.o
        26          0          0          0          0         72   atoi.o
         8          4        133          0          0         60   ctype_o.o
         0          0          0          0          0          0   entry.o
         0          0          0          0          0          0   entry10a.o
         0          0          0          0          0          0   entry11a.o
         8          4          0          0          0          0   entry2.o
         4          0          0          0          0          0   entry5.o
         0          0          0          0          0          0   entry7b.o
         0          0          0          0          0          0   entry8b.o
         8          4          0          0          0          0   entry9a.o
        20         10          0          4          0        120   errno.o
        30          0          0          0          0          0   handlers.o
        40          0          0          0          0         72   idiv.o
        36          8          0          0          0         68   init.o
        18          0          0          0          0         68   isspace_o.o
         0          0          0          0          0          0   iusefp.o
       122          0          0          0          0         84   llmul.o
        32          0          0          0          0         68   llshl.o
        38          0          0          0          0         68   llsshr.o
        34          0          0          0          0         68   llushr.o
        36          0          0          0          0         60   memcpya.o
        36          0          0          0          0        100   memseta.o
      2286         94          0          0          0        460   printfa.o
        44          8          0          0          0         84   scanf_char.o
        28          0          0          0          0         68   strcmp.o
        18          0          0          0          0         60   strcpy.o
        14          0          0          0          0         60   strlen.o
        30          0          0          0          0         72   strncmp.o
        26          0          0          0          0         68   strncpy.o
        40          0          0          0          0         72   strstr.o
       112          4          0          0          0         76   strtol.o
        44          0          0          0          0         72   uidiv.o
        96          0          0          0          0         84   uldiv.o
        20          0          0          0          0         60   uread4.o
        40          2          0          0          0         68   cdcmple.o
        40          2          0          0          0         68   cdrcmple.o
        20          0          0          0          0         68   cfcmple.o
        20          0          0          0          0         68   cfrcmple.o
        56          0          0          0          0         68   d2f.o
       356          4          0          0          0        140   dadd.o
       240          6          0          0          0         84   ddiv.o
       236          0          0          0          0        216   depilogue.o
        72         10          0          0          0         72   dfixi.o
        60         10          0          0          0         68   dfixui.o
        64         10          0          0          0         68   dfixul.o
        40          6          0          0          0         68   dflti.o
        28          4          0          0          0         68   dfltui.o
       208          6          0          0          0         88   dmul.o
       124         10          0          0          0         76   drnd.o
        44          0          0          0          0         72   dscalb.o
       162          0          0          0          0         80   dsqrt.o
        40          0          0          0          0         60   f2d.o
       178          0          0          0          0        108   fadd.o
       124          0          0          0          0         72   fdiv.o
       130          0          0          0          0        144   fepilogue.o
        50          0          0          0          0         60   ffixi.o
        40          0          0          0          0         60   ffixui.o
        22          0          0          0          0         68   fflti.o
        14          0          0          0          0         68   ffltui.o
       122          0          0          0          0         72   fmul.o
        62          0          0          0          0         68   frnd.o
        24          0          0          0          0         60   fscalb.o

    ----------------------------------------------------------------------
     11086        594        408          4          0       6532   Library Totals
        12          0          3          0          0          0   (incl. Padding)

    ----------------------------------------------------------------------

      Code (inc. data)   RO Data    RW Data    ZI Data      Debug   Library Name

      3640        366        272          0          0       1636   m_ps.l
      4818        158        133          4          0       2616   mc_p.l
      2616         70          0          0          0       2280   mf_p.l

    ----------------------------------------------------------------------
     11086        594        408          4          0       6532   Library Totals

    ----------------------------------------------------------------------

==============================================================================


      Code (inc. data)   RO Data    RW Data    ZI Data      Debug   

     85012       9112       8020       1276       8548    1086827   Grand Totals
     85012       9112       8020        248       8548    1086827   ELF Image Totals (compressed)
     85012       9112       8020        248          0          0   ROM Totals

==============================================================================

    Total RO  Size (Code + RO Data)                93032 (  90.85kB)
    Total RW  Size (RW Data + ZI Data)              9824 (   9.59kB)
    Total ROM Size (Code + RO Data + RW Data)      93280 (  91.09kB)

==============================================================================

